Archive member included to satisfy reference by file (symbol)

C:/Program Files/SEGGER/SEGGER Embedded Studio for ARM 7.10/lib/libc_v7em_fpv4_sp_d16_hard_t_le_eabi_balanced.a(fileops.o)
                              Output/Release/Obj/adafruit_tag_reader_pca10040/main.o (puts)
C:/Program Files/SEGGER/SEGGER Embedded Studio for ARM 7.10/lib/libc_v7em_fpv4_sp_d16_hard_t_le_eabi_balanced.a(intasmops_arm.o)
                              Output/Release/Obj/adafruit_tag_reader_pca10040/bsp.o (__aeabi_ldivmod)
C:/Program Files/SEGGER/SEGGER Embedded Studio for ARM 7.10/lib/libc_v7em_fpv4_sp_d16_hard_t_le_eabi_balanced.a(mbops.o)
                              Output/Release/Obj/adafruit_tag_reader_pca10040/nrf_log_str_formatter.o (isprint)
C:/Program Files/SEGGER/SEGGER Embedded Studio for ARM 7.10/lib/libc_v7em_fpv4_sp_d16_hard_t_le_eabi_balanced.a(sortops.o)
                              C:/Program Files/SEGGER/SEGGER Embedded Studio for ARM 7.10/lib/libc_v7em_fpv4_sp_d16_hard_t_le_eabi_balanced.a(mbops.o) (bsearch)
C:/Program Files/SEGGER/SEGGER Embedded Studio for ARM 7.10/lib/libc_v7em_fpv4_sp_d16_hard_t_le_eabi_balanced.a(strasmops_arm.o)
                              Output/Release/Obj/adafruit_tag_reader_pca10040/SEGGER_RTT.o (strcpy)
C:/Program Files/SEGGER/SEGGER Embedded Studio for ARM 7.10/lib/libc_v7em_fpv4_sp_d16_hard_t_le_eabi_balanced.a(strops.o)
                              Output/Release/Obj/adafruit_tag_reader_pca10040/adafruit_pn532.o (memcmp)
C:/Program Files/SEGGER/SEGGER Embedded Studio for ARM 7.10/lib/libc_v7em_fpv4_sp_d16_hard_t_le_eabi_balanced.a(timeops.o)
                              C:/Program Files/SEGGER/SEGGER Embedded Studio for ARM 7.10/lib/libc_v7em_fpv4_sp_d16_hard_t_le_eabi_balanced.a(mbops.o) (__SEGGER_RTL_string_list_encode)
C:/Program Files/SEGGER/SEGGER Embedded Studio for ARM 7.10/lib/libc_v7em_fpv4_sp_d16_hard_t_le_eabi_balanced.a(prinops.o)
                              Output/Release/Obj/adafruit_tag_reader_pca10040/main.o (snprintf)
C:/Program Files/SEGGER/SEGGER Embedded Studio for ARM 7.10/lib/libc_v7em_fpv4_sp_d16_hard_t_le_eabi_balanced.a(__SEGGER_RTL_vfprintf_long.o)
                              (__SEGGER_RTL_vfprintf_long)
C:/Program Files/SEGGER/SEGGER Embedded Studio for ARM 7.10/lib/libc_v7em_fpv4_sp_d16_hard_t_le_eabi_balanced.a(__SEGGER_RTL_vfscanf_long.o)
                              (__SEGGER_RTL_vfscanf_long)
C:/Program Files/SEGGER/SEGGER Embedded Studio for ARM 7.10/lib/libc_v7em_fpv4_sp_d16_hard_t_le_eabi_balanced.a(errno.o)
                              C:/Program Files/SEGGER/SEGGER Embedded Studio for ARM 7.10/lib/libc_v7em_fpv4_sp_d16_hard_t_le_eabi_balanced.a(fileops.o) (__aeabi_errno_addr)
C:/Program Files/SEGGER/SEGGER Embedded Studio for ARM 7.10/lib/libc_v7em_fpv4_sp_d16_hard_t_le_eabi_balanced.a(execops.o)
                              C:/Program Files/SEGGER/SEGGER Embedded Studio for ARM 7.10/lib/libc_v7em_fpv4_sp_d16_hard_t_le_eabi_balanced.a(strops.o) (__SEGGER_RTL_constraint_violation)
C:/Program Files/SEGGER/SEGGER Embedded Studio for ARM 7.10/lib/libc_v7em_fpv4_sp_d16_hard_t_le_eabi_balanced.a(execops_arm.o)
                              C:/Program Files/SEGGER/SEGGER Embedded Studio for ARM 7.10/lib/libc_v7em_fpv4_sp_d16_hard_t_le_eabi_balanced.a(execops.o) (__aeabi_SIGABRT)
C:/Program Files/SEGGER/SEGGER Embedded Studio for ARM 7.10/lib/libc_v7em_fpv4_sp_d16_hard_t_le_eabi_balanced.a(floatasmops_arm.o)
                              C:/Program Files/SEGGER/SEGGER Embedded Studio for ARM 7.10/lib/libc_v7em_fpv4_sp_d16_hard_t_le_eabi_balanced.a(timeops.o) (__aeabi_i2d)
C:/Program Files/SEGGER/SEGGER Embedded Studio for ARM 7.10/lib/libc_v7em_fpv4_sp_d16_hard_t_le_eabi_balanced.a(intops.o)
                              C:/Program Files/SEGGER/SEGGER Embedded Studio for ARM 7.10/lib/libc_v7em_fpv4_sp_d16_hard_t_le_eabi_balanced.a(timeops.o) (div)
C:/Program Files/SEGGER/SEGGER Embedded Studio for ARM 7.10/lib/libc_v7em_fpv4_sp_d16_hard_t_le_eabi_balanced.a(utilops.o)
                              C:/Program Files/SEGGER/SEGGER Embedded Studio for ARM 7.10/lib/libc_v7em_fpv4_sp_d16_hard_t_le_eabi_balanced.a(__SEGGER_RTL_vfscanf_long.o) (__SEGGER_RTL_digit)
C:/Program Files/SEGGER/SEGGER Embedded Studio for ARM 7.10/lib/libc_v7em_fpv4_sp_d16_hard_t_le_eabi_balanced.a(convops.o)
                              C:/Program Files/SEGGER/SEGGER Embedded Studio for ARM 7.10/lib/libc_v7em_fpv4_sp_d16_hard_t_le_eabi_balanced.a(execops.o) (itoa)
C:/Program Files/SEGGER/SEGGER Embedded Studio for ARM 7.10/lib/libc_v7em_fpv4_sp_d16_hard_t_le_eabi_balanced.a(floatops.o)
                              C:/Program Files/SEGGER/SEGGER Embedded Studio for ARM 7.10/lib/libc_v7em_fpv4_sp_d16_hard_t_le_eabi_balanced.a(convops.o) (__SEGGER_RTL_float32_isinf)
C:/Program Files/SEGGER/SEGGER Embedded Studio for ARM 7.10/lib/prinops_rtt_v7em_fpv4_sp_d16_hard_t_le_eabi_balanced.a(prinops_rtt.o)
[...]
Memory Configuration

Name             Origin             Length             Attributes
UNPLACED_SECTIONS 0x0000000100000000 0x0000000000000000 xw
RAM1             0x0000000020000000 0x0000000000010000 xw
FLASH1           0x0000000000000000 0x0000000000080000 xw
*default*        0x0000000000000000 0xffffffffffffffff

Linker script and memory map

                0x00000000000068f8                __SEGGER_RTL_vfprintf = __SEGGER_RTL_vfprintf_long
                0x0000000000000000                __SEGGER_RTL_vfscanf = __SEGGER_RTL_vfscanf_long
                0x0000000020000000                __RAM1_segment_start__ = 0x20000000
                0x0000000020010000                __RAM1_segment_end__ = 0x20010000
                0x0000000000010000                __RAM1_segment_size__ = 0x10000
                0x0000000000000000                __FLASH1_segment_start__ = 0x0
                0x0000000000080000                __FLASH1_segment_end__ = 0x80000
                0x0000000000080000                __FLASH1_segment_size__ = 0x80000
                0x0000000000002000                __HEAPSIZE__ = 0x2000
                0x0000000000000000                __STACKSIZE_PROCESS__ = 0x0
                0x0000000000002000                __STACKSIZE__ = 0x2000
                0x0000000020000000                __vectors_ram_load_start__ = 0x20000000

.vectors_ram    0x0000000020000000        0x0
                0x0000000020000000                __vectors_ram_start__ = .
                0x0000000020000000                __app_ram_start__ = __vectors_ram_start__
 *(.vectors_ram .vectors_ram.*)
                0x0000000020000000                __vectors_ram_end__ = (__vectors_ram_start__ + SIZEOF (.vectors_ram))
                0x0000000000000000                __vectors_ram_size__ = SIZEOF (.vectors_ram)
                0x0000000020000000                __vectors_ram_load_end__ = __vectors_ram_end__
                0x0000000000000001                . = ASSERT (((__vectors_ram_start__ == __vectors_ram_end__) || ((__vectors_ram_end__ - __RAM1_segment_start__) <= __RAM1_segment_size__)), error: .vectors_ram is too large to fit in RAM1 memory segment)
                0x0000000020000000                __nrf_sections_run_load_start__ = ALIGN (__vectors_ram_end__, 0x4)

.nrf_sections_run
                0x0000000020000000        0x0
                0x0000000020000000                __nrf_sections_run_start__ = .
                0x0000000020000000                __start_nrf_sections_run = __nrf_sections_run_start__
 *(.nrf_sections_run .nrf_sections_run.*)
                0x0000000020000000                __nrf_sections_run_end__ = (__nrf_sections_run_start__ + SIZEOF (.nrf_sections_run))
                0x0000000000000000                __nrf_sections_run_size__ = SIZEOF (.nrf_sections_run)
                0x0000000020000000                __nrf_sections_run_load_end__ = __nrf_sections_run_end__
                0x0000000000000001                . = ASSERT (((__nrf_sections_run_start__ == __nrf_sections_run_end__) || ((__nrf_sections_run_end__ - __RAM1_segment_start__) <= __RAM1_segment_size__)), error: .nrf_sections_run is too large to fit in RAM1 memory segment)
                0x0000000000000000                __vectors_load_start__ = 0x0

.vectors        0x0000000000000000      0x200
                0x0000000000000000                __vectors_start__ = .
 *(.vectors .vectors.*)
 .vectors       0x0000000000000000      0x200 Output/Release/Obj/adafruit_tag_reader_pca10040/ses_startup_nrf52.o
                0x0000000000000000                _vectors
                0x0000000000000200                __vectors_end__ = (__vectors_start__ + SIZEOF (.vectors))
                0x0000000000000200                __vectors_size__ = SIZEOF (.vectors)
                0x0000000000000200                __vectors_load_end__ = __vectors_end__
                0x0000000000000001                . = ASSERT (((__vectors_start__ == __vectors_end__) || ((__vectors_end__ - __FLASH1_segment_start__) <= __FLASH1_segment_size__)), error: .vectors is too large to fit in FLASH1 memory segment)
                0x0000000000000200                __init_load_start__ = ALIGN (__vectors_end__, 0x4)

.init           0x0000000000000200      0x1cc
                0x0000000000000200                __init_start__ = .
 *(.init .init.*)
 .init          0x0000000000000200       0x18 Output/Release/Obj/adafruit_tag_reader_pca10040/ses_startup_nrf52.o
                0x0000000000000200                NMI_Handler
                0x0000000000000204                MemoryManagement_Handler
                0x0000000000000206                BusFault_Handler
                0x0000000000000208                UsageFault_Handler
                0x000000000000020a                SVC_Handler
                0x000000000000020c                DebugMon_Handler
                0x000000000000020e                PendSV_Handler
                0x0000000000000210                SysTick_Handler
                0x0000000000000212                PWM1_IRQHandler
                0x0000000000000212                SWI0_EGU0_IRQHandler
                0x0000000000000212                POWER_CLOCK_IRQHandler
                0x0000000000000212                RADIO_IRQHandler
                0x0000000000000212                PDM_IRQHandler
                0x0000000000000212                TEMP_IRQHandler
                0x0000000000000212                QDEC_IRQHandler
                0x0000000000000212                RTC0_IRQHandler
                0x0000000000000212                FPU_IRQHandler
                0x0000000000000212                SWI2_EGU2_IRQHandler
                0x0000000000000212                TIMER4_IRQHandler
                0x0000000000000212                I2S_IRQHandler
                0x0000000000000212                SWI4_EGU4_IRQHandler
                0x0000000000000212                TIMER0_IRQHandler
                0x0000000000000212                Dummy_Handler
                0x0000000000000212                TIMER1_IRQHandler
                0x0000000000000212                PWM2_IRQHandler
                0x0000000000000212                ECB_IRQHandler
                0x0000000000000212                SPIM1_SPIS1_TWIM1_TWIS1_SPI1_TWI1_IRQHandler
                0x0000000000000212                SAADC_IRQHandler
                0x0000000000000212                CCM_AAR_IRQHandler
                0x0000000000000212                WDT_IRQHandler
                0x0000000000000212                TIMER3_IRQHandler
                0x0000000000000212                SWI5_EGU5_IRQHandler
                0x0000000000000212                RNG_IRQHandler
                0x0000000000000212                RTC2_IRQHandler
                0x0000000000000212                PWM0_IRQHandler
                0x0000000000000212                SWI3_EGU3_IRQHandler
                0x0000000000000212                SWI1_EGU1_IRQHandler
                0x0000000000000212                SPIM2_SPIS2_SPI2_IRQHandler
                0x0000000000000212                NFCT_IRQHandler
                0x0000000000000212                TIMER2_IRQHandler
                0x0000000000000212                MWU_IRQHandler
                0x0000000000000212                COMP_LPCOMP_IRQHandler
                0x0000000000000214                nRFInitialize
 .init          0x0000000000000218       0x5c Output/Release/Obj/adafruit_tag_reader_pca10040/ses_startup_nrf_common.o
                0x0000000000000218                Reset_Handler
                0x000000000000021c                afterInitialize
                0x0000000000000240                InitializeUserMemorySections
 .init          0x0000000000000274      0x158 Output/Release/Obj/adafruit_tag_reader_pca10040/thumb_crt0.o
                0x0000000000000274                _start
                0x0000000000000322                exit
                0x00000000000003cc                __init_end__ = (__init_start__ + SIZEOF (.init))
                0x00000000000001cc                __init_size__ = SIZEOF (.init)
                0x00000000000003cc                __init_load_end__ = __init_end__
                0x0000000000000001                . = ASSERT (((__init_start__ == __init_end__) || ((__init_end__ - __FLASH1_segment_start__) <= __FLASH1_segment_size__)), error: .init is too large to fit in FLASH1 memory segment)
                0x00000000000003cc                __init_rodata_load_start__ = ALIGN (__init_end__, 0x4)

.init_rodata    0x00000000000003cc        0x0
                0x00000000000003cc                __init_rodata_start__ = .
 *(.init_rodata .init_rodata.*)
                0x00000000000003cc                __init_rodata_end__ = (__init_rodata_start__ + SIZEOF (.init_rodata))
                0x0000000000000000                __init_rodata_size__ = SIZEOF (.init_rodata)
                0x00000000000003cc                __init_rodata_load_end__ = __init_rodata_end__
                0x0000000000000001                . = ASSERT (((__init_rodata_start__ == __init_rodata_end__) || ((__init_rodata_end__ - __FLASH1_segment_start__) <= __FLASH1_segment_size__)), error: .init_rodata is too large to fit in FLASH1 memory segment)
                0x00000000000003cc                __text_load_start__ = ALIGN (__init_rodata_end__, 0x4)

.text           0x00000000000003cc     0x6ac0
                0x00000000000003cc                __text_start__ = .
 *(.text .text.* .gnu.linkonce.t.* .glue_7t .glue_7 .gcc_except_table .ARM.extab* .gnu.linkonce.armextab.*)
 .glue_7        0x00000000000003cc        0x0 linker stubs
 .glue_7t       0x00000000000003cc        0x0 linker stubs
 .text.display_idle
                0x00000000000003cc       0x54 Output/Release/Obj/adafruit_tag_reader_pca10040/main.o
 .text.update_display_counter
                0x0000000000000420       0xa8 Output/Release/Obj/adafruit_tag_reader_pca10040/main.o
 .text.timer_handler
                0x00000000000004c8       0x30 Output/Release/Obj/adafruit_tag_reader_pca10040/main.o
 .text.save_eeprom
                0x00000000000004f8       0x84 Output/Release/Obj/adafruit_tag_reader_pca10040/main.o
 .text.read_eeprom
                0x000000000000057c       0x84 Output/Release/Obj/adafruit_tag_reader_pca10040/main.o
 .text.button_event_handler
                0x0000000000000600      0x160 Output/Release/Obj/adafruit_tag_reader_pca10040/main.o
 .text.utils_setup
                0x0000000000000760       0xa4 Output/Release/Obj/adafruit_tag_reader_pca10040/main.o
                0x0000000000000760                utils_setup
 .text.ndef_data_analyze
                0x0000000000000804       0x48 Output/Release/Obj/adafruit_tag_reader_pca10040/main.o
                0x0000000000000804                ndef_data_analyze
 .text.t2t_data_read
                0x000000000000084c       0x88 Output/Release/Obj/adafruit_tag_reader_pca10040/main.o
                0x000000000000084c                t2t_data_read
 .text.t2t_data_analyze
                0x00000000000008d4       0x70 Output/Release/Obj/adafruit_tag_reader_pca10040/main.o
                0x00000000000008d4                t2t_data_analyze
 .text.t2t_data_read_and_analyze
                0x0000000000000944       0x20 Output/Release/Obj/adafruit_tag_reader_pca10040/main.o
                0x0000000000000944                t2t_data_read_and_analyze
 .text.t4t_data_read_and_analyze
                0x0000000000000964      0x10c Output/Release/Obj/adafruit_tag_reader_pca10040/main.o
                0x0000000000000964                t4t_data_read_and_analyze
 .text.tag_type_identify
                0x0000000000000a70       0x16 Output/Release/Obj/adafruit_tag_reader_pca10040/main.o
                0x0000000000000a70                tag_type_identify
 *fill*         0x0000000000000a86        0x2 
 .text.i2c_init
                0x0000000000000a88       0x54 Output/Release/Obj/adafruit_tag_reader_pca10040/main.o
                0x0000000000000a88                i2c_init
 .text.pn532_init
                0x0000000000000adc        0xc Output/Release/Obj/adafruit_tag_reader_pca10040/main.o
                0x0000000000000adc                pn532_init
 .text.tag_detect_and_read
                0x0000000000000ae8       0x90 Output/Release/Obj/adafruit_tag_reader_pca10040/main.o
                0x0000000000000ae8                tag_detect_and_read
 .text.after_read_delay
                0x0000000000000b78       0x30 Output/Release/Obj/adafruit_tag_reader_pca10040/main.o
                0x0000000000000b78                after_read_delay
 .text.startup.main
                0x0000000000000ba8      0x350 Output/Release/Obj/adafruit_tag_reader_pca10040/main.o
                0x0000000000000ba8                main
 .text.nrf52_errata_12
                0x0000000000000ef8       0x1c Output/Release/Obj/adafruit_tag_reader_pca10040/system_nrf52.o
 .text.nrf52_errata_16
                0x0000000000000f14       0x28 Output/Release/Obj/adafruit_tag_reader_pca10040/system_nrf52.o
 .text.nvmc_wait
                0x0000000000000f3c       0x10 Output/Release/Obj/adafruit_tag_reader_pca10040/system_nrf52.o
                0x0000000000000f3c                nvmc_wait
 .text.SystemInit
                0x0000000000000f4c      0x298 Output/Release/Obj/adafruit_tag_reader_pca10040/system_nrf52.o
                0x0000000000000f4c                SystemInit
 .text.nrf_delay_ms.part.0
                0x00000000000011e4       0x1c Output/Release/Obj/adafruit_tag_reader_pca10040/adafruit_pn532.o
 .text.adafruit_pn532_tag_info_printout
                0x0000000000001200       0x70 Output/Release/Obj/adafruit_tag_reader_pca10040/adafruit_pn532.o
                0x0000000000001200                adafruit_pn532_tag_info_printout
 .text.adafruit_pn532_is_ready
                0x0000000000001270       0x1c Output/Release/Obj/adafruit_tag_reader_pca10040/adafruit_pn532.o
                0x0000000000001270                adafruit_pn532_is_ready
 .text.adafruit_pn532_waitready_ms
                0x000000000000128c       0x20 Output/Release/Obj/adafruit_tag_reader_pca10040/adafruit_pn532.o
                0x000000000000128c                adafruit_pn532_waitready_ms
 .text.adafruit_pn532_data_read
                0x00000000000012ac       0x54 Output/Release/Obj/adafruit_tag_reader_pca10040/adafruit_pn532.o
                0x00000000000012ac                adafruit_pn532_data_read
 .text.adafruit_pn532_ack_read
                0x0000000000001300       0x3c Output/Release/Obj/adafruit_tag_reader_pca10040/adafruit_pn532.o
                0x0000000000001300                adafruit_pn532_ack_read
 .text.adafruit_pn532_command_write
                0x000000000000133c       0x7c Output/Release/Obj/adafruit_tag_reader_pca10040/adafruit_pn532.o
                0x000000000000133c                adafruit_pn532_command_write
 .text.adafruit_pn532_cmd_send
                0x00000000000013b8       0x50 Output/Release/Obj/adafruit_tag_reader_pca10040/adafruit_pn532.o
                0x00000000000013b8                adafruit_pn532_cmd_send
 .text.adafruit_pn532_firmware_version_get
                0x0000000000001408       0x6c Output/Release/Obj/adafruit_tag_reader_pca10040/adafruit_pn532.o
                0x0000000000001408                adafruit_pn532_firmware_version_get
 .text.adafruit_pn532_sam_config
                0x0000000000001474       0x40 Output/Release/Obj/adafruit_tag_reader_pca10040/adafruit_pn532.o
                0x0000000000001474                adafruit_pn532_sam_config
 .text.adafruit_pn532_passive_activation_retries_set
                0x00000000000014b4       0x24 Output/Release/Obj/adafruit_tag_reader_pca10040/adafruit_pn532.o
                0x00000000000014b4                adafruit_pn532_passive_activation_retries_set
 .text.adafruit_pn532_init
                0x00000000000014d8       0x94 Output/Release/Obj/adafruit_tag_reader_pca10040/adafruit_pn532.o
                0x00000000000014d8                adafruit_pn532_init
 .text.adafruit_pn532_nfc_a_target_init
                0x000000000000156c       0xdc Output/Release/Obj/adafruit_tag_reader_pca10040/adafruit_pn532.o
                0x000000000000156c                adafruit_pn532_nfc_a_target_init
 .text.adafruit_pn532_in_data_exchange.part.0
                0x0000000000001648       0xb4 Output/Release/Obj/adafruit_tag_reader_pca10040/adafruit_pn532.o
 .text.adafruit_pn532_in_data_exchange
                0x00000000000016fc       0x1c Output/Release/Obj/adafruit_tag_reader_pca10040/adafruit_pn532.o
                0x00000000000016fc                adafruit_pn532_in_data_exchange
 .text.adafruit_pn532_tag2_read
                0x0000000000001718       0x26 Output/Release/Obj/adafruit_tag_reader_pca10040/adafruit_pn532.o
                0x0000000000001718                adafruit_pn532_tag2_read
 *fill*         0x000000000000173e        0x2 
 .text.adafruit_pn532_field_switch
                0x0000000000001740       0x34 Output/Release/Obj/adafruit_tag_reader_pca10040/adafruit_pn532.o
 .text.adafruit_pn532_field_off
                0x0000000000001774        0x6 Output/Release/Obj/adafruit_tag_reader_pca10040/adafruit_pn532.o
                0x0000000000001774                adafruit_pn532_field_off
 *fill*         0x000000000000177a        0x2 
 .text.is_initialized
                0x000000000000177c       0x14 Output/Release/Obj/adafruit_tag_reader_pca10040/ssd1306_oled.o
                0x000000000000177c                is_initialized
 .text.ssd1306_init_i2c_2
                0x0000000000001790       0x2c Output/Release/Obj/adafruit_tag_reader_pca10040/ssd1306_oled.o
                0x0000000000001790                ssd1306_init_i2c_2
 .text.ssd1306_command
                0x00000000000017bc       0x4c Output/Release/Obj/adafruit_tag_reader_pca10040/ssd1306_oled.o
                0x00000000000017bc                ssd1306_command
 .text.ssd1306_begin
                0x0000000000001808      0x160 Output/Release/Obj/adafruit_tag_reader_pca10040/ssd1306_oled.o
                0x0000000000001808                ssd1306_begin
 .text.ssd1306_draw_pixel
                0x0000000000001968       0xe4 Output/Release/Obj/adafruit_tag_reader_pca10040/ssd1306_oled.o
                0x0000000000001968                ssd1306_draw_pixel
 .text.ssd1306_display
                0x0000000000001a4c       0x9c Output/Release/Obj/adafruit_tag_reader_pca10040/ssd1306_oled.o
                0x0000000000001a4c                ssd1306_display
 .text.ssd1306_clear_display
                0x0000000000001ae8       0x10 Output/Release/Obj/adafruit_tag_reader_pca10040/ssd1306_oled.o
                0x0000000000001ae8                ssd1306_clear_display
 .text.ssd1306_draw_fast_hline_internal
                0x0000000000001af8       0x98 Output/Release/Obj/adafruit_tag_reader_pca10040/ssd1306_oled.o
                0x0000000000001af8                ssd1306_draw_fast_hline_internal
 .text.ssd1306_draw_fast_vline_internal
                0x0000000000001b90      0x138 Output/Release/Obj/adafruit_tag_reader_pca10040/ssd1306_oled.o
                0x0000000000001b90                ssd1306_draw_fast_vline_internal
 .text.ssd1306_draw_fast_vline
                0x0000000000001cc8       0x60 Output/Release/Obj/adafruit_tag_reader_pca10040/ssd1306_oled.o
                0x0000000000001cc8                ssd1306_draw_fast_vline
 .text.ssd1306_fill_rect
                0x0000000000001d28       0x2a Output/Release/Obj/adafruit_tag_reader_pca10040/ssd1306_oled.o
                0x0000000000001d28                ssd1306_fill_rect
 *fill*         0x0000000000001d52        0x2 
 .text.ssd1306_draw_char
                0x0000000000001d54      0x114 Output/Release/Obj/adafruit_tag_reader_pca10040/ssd1306_oled.o
                0x0000000000001d54                ssd1306_draw_char
 .text.twi_evt_handler
                0x0000000000001e68       0x40 Output/Release/Obj/adafruit_tag_reader_pca10040/nrf_drv_twi.o
 .text.nrfx_coredep_delay_us.part.0.constprop.0
                0x0000000000001ea8       0x10 Output/Release/Obj/adafruit_tag_reader_pca10040/nrf_drv_twi.o
 .text.nrf_drv_twi_init
                0x0000000000001eb8       0xe0 Output/Release/Obj/adafruit_tag_reader_pca10040/nrf_drv_twi.o
                0x0000000000001eb8                nrf_drv_twi_init
 .text.uarte_evt_handler
                0x0000000000001f98       0x34 Output/Release/Obj/adafruit_tag_reader_pca10040/nrf_drv_uart.o
 .text.uart_evt_handler
                0x0000000000001fcc       0x34 Output/Release/Obj/adafruit_tag_reader_pca10040/nrf_drv_uart.o
 .text.nrf_drv_uart_init
                0x0000000000002000       0x7c Output/Release/Obj/adafruit_tag_reader_pca10040/nrf_drv_uart.o
                0x0000000000002000                nrf_drv_uart_init
 .text.nrf_gpiote_event_clear
                0x000000000000207c       0x18 Output/Release/Obj/adafruit_tag_reader_pca10040/nrfx_gpiote.o
 .text.nrf_gpio_cfg_sense_set
                0x0000000000002094       0x20 Output/Release/Obj/adafruit_tag_reader_pca10040/nrfx_gpiote.o
 .text.channel_free
                0x00000000000020b4       0x1c Output/Release/Obj/adafruit_tag_reader_pca10040/nrfx_gpiote.o
 .text.nrfx_gpiote_init
                0x00000000000020d0       0x70 Output/Release/Obj/adafruit_tag_reader_pca10040/nrfx_gpiote.o
                0x00000000000020d0                nrfx_gpiote_init
 .text.nrfx_gpiote_is_init
                0x0000000000002140       0x14 Output/Release/Obj/adafruit_tag_reader_pca10040/nrfx_gpiote.o
                0x0000000000002140                nrfx_gpiote_is_init
 .text.nrfx_gpiote_in_init
                0x0000000000002154       0xf0 Output/Release/Obj/adafruit_tag_reader_pca10040/nrfx_gpiote.o
                0x0000000000002154                nrfx_gpiote_in_init
 .text.nrfx_gpiote_in_event_enable
                0x0000000000002244       0x88 Output/Release/Obj/adafruit_tag_reader_pca10040/nrfx_gpiote.o
                0x0000000000002244                nrfx_gpiote_in_event_enable
 .text.nrfx_gpiote_in_is_set
                0x00000000000022cc       0x12 Output/Release/Obj/adafruit_tag_reader_pca10040/nrfx_gpiote.o
                0x00000000000022cc                nrfx_gpiote_in_is_set
 *fill*         0x00000000000022de        0x2 
 .text.GPIOTE_IRQHandler
                0x00000000000022e0      0x14c Output/Release/Obj/adafruit_tag_reader_pca10040/nrfx_gpiote.o
                0x00000000000022e0                GPIOTE_IRQHandler
 .text.UARTE0_UART0_IRQHandler
                0x000000000000242c        0xc Output/Release/Obj/adafruit_tag_reader_pca10040/nrfx_prs.o
                0x000000000000242c                UARTE0_UART0_IRQHandler
 .text.nrfx_prs_acquire
                0x0000000000002438       0x38 Output/Release/Obj/adafruit_tag_reader_pca10040/nrfx_prs.o
                0x0000000000002438                nrfx_prs_acquire
 .text.nrfx_prs_release
                0x0000000000002470       0x18 Output/Release/Obj/adafruit_tag_reader_pca10040/nrfx_prs.o
                0x0000000000002470                nrfx_prs_release
 .text.nrf_twi_event_clear
                0x0000000000002488       0x10 Output/Release/Obj/adafruit_tag_reader_pca10040/nrfx_twi.o
 .text.twi_send_byte
                0x0000000000002498       0x3a Output/Release/Obj/adafruit_tag_reader_pca10040/nrfx_twi.o
 .text.twi_transfer
                0x00000000000024d2      0x118 Output/Release/Obj/adafruit_tag_reader_pca10040/nrfx_twi.o
 *fill*         0x00000000000025ea        0x2 
 .text.twi_tx_start_transfer
                0x00000000000025ec       0xcc Output/Release/Obj/adafruit_tag_reader_pca10040/nrfx_twi.o
 .text.twi_rx_start_transfer
                0x00000000000026b8       0xd8 Output/Release/Obj/adafruit_tag_reader_pca10040/nrfx_twi.o
 .text.SPIM0_SPIS0_TWIM0_TWIS0_SPI0_TWI0_IRQHandler
                0x0000000000002790       0xc0 Output/Release/Obj/adafruit_tag_reader_pca10040/nrfx_twi.o
                0x0000000000002790                SPIM0_SPIS0_TWIM0_TWIS0_SPI0_TWI0_IRQHandler
 .text.nrfx_twi_init
                0x0000000000002850       0xdc Output/Release/Obj/adafruit_tag_reader_pca10040/nrfx_twi.o
                0x0000000000002850                nrfx_twi_init
 .text.nrfx_twi_enable
                0x000000000000292c       0x20 Output/Release/Obj/adafruit_tag_reader_pca10040/nrfx_twi.o
                0x000000000000292c                nrfx_twi_enable
 .text.nrfx_twi_xfer
                0x000000000000294c       0xd4 Output/Release/Obj/adafruit_tag_reader_pca10040/nrfx_twi.o
                0x000000000000294c                nrfx_twi_xfer
 .text.nrfx_twi_tx
                0x0000000000002a20       0x26 Output/Release/Obj/adafruit_tag_reader_pca10040/nrfx_twi.o
                0x0000000000002a20                nrfx_twi_tx
 .text.nrfx_twi_rx
                0x0000000000002a46       0x24 Output/Release/Obj/adafruit_tag_reader_pca10040/nrfx_twi.o
                0x0000000000002a46                nrfx_twi_rx
 .text.nrf_uart_event_clear
                0x0000000000002a6a       0x10 Output/Release/Obj/adafruit_tag_reader_pca10040/nrfx_uart.o
 .text.tx_byte  0x0000000000002a7a       0x1e Output/Release/Obj/adafruit_tag_reader_pca10040/nrfx_uart.o
 .text.rx_byte  0x0000000000002a98       0x2c Output/Release/Obj/adafruit_tag_reader_pca10040/nrfx_uart.o
 .text.rx_done_event.constprop.0
                0x0000000000002ac4       0x20 Output/Release/Obj/adafruit_tag_reader_pca10040/nrfx_uart.o
 .text.nrfx_uart_0_irq_handler
                0x0000000000002ae4      0x140 Output/Release/Obj/adafruit_tag_reader_pca10040/nrfx_uart.o
                0x0000000000002ae4                nrfx_uart_0_irq_handler
 .text.nrfx_uart_init
                0x0000000000002c24      0x168 Output/Release/Obj/adafruit_tag_reader_pca10040/nrfx_uart.o
                0x0000000000002c24                nrfx_uart_init
 .text.nrfx_uart_uninit
                0x0000000000002d8c       0xd4 Output/Release/Obj/adafruit_tag_reader_pca10040/nrfx_uart.o
                0x0000000000002d8c                nrfx_uart_uninit
 .text.nrfx_uart_tx_in_progress
                0x0000000000002e60       0x18 Output/Release/Obj/adafruit_tag_reader_pca10040/nrfx_uart.o
                0x0000000000002e60                nrfx_uart_tx_in_progress
 .text.nrfx_uart_tx
                0x0000000000002e78       0x98 Output/Release/Obj/adafruit_tag_reader_pca10040/nrfx_uart.o
                0x0000000000002e78                nrfx_uart_tx
 .text.nrf_uarte_event_clear
                0x0000000000002f10       0x10 Output/Release/Obj/adafruit_tag_reader_pca10040/nrfx_uarte.o
 .text.rx_done_event.constprop.0
                0x0000000000002f20       0x20 Output/Release/Obj/adafruit_tag_reader_pca10040/nrfx_uarte.o
 .text.nrfx_uarte_0_irq_handler
                0x0000000000002f40      0x118 Output/Release/Obj/adafruit_tag_reader_pca10040/nrfx_uarte.o
                0x0000000000002f40                nrfx_uarte_0_irq_handler
 .text.nrfx_uarte_init
                0x0000000000003058      0x17c Output/Release/Obj/adafruit_tag_reader_pca10040/nrfx_uarte.o
                0x0000000000003058                nrfx_uarte_init
 .text.nrfx_uarte_uninit
                0x00000000000031d4      0x120 Output/Release/Obj/adafruit_tag_reader_pca10040/nrfx_uarte.o
                0x00000000000031d4                nrfx_uarte_uninit
 .text.nrfx_uarte_tx_in_progress
                0x00000000000032f4       0x18 Output/Release/Obj/adafruit_tag_reader_pca10040/nrfx_uarte.o
                0x00000000000032f4                nrfx_uarte_tx_in_progress
 .text.nrfx_uarte_tx
                0x000000000000330c       0x9c Output/Release/Obj/adafruit_tag_reader_pca10040/nrfx_uarte.o
                0x000000000000330c                nrfx_uarte_tx
 .text.state_set
                0x00000000000033a8       0x24 Output/Release/Obj/adafruit_tag_reader_pca10040/app_button.o
 .text.button_get
                0x00000000000033cc       0x30 Output/Release/Obj/adafruit_tag_reader_pca10040/app_button.o
 .text.usr_event
                0x00000000000033fc       0x20 Output/Release/Obj/adafruit_tag_reader_pca10040/app_button.o
 .text.timer_start
                0x000000000000341c       0x18 Output/Release/Obj/adafruit_tag_reader_pca10040/app_button.o
 .text.gpiote_event_handler
                0x0000000000003434       0x34 Output/Release/Obj/adafruit_tag_reader_pca10040/app_button.o
 .text.evt_handle
                0x0000000000003468       0xdc Output/Release/Obj/adafruit_tag_reader_pca10040/app_button.o
                0x0000000000003468                evt_handle
 .text.detection_delay_timeout_handler
                0x0000000000003544       0x5c Output/Release/Obj/adafruit_tag_reader_pca10040/app_button.o
 .text.app_button_init
                0x00000000000035a0       0xb0 Output/Release/Obj/adafruit_tag_reader_pca10040/app_button.o
                0x00000000000035a0                app_button_init
 .text.app_button_enable
                0x0000000000003650       0x2c Output/Release/Obj/adafruit_tag_reader_pca10040/app_button.o
                0x0000000000003650                app_button_enable
 .text.app_error_save_and_stop
                0x000000000000367c       0x58 Output/Release/Obj/adafruit_tag_reader_pca10040/app_error.o
                0x000000000000367c                app_error_save_and_stop
 .text.app_error_handler
                0x00000000000036d4       0x1a Output/Release/Obj/adafruit_tag_reader_pca10040/app_error_handler_gcc.o
                0x00000000000036d4                app_error_handler
 *fill*         0x00000000000036ee        0x2 
 .text.app_error_fault_handler
                0x00000000000036f0       0xb0 Output/Release/Obj/adafruit_tag_reader_pca10040/app_error_weak.o
                0x00000000000036f0                app_error_fault_handler
 .text.compare_func
                0x00000000000037a0       0x16 Output/Release/Obj/adafruit_tag_reader_pca10040/app_timer2.o
 *fill*         0x00000000000037b6        0x2 
 .text.get_now  0x00000000000037b8       0x38 Output/Release/Obj/adafruit_tag_reader_pca10040/app_timer2.o
 .text.timer_req_schedule
                0x00000000000037f0       0x38 Output/Release/Obj/adafruit_tag_reader_pca10040/app_timer2.o
 .text.timer_expire
                0x0000000000003828       0x98 Output/Release/Obj/adafruit_tag_reader_pca10040/app_timer2.o
 .text.app_timer_init
                0x00000000000038c0       0x64 Output/Release/Obj/adafruit_tag_reader_pca10040/app_timer2.o
                0x00000000000038c0                app_timer_init
 .text.app_timer_create
                0x0000000000003924       0x24 Output/Release/Obj/adafruit_tag_reader_pca10040/app_timer2.o
                0x0000000000003924                app_timer_create
 .text.app_timer_start
                0x0000000000003948       0x52 Output/Release/Obj/adafruit_tag_reader_pca10040/app_timer2.o
                0x0000000000003948                app_timer_start
 *fill*         0x000000000000399a        0x2 
 .text.app_timer_cnt_get
                0x000000000000399c        0xc Output/Release/Obj/adafruit_tag_reader_pca10040/app_timer2.o
                0x000000000000399c                app_timer_cnt_get
 .text.rtc_irq  0x00000000000039a8      0x1b8 Output/Release/Obj/adafruit_tag_reader_pca10040/app_timer2.o
 .text.app_util_disable_irq
                0x0000000000003b60       0x10 Output/Release/Obj/adafruit_tag_reader_pca10040/app_util_platform.o
                0x0000000000003b60                app_util_disable_irq
 .text.app_util_enable_irq
                0x0000000000003b70       0x14 Output/Release/Obj/adafruit_tag_reader_pca10040/app_util_platform.o
                0x0000000000003b70                app_util_enable_irq
 .text.app_util_critical_region_enter
                0x0000000000003b84        0x4 Output/Release/Obj/adafruit_tag_reader_pca10040/app_util_platform.o
                0x0000000000003b84                app_util_critical_region_enter
 .text.app_util_critical_region_exit
                0x0000000000003b88        0x4 Output/Release/Obj/adafruit_tag_reader_pca10040/app_util_platform.o
                0x0000000000003b88                app_util_critical_region_exit
 .text.evt_pending.isra.0
                0x0000000000003b8c       0x1a Output/Release/Obj/adafruit_tag_reader_pca10040/drv_rtc.o
 *fill*         0x0000000000003ba6        0x2 
 .text.drv_rtc_init
                0x0000000000003ba8       0xa0 Output/Release/Obj/adafruit_tag_reader_pca10040/drv_rtc.o
                0x0000000000003ba8                drv_rtc_init
 .text.drv_rtc_start
                0x0000000000003c48        0x8 Output/Release/Obj/adafruit_tag_reader_pca10040/drv_rtc.o
                0x0000000000003c48                drv_rtc_start
 .text.drv_rtc_stop
                0x0000000000003c50        0x8 Output/Release/Obj/adafruit_tag_reader_pca10040/drv_rtc.o
                0x0000000000003c50                drv_rtc_stop
 .text.drv_rtc_compare_set
                0x0000000000003c58       0x3e Output/Release/Obj/adafruit_tag_reader_pca10040/drv_rtc.o
                0x0000000000003c58                drv_rtc_compare_set
 *fill*         0x0000000000003c96        0x2 
 .text.drv_rtc_windowed_compare_set
                0x0000000000003c98       0xf0 Output/Release/Obj/adafruit_tag_reader_pca10040/drv_rtc.o
                0x0000000000003c98                drv_rtc_windowed_compare_set
 .text.drv_rtc_overflow_enable
                0x0000000000003d88       0x10 Output/Release/Obj/adafruit_tag_reader_pca10040/drv_rtc.o
                0x0000000000003d88                drv_rtc_overflow_enable
 .text.drv_rtc_overflow_pending
                0x0000000000003d98        0xa Output/Release/Obj/adafruit_tag_reader_pca10040/drv_rtc.o
                0x0000000000003d98                drv_rtc_overflow_pending
 .text.drv_rtc_compare_disable
                0x0000000000003da2       0x14 Output/Release/Obj/adafruit_tag_reader_pca10040/drv_rtc.o
                0x0000000000003da2                drv_rtc_compare_disable
 .text.drv_rtc_compare_pending
                0x0000000000003db6        0xc Output/Release/Obj/adafruit_tag_reader_pca10040/drv_rtc.o
                0x0000000000003db6                drv_rtc_compare_pending
 .text.drv_rtc_counter_get
                0x0000000000003dc2        0x8 Output/Release/Obj/adafruit_tag_reader_pca10040/drv_rtc.o
                0x0000000000003dc2                drv_rtc_counter_get
 *fill*         0x0000000000003dca        0x2 
 .text.drv_rtc_irq_trigger
                0x0000000000003dcc       0x24 Output/Release/Obj/adafruit_tag_reader_pca10040/drv_rtc.o
                0x0000000000003dcc                drv_rtc_irq_trigger
 .text.RTC1_IRQHandler
                0x0000000000003df0       0x14 Output/Release/Obj/adafruit_tag_reader_pca10040/drv_rtc.o
                0x0000000000003df0                RTC1_IRQHandler
 .text.eeprom_init
                0x0000000000003e04       0x6c Output/Release/Obj/adafruit_tag_reader_pca10040/eeprom.o
                0x0000000000003e04                eeprom_init
 .text.eeprom_write_data
                0x0000000000003e70       0xdc Output/Release/Obj/adafruit_tag_reader_pca10040/eeprom.o
                0x0000000000003e70                eeprom_write_data
 .text.eeprom_read_data
                0x0000000000003f4c       0x64 Output/Release/Obj/adafruit_tag_reader_pca10040/eeprom.o
                0x0000000000003f4c                eeprom_read_data
 .text.HardFault_Handler
                0x0000000000003fb0       0x34 Output/Release/Obj/adafruit_tag_reader_pca10040/hardfault_handler_gcc.o
                0x0000000000003fb0                HardFault_Handler
 .text.HardFault_process
                0x0000000000003fe4       0x24 Output/Release/Obj/adafruit_tag_reader_pca10040/hardfault_implementation.o
                0x0000000000003fe4                HardFault_process
 .text.HardFault_c_handler
                0x0000000000004008      0x104 Output/Release/Obj/adafruit_tag_reader_pca10040/hardfault_implementation.o
                0x0000000000004008                HardFault_c_handler
 .text.nrf_atfifo_init
                0x000000000000410c       0x26 Output/Release/Obj/adafruit_tag_reader_pca10040/nrf_atfifo.o
                0x000000000000410c                nrf_atfifo_init
 .text.nrf_atfifo_item_alloc
                0x0000000000004132       0x54 Output/Release/Obj/adafruit_tag_reader_pca10040/nrf_atfifo.o
                0x0000000000004132                nrf_atfifo_item_alloc
 .text.nrf_atfifo_item_put
                0x0000000000004186       0x20 Output/Release/Obj/adafruit_tag_reader_pca10040/nrf_atfifo.o
                0x0000000000004186                nrf_atfifo_item_put
 .text.nrf_atfifo_item_get
                0x00000000000041a6       0x56 Output/Release/Obj/adafruit_tag_reader_pca10040/nrf_atfifo.o
                0x00000000000041a6                nrf_atfifo_item_get
 .text.nrf_atfifo_item_free
                0x00000000000041fc       0x20 Output/Release/Obj/adafruit_tag_reader_pca10040/nrf_atfifo.o
                0x00000000000041fc                nrf_atfifo_item_free
 .text.nrf_atomic_u32_fetch_store
                0x000000000000421c       0x16 Output/Release/Obj/adafruit_tag_reader_pca10040/nrf_atomic.o
                0x000000000000421c                nrf_atomic_u32_fetch_store
 .text.nrf_atomic_u32_or
                0x0000000000004232       0x18 Output/Release/Obj/adafruit_tag_reader_pca10040/nrf_atomic.o
                0x0000000000004232                nrf_atomic_u32_or
 .text.nrf_atomic_u32_fetch_and
                0x000000000000424a       0x18 Output/Release/Obj/adafruit_tag_reader_pca10040/nrf_atomic.o
                0x000000000000424a                nrf_atomic_u32_fetch_and
 .text.nrf_atomic_u32_add
                0x0000000000004262       0x18 Output/Release/Obj/adafruit_tag_reader_pca10040/nrf_atomic.o
                0x0000000000004262                nrf_atomic_u32_add
 .text.nrf_atomic_u32_sub
                0x000000000000427a       0x18 Output/Release/Obj/adafruit_tag_reader_pca10040/nrf_atomic.o
                0x000000000000427a                nrf_atomic_u32_sub
 .text.nrf_atomic_flag_set
                0x0000000000004292        0x6 Output/Release/Obj/adafruit_tag_reader_pca10040/nrf_atomic.o
                0x0000000000004292                nrf_atomic_flag_set
 .text.nrf_atomic_flag_clear_fetch
                0x0000000000004298        0x6 Output/Release/Obj/adafruit_tag_reader_pca10040/nrf_atomic.o
                0x0000000000004298                nrf_atomic_flag_clear_fetch
 .text.nrf_balloc_init
                0x000000000000429e       0x2e Output/Release/Obj/adafruit_tag_reader_pca10040/nrf_balloc.o
                0x000000000000429e                nrf_balloc_init
 .text.nrf_balloc_alloc
                0x00000000000042cc       0x40 Output/Release/Obj/adafruit_tag_reader_pca10040/nrf_balloc.o
                0x00000000000042cc                nrf_balloc_alloc
 .text.nrf_balloc_free
                0x000000000000430c       0x2a Output/Release/Obj/adafruit_tag_reader_pca10040/nrf_balloc.o
                0x000000000000430c                nrf_balloc_free
 .text.nrf_fprintf_buffer_flush
                0x0000000000004336       0x16 Output/Release/Obj/adafruit_tag_reader_pca10040/nrf_fprintf.o
                0x0000000000004336                nrf_fprintf_buffer_flush
 .text.nrf_fprintf
                0x000000000000434c       0x1c Output/Release/Obj/adafruit_tag_reader_pca10040/nrf_fprintf.o
                0x000000000000434c                nrf_fprintf
 .text.buffer_add
                0x0000000000004368       0x2e Output/Release/Obj/adafruit_tag_reader_pca10040/nrf_fprintf_format.o
 *fill*         0x0000000000004396        0x2 
 .text.unsigned_print
                0x0000000000004398       0xb4 Output/Release/Obj/adafruit_tag_reader_pca10040/nrf_fprintf_format.o
 .text.nrf_fprintf_fmt
                0x000000000000444c      0x294 Output/Release/Obj/adafruit_tag_reader_pca10040/nrf_fprintf_format.o
                0x000000000000444c                nrf_fprintf_fmt
 .text.memobj_op
                0x00000000000046e0       0x86 Output/Release/Obj/adafruit_tag_reader_pca10040/nrf_memobj.o
 .text.nrf_memobj_pool_init
                0x0000000000004766        0x4 Output/Release/Obj/adafruit_tag_reader_pca10040/nrf_memobj.o
                0x0000000000004766                nrf_memobj_pool_init
 .text.nrf_memobj_free
                0x000000000000476a       0x2c Output/Release/Obj/adafruit_tag_reader_pca10040/nrf_memobj.o
                0x000000000000476a                nrf_memobj_free
 .text.nrf_memobj_alloc
                0x0000000000004796       0x5e Output/Release/Obj/adafruit_tag_reader_pca10040/nrf_memobj.o
                0x0000000000004796                nrf_memobj_alloc
 .text.nrf_memobj_get
                0x00000000000047f4        0x8 Output/Release/Obj/adafruit_tag_reader_pca10040/nrf_memobj.o
                0x00000000000047f4                nrf_memobj_get
 .text.nrf_memobj_put
                0x00000000000047fc       0x1c Output/Release/Obj/adafruit_tag_reader_pca10040/nrf_memobj.o
                0x00000000000047fc                nrf_memobj_put
 .text.nrf_memobj_write
                0x0000000000004818       0x14 Output/Release/Obj/adafruit_tag_reader_pca10040/nrf_memobj.o
                0x0000000000004818                nrf_memobj_write
 .text.nrf_memobj_read
                0x000000000000482c       0x14 Output/Release/Obj/adafruit_tag_reader_pca10040/nrf_memobj.o
                0x000000000000482c                nrf_memobj_read
 .text.nrf_ringbuf_init
                0x0000000000004840       0x12 Output/Release/Obj/adafruit_tag_reader_pca10040/nrf_ringbuf.o
                0x0000000000004840                nrf_ringbuf_init
 .text.nrf_sortlist_add
                0x0000000000004852       0x20 Output/Release/Obj/adafruit_tag_reader_pca10040/nrf_sortlist.o
                0x0000000000004852                nrf_sortlist_add
 .text.nrf_sortlist_pop
                0x0000000000004872        0xc Output/Release/Obj/adafruit_tag_reader_pca10040/nrf_sortlist.o
                0x0000000000004872                nrf_sortlist_pop
 .text.nrf_sortlist_peek
                0x000000000000487e        0x6 Output/Release/Obj/adafruit_tag_reader_pca10040/nrf_sortlist.o
                0x000000000000487e                nrf_sortlist_peek
 .text.nrf_sortlist_remove
                0x0000000000004884       0x1a Output/Release/Obj/adafruit_tag_reader_pca10040/nrf_sortlist.o
                0x0000000000004884                nrf_sortlist_remove
 *fill*         0x000000000000489e        0x2 
 .text.nrf_strerror_find
                0x00000000000048a0       0x3c Output/Release/Obj/adafruit_tag_reader_pca10040/nrf_strerror.o
                0x00000000000048a0                nrf_strerror_find
 .text.nrf_strerror_get
                0x00000000000048dc       0x14 Output/Release/Obj/adafruit_tag_reader_pca10040/nrf_strerror.o
                0x00000000000048dc                nrf_strerror_get
 .text.nrf_log_backend_serial_put
                0x00000000000048f0       0xc2 Output/Release/Obj/adafruit_tag_reader_pca10040/nrf_log_backend_serial.o
                0x00000000000048f0                nrf_log_backend_serial_put
 *fill*         0x00000000000049b2        0x2 
 .text.uart_evt_handler
                0x00000000000049b4        0xc Output/Release/Obj/adafruit_tag_reader_pca10040/nrf_log_backend_uart.o
 .text.nrf_log_backend_uart_flush
                0x00000000000049c0        0x2 Output/Release/Obj/adafruit_tag_reader_pca10040/nrf_log_backend_uart.o
 *fill*         0x00000000000049c2        0x2 
 .text.uart_init
                0x00000000000049c4       0x54 Output/Release/Obj/adafruit_tag_reader_pca10040/nrf_log_backend_uart.o
 .text.nrf_log_backend_uart_put
                0x0000000000004a18       0x1c Output/Release/Obj/adafruit_tag_reader_pca10040/nrf_log_backend_uart.o
 .text.serial_tx
                0x0000000000004a34       0x50 Output/Release/Obj/adafruit_tag_reader_pca10040/nrf_log_backend_uart.o
 .text.nrf_log_backend_uart_panic_set
                0x0000000000004a84       0x2c Output/Release/Obj/adafruit_tag_reader_pca10040/nrf_log_backend_uart.o
 .text.nrf_log_backend_uart_init
                0x0000000000004ab0        0x6 Output/Release/Obj/adafruit_tag_reader_pca10040/nrf_log_backend_uart.o
                0x0000000000004ab0                nrf_log_backend_uart_init
 *fill*         0x0000000000004ab6        0x2 
 .text.nrf_log_default_backends_init
                0x0000000000004ab8       0x20 Output/Release/Obj/adafruit_tag_reader_pca10040/nrf_log_default_backends.o
                0x0000000000004ab8                nrf_log_default_backends_init
 .text.invalid_packets_omit
                0x0000000000004ad8       0x3a Output/Release/Obj/adafruit_tag_reader_pca10040/nrf_log_frontend.o
 *fill*         0x0000000000004b12        0x2 
 .text.buf_prealloc
                0x0000000000004b14      0x110 Output/Release/Obj/adafruit_tag_reader_pca10040/nrf_log_frontend.o
 .text.nrf_log_init
                0x0000000000004c24       0x28 Output/Release/Obj/adafruit_tag_reader_pca10040/nrf_log_frontend.o
                0x0000000000004c24                nrf_log_init
 .text.nrf_log_module_name_get
                0x0000000000004c4c       0x38 Output/Release/Obj/adafruit_tag_reader_pca10040/nrf_log_frontend.o
                0x0000000000004c4c                nrf_log_module_name_get
 .text.nrf_log_color_id_get
                0x0000000000004c84       0x2c Output/Release/Obj/adafruit_tag_reader_pca10040/nrf_log_frontend.o
                0x0000000000004c84                nrf_log_color_id_get
 .text.log_pending_hook
                0x0000000000004cb0        0x2 Output/Release/Obj/adafruit_tag_reader_pca10040/nrf_log_frontend.o
                0x0000000000004cb0                log_pending_hook
 *fill*         0x0000000000004cb2        0x2 
 .text.buffer_is_empty
                0x0000000000004cb4       0x14 Output/Release/Obj/adafruit_tag_reader_pca10040/nrf_log_frontend.o
                0x0000000000004cb4                buffer_is_empty
 .text.nrf_log_frontend_dequeue
                0x0000000000004cc8      0x1f4 Output/Release/Obj/adafruit_tag_reader_pca10040/nrf_log_frontend.o
                0x0000000000004cc8                nrf_log_frontend_dequeue
 .text.std_n    0x0000000000004ebc       0x90 Output/Release/Obj/adafruit_tag_reader_pca10040/nrf_log_frontend.o
 .text.nrf_log_frontend_std_0
                0x0000000000004f4c        0x8 Output/Release/Obj/adafruit_tag_reader_pca10040/nrf_log_frontend.o
                0x0000000000004f4c                nrf_log_frontend_std_0
 .text.nrf_log_frontend_std_1
                0x0000000000004f54       0x12 Output/Release/Obj/adafruit_tag_reader_pca10040/nrf_log_frontend.o
                0x0000000000004f54                nrf_log_frontend_std_1
 .text.nrf_log_frontend_std_2
                0x0000000000004f66       0x14 Output/Release/Obj/adafruit_tag_reader_pca10040/nrf_log_frontend.o
                0x0000000000004f66                nrf_log_frontend_std_2
 .text.nrf_log_frontend_std_3
                0x0000000000004f7a       0x18 Output/Release/Obj/adafruit_tag_reader_pca10040/nrf_log_frontend.o
                0x0000000000004f7a                nrf_log_frontend_std_3
 .text.nrf_log_frontend_std_4
                0x0000000000004f92       0x1c Output/Release/Obj/adafruit_tag_reader_pca10040/nrf_log_frontend.o
                0x0000000000004f92                nrf_log_frontend_std_4
 .text.nrf_log_frontend_std_5
                0x0000000000004fae       0x20 Output/Release/Obj/adafruit_tag_reader_pca10040/nrf_log_frontend.o
                0x0000000000004fae                nrf_log_frontend_std_5
 *fill*         0x0000000000004fce        0x2 
 .text.nrf_log_frontend_hexdump
                0x0000000000004fd0       0xb4 Output/Release/Obj/adafruit_tag_reader_pca10040/nrf_log_frontend.o
                0x0000000000004fd0                nrf_log_frontend_hexdump
 .text.nrf_log_backend_add
                0x0000000000005084       0x44 Output/Release/Obj/adafruit_tag_reader_pca10040/nrf_log_frontend.o
                0x0000000000005084                nrf_log_backend_add
 .text.nrf_log_panic
                0x00000000000050c8       0x28 Output/Release/Obj/adafruit_tag_reader_pca10040/nrf_log_frontend.o
                0x00000000000050c8                nrf_log_panic
 .text.postfix_process
                0x00000000000050f0       0x44 Output/Release/Obj/adafruit_tag_reader_pca10040/nrf_log_str_formatter.o
 .text.prefix_process.constprop.0
                0x0000000000005134       0x7c Output/Release/Obj/adafruit_tag_reader_pca10040/nrf_log_str_formatter.o
 .text.nrf_log_std_entry_process
                0x00000000000051b0       0xc8 Output/Release/Obj/adafruit_tag_reader_pca10040/nrf_log_str_formatter.o
                0x00000000000051b0                nrf_log_std_entry_process
 .text.nrf_log_hexdump_entry_process
                0x0000000000005278       0xc0 Output/Release/Obj/adafruit_tag_reader_pca10040/nrf_log_str_formatter.o
                0x0000000000005278                nrf_log_hexdump_entry_process
 .text.nfc_ndef_msg_record_add
                0x0000000000005338       0x1a Output/Release/Obj/adafruit_tag_reader_pca10040/nfc_ndef_msg.o
                0x0000000000005338                nfc_ndef_msg_record_add
 .text.ndef_msg_parser
                0x0000000000005352       0x1e Output/Release/Obj/adafruit_tag_reader_pca10040/nfc_ndef_msg_parser.o
                0x0000000000005352                ndef_msg_parser
 .text.ndef_msg_printout
                0x0000000000005370       0x40 Output/Release/Obj/adafruit_tag_reader_pca10040/nfc_ndef_msg_parser.o
                0x0000000000005370                ndef_msg_printout
 .text.internal_ndef_msg_parser
                0x00000000000053b0       0x8c Output/Release/Obj/adafruit_tag_reader_pca10040/nfc_ndef_msg_parser_local.o
                0x00000000000053b0                internal_ndef_msg_parser
 .text.ndef_parser_memo_resolve
                0x000000000000543c       0x3e Output/Release/Obj/adafruit_tag_reader_pca10040/nfc_ndef_msg_parser_local.o
                0x000000000000543c                ndef_parser_memo_resolve
 .text.nfc_ndef_bin_payload_memcopy
                0x000000000000547a       0x24 Output/Release/Obj/adafruit_tag_reader_pca10040/nfc_ndef_record.o
                0x000000000000547a                nfc_ndef_bin_payload_memcopy
 *fill*         0x000000000000549e        0x2 
 .text.ndef_record_parser
                0x00000000000054a0       0xa4 Output/Release/Obj/adafruit_tag_reader_pca10040/nfc_ndef_record_parser.o
                0x00000000000054a0                ndef_record_parser
 .text.ndef_record_printout
                0x0000000000005544       0xb0 Output/Release/Obj/adafruit_tag_reader_pca10040/nfc_ndef_record_parser.o
                0x0000000000005544                ndef_record_printout
 .text.type_2_tag_clear
                0x00000000000055f4       0x10 Output/Release/Obj/adafruit_tag_reader_pca10040/nfc_t2t_parser.o
                0x00000000000055f4                type_2_tag_clear
 .text.type_2_tag_parse
                0x0000000000005604      0x17c Output/Release/Obj/adafruit_tag_reader_pca10040/nfc_t2t_parser.o
                0x0000000000005604                type_2_tag_parse
 .text.type_2_tag_printout
                0x0000000000005780       0xd4 Output/Release/Obj/adafruit_tag_reader_pca10040/nfc_t2t_parser.o
                0x0000000000005780                type_2_tag_printout
 .text.nfc_t4t_comm_apdu_encode
                0x0000000000005854       0xba Output/Release/Obj/adafruit_tag_reader_pca10040/nfc_t4t_apdu.o
                0x0000000000005854                nfc_t4t_comm_apdu_encode
 .text.nfc_t4t_resp_apdu_decode
                0x000000000000590e       0x34 Output/Release/Obj/adafruit_tag_reader_pca10040/nfc_t4t_apdu.o
                0x000000000000590e                nfc_t4t_resp_apdu_decode
 *fill*         0x0000000000005942        0x2 
 .text.nfc_t4t_resp_apdu_printout
                0x0000000000005944       0x58 Output/Release/Obj/adafruit_tag_reader_pca10040/nfc_t4t_apdu.o
                0x0000000000005944                nfc_t4t_resp_apdu_printout
 .text.nfc_t4t_cc_file_parse
                0x000000000000599c       0xd6 Output/Release/Obj/adafruit_tag_reader_pca10040/nfc_t4t_cc_file.o
                0x000000000000599c                nfc_t4t_cc_file_parse
 .text.nfc_t4t_file_content_get
                0x0000000000005a72       0x22 Output/Release/Obj/adafruit_tag_reader_pca10040/nfc_t4t_cc_file.o
                0x0000000000005a72                nfc_t4t_file_content_get
 .text.nfc_t4t_file_content_set
                0x0000000000005a94       0x24 Output/Release/Obj/adafruit_tag_reader_pca10040/nfc_t4t_cc_file.o
                0x0000000000005a94                nfc_t4t_file_content_set
 .text.nfc_t4t_cc_file_printout
                0x0000000000005ab8       0x90 Output/Release/Obj/adafruit_tag_reader_pca10040/nfc_t4t_cc_file.o
                0x0000000000005ab8                nfc_t4t_cc_file_printout
 .text.nfc_t4t_comm_apdu_clear
                0x0000000000005b48        0x8 Output/Release/Obj/adafruit_tag_reader_pca10040/nfc_t4t_hl_detection_procedures.o
 .text.nfc_t4t_apdu_exchange
                0x0000000000005b50       0x6c Output/Release/Obj/adafruit_tag_reader_pca10040/nfc_t4t_hl_detection_procedures.o
 .text.nfc_t4t_apdu_default_exchange
                0x0000000000005bbc       0x12 Output/Release/Obj/adafruit_tag_reader_pca10040/nfc_t4t_hl_detection_procedures.o
 .text.nfc_t4t_file_chunk_save
                0x0000000000005bce       0x32 Output/Release/Obj/adafruit_tag_reader_pca10040/nfc_t4t_hl_detection_procedures.o
 .text.nfc_t4t_ndef_tag_app_select
                0x0000000000005c00       0x70 Output/Release/Obj/adafruit_tag_reader_pca10040/nfc_t4t_hl_detection_procedures.o
                0x0000000000005c00                nfc_t4t_ndef_tag_app_select
 .text.nfc_t4t_file_select
                0x0000000000005c70       0x78 Output/Release/Obj/adafruit_tag_reader_pca10040/nfc_t4t_hl_detection_procedures.o
                0x0000000000005c70                nfc_t4t_file_select
 .text.nfc_t4t_cc_select
                0x0000000000005ce8       0x30 Output/Release/Obj/adafruit_tag_reader_pca10040/nfc_t4t_hl_detection_procedures.o
                0x0000000000005ce8                nfc_t4t_cc_select
 .text.nfc_t4t_cc_read
                0x0000000000005d18       0xe0 Output/Release/Obj/adafruit_tag_reader_pca10040/nfc_t4t_hl_detection_procedures.o
                0x0000000000005d18                nfc_t4t_cc_read
 .text.nfc_t4t_ndef_read
                0x0000000000005df8      0x11c Output/Release/Obj/adafruit_tag_reader_pca10040/nfc_t4t_hl_detection_procedures.o
                0x0000000000005df8                nfc_t4t_ndef_read
 .text.nfc_t4t_file_control_tlv_parse
                0x0000000000005f14       0xfc Output/Release/Obj/adafruit_tag_reader_pca10040/nfc_t4t_tlv_block.o
                0x0000000000005f14                nfc_t4t_file_control_tlv_parse
 .text.nfc_t4t_file_control_tlv_printout
                0x0000000000006010       0xd8 Output/Release/Obj/adafruit_tag_reader_pca10040/nfc_t4t_tlv_block.o
                0x0000000000006010                nfc_t4t_file_control_tlv_printout
 .text._GetAvailWriteSpace
                0x00000000000060e8       0x12 Output/Release/Obj/adafruit_tag_reader_pca10040/SEGGER_RTT.o
 .text._WriteNoCheck
                0x00000000000060fa       0x36 Output/Release/Obj/adafruit_tag_reader_pca10040/SEGGER_RTT.o
 .text._WriteBlocking
                0x0000000000006130       0x54 Output/Release/Obj/adafruit_tag_reader_pca10040/SEGGER_RTT.o
 .text._DoInit  0x0000000000006184       0x60 Output/Release/Obj/adafruit_tag_reader_pca10040/SEGGER_RTT.o
 .text.SEGGER_RTT_WriteNoLock
                0x00000000000061e4       0x68 Output/Release/Obj/adafruit_tag_reader_pca10040/SEGGER_RTT.o
                0x00000000000061e4                SEGGER_RTT_WriteNoLock
 .text.SEGGER_RTT_Write
                0x000000000000624c       0x34 Output/Release/Obj/adafruit_tag_reader_pca10040/SEGGER_RTT.o
                0x000000000000624c                SEGGER_RTT_Write
 .text.libc.putchar
                0x0000000000006280        0xe C:/Program Files/SEGGER/SEGGER Embedded Studio for ARM 7.10/lib/libc_v7em_fpv4_sp_d16_hard_t_le_eabi_balanced.a(fileops.o)
                0x0000000000006280                putchar
 .text.libc.fputc
                0x000000000000628e       0x22 C:/Program Files/SEGGER/SEGGER Embedded Studio for ARM 7.10/lib/libc_v7em_fpv4_sp_d16_hard_t_le_eabi_balanced.a(fileops.o)
                0x000000000000628e                fputc
 .text.libc.puts
                0x00000000000062b0       0x30 C:/Program Files/SEGGER/SEGGER Embedded Studio for ARM 7.10/lib/libc_v7em_fpv4_sp_d16_hard_t_le_eabi_balanced.a(fileops.o)
                0x00000000000062b0                puts
 .text.libc.fwrite
                0x00000000000062e0       0x2e C:/Program Files/SEGGER/SEGGER Embedded Studio for ARM 7.10/lib/libc_v7em_fpv4_sp_d16_hard_t_le_eabi_balanced.a(fileops.o)
                0x00000000000062e0                fwrite
 *fill*         0x000000000000630e        0x2 
 .text.libc.__aeabi_uldivmod
                0x0000000000006310      0x130 C:/Program Files/SEGGER/SEGGER Embedded Studio for ARM 7.10/lib/libc_v7em_fpv4_sp_d16_hard_t_le_eabi_balanced.a(intasmops_arm.o)
                0x0000000000006310                __aeabi_uldivmod
 .text.libc.__SEGGER_RTL_current_locale
                0x0000000000006440       0x1a C:/Program Files/SEGGER/SEGGER Embedded Studio for ARM 7.10/lib/libc_v7em_fpv4_sp_d16_hard_t_le_eabi_balanced.a(mbops.o)
                0x0000000000006440                __SEGGER_RTL_current_locale
 .text.libc.__SEGGER_RTL_ascii_mbtowc
                0x000000000000645a       0x30 C:/Program Files/SEGGER/SEGGER Embedded Studio for ARM 7.10/lib/libc_v7em_fpv4_sp_d16_hard_t_le_eabi_balanced.a(mbops.o)
                0x000000000000645a                __SEGGER_RTL_ascii_mbtowc
 .text.libc.__SEGGER_RTL_ascii_wctomb
                0x000000000000648a        0xe C:/Program Files/SEGGER/SEGGER Embedded Studio for ARM 7.10/lib/libc_v7em_fpv4_sp_d16_hard_t_le_eabi_balanced.a(mbops.o)
                0x000000000000648a                __SEGGER_RTL_ascii_wctomb
 .text.libc.__SEGGER_RTL_isctype
                0x0000000000006498       0x20 C:/Program Files/SEGGER/SEGGER Embedded Studio for ARM 7.10/lib/libc_v7em_fpv4_sp_d16_hard_t_le_eabi_balanced.a(mbops.o)
 .text.libc.isprint
                0x00000000000064b8        0x6 C:/Program Files/SEGGER/SEGGER Embedded Studio for ARM 7.10/lib/libc_v7em_fpv4_sp_d16_hard_t_le_eabi_balanced.a(mbops.o)
                0x00000000000064b8                isprint
 .text.libc.__SEGGER_RTL_ascii_isctype
                0x00000000000064be       0x20 C:/Program Files/SEGGER/SEGGER Embedded Studio for ARM 7.10/lib/libc_v7em_fpv4_sp_d16_hard_t_le_eabi_balanced.a(mbops.o)
 .text.libc.__SEGGER_RTL_ascii_toupper
                0x00000000000064de        0xc C:/Program Files/SEGGER/SEGGER Embedded Studio for ARM 7.10/lib/libc_v7em_fpv4_sp_d16_hard_t_le_eabi_balanced.a(mbops.o)
 .text.libc.__SEGGER_RTL_ascii_tolower
                0x00000000000064ea        0xc C:/Program Files/SEGGER/SEGGER Embedded Studio for ARM 7.10/lib/libc_v7em_fpv4_sp_d16_hard_t_le_eabi_balanced.a(mbops.o)
 .text.libc.__SEGGER_RTL_ascii_iswctype
                0x00000000000064f6       0x20 C:/Program Files/SEGGER/SEGGER Embedded Studio for ARM 7.10/lib/libc_v7em_fpv4_sp_d16_hard_t_le_eabi_balanced.a(mbops.o)
 .text.libc.__SEGGER_RTL_ascii_towupper
                0x0000000000006516        0xc C:/Program Files/SEGGER/SEGGER Embedded Studio for ARM 7.10/lib/libc_v7em_fpv4_sp_d16_hard_t_le_eabi_balanced.a(mbops.o)
 .text.libc.__SEGGER_RTL_ascii_towlower
                0x0000000000006522        0xc C:/Program Files/SEGGER/SEGGER Embedded Studio for ARM 7.10/lib/libc_v7em_fpv4_sp_d16_hard_t_le_eabi_balanced.a(mbops.o)
 *fill*         0x000000000000652e        0x2 
 .text.libc.strcpy
                0x0000000000006530       0x30 C:/Program Files/SEGGER/SEGGER Embedded Studio for ARM 7.10/lib/libc_v7em_fpv4_sp_d16_hard_t_le_eabi_balanced.a(strasmops_arm.o)
                0x0000000000006530                strcpy
 .text.libc.strlen
                0x0000000000006560       0x60 C:/Program Files/SEGGER/SEGGER Embedded Studio for ARM 7.10/lib/libc_v7em_fpv4_sp_d16_hard_t_le_eabi_balanced.a(strasmops_arm.o)
                0x0000000000006560                strlen
 .text.libc.memcpy
                0x00000000000065c0       0x64 C:/Program Files/SEGGER/SEGGER Embedded Studio for ARM 7.10/lib/libc_v7em_fpv4_sp_d16_hard_t_le_eabi_balanced.a(strasmops_arm.o)
                0x00000000000065c0                __aeabi_memcpy
                0x00000000000065c0                memcpy
                0x00000000000065e2                __aeabi_memcpy8
                0x00000000000065e2                __aeabi_memcpy4
 .text.libc.__aeabi_memclr
                0x0000000000006624       0x68 C:/Program Files/SEGGER/SEGGER Embedded Studio for ARM 7.10/lib/libc_v7em_fpv4_sp_d16_hard_t_le_eabi_balanced.a(strasmops_arm.o)
                0x0000000000006624                __aeabi_memclr8
                0x0000000000006624                __aeabi_memclr
                0x0000000000006624                __aeabi_memclr4
                0x0000000000006626                __aeabi_memset4
                0x0000000000006626                __aeabi_memset8
                0x0000000000006626                __aeabi_memset
                0x000000000000662c                memset
 .text.libc.memcmp
                0x000000000000668c       0x46 C:/Program Files/SEGGER/SEGGER Embedded Studio for ARM 7.10/lib/libc_v7em_fpv4_sp_d16_hard_t_le_eabi_balanced.a(strops.o)
                0x000000000000668c                memcmp
 .text.libc.strnlen
                0x00000000000066d2       0x4c C:/Program Files/SEGGER/SEGGER Embedded Studio for ARM 7.10/lib/libc_v7em_fpv4_sp_d16_hard_t_le_eabi_balanced.a(strops.o)
                0x00000000000066d2                strnlen
 .text.libc.__SEGGER_RTL_putc
                0x000000000000671e       0x84 C:/Program Files/SEGGER/SEGGER Embedded Studio for ARM 7.10/lib/libc_v7em_fpv4_sp_d16_hard_t_le_eabi_balanced.a(prinops.o)
                0x000000000000671e                __SEGGER_RTL_putc
 .text.libc.__SEGGER_RTL_prin_flush
                0x00000000000067a2       0x1c C:/Program Files/SEGGER/SEGGER Embedded Studio for ARM 7.10/lib/libc_v7em_fpv4_sp_d16_hard_t_le_eabi_balanced.a(prinops.o)
                0x00000000000067a2                __SEGGER_RTL_prin_flush
 .text.libc.__SEGGER_RTL_print_padding
                0x00000000000067be       0x1e C:/Program Files/SEGGER/SEGGER Embedded Studio for ARM 7.10/lib/libc_v7em_fpv4_sp_d16_hard_t_le_eabi_balanced.a(prinops.o)
                0x00000000000067be                __SEGGER_RTL_print_padding
 .text.libc.__SEGGER_RTL_pre_padding
                0x00000000000067dc       0x12 C:/Program Files/SEGGER/SEGGER Embedded Studio for ARM 7.10/lib/libc_v7em_fpv4_sp_d16_hard_t_le_eabi_balanced.a(prinops.o)
                0x00000000000067dc                __SEGGER_RTL_pre_padding
 .text.libc.__SEGGER_RTL_init_prin
                0x00000000000067ee       0x18 C:/Program Files/SEGGER/SEGGER Embedded Studio for ARM 7.10/lib/libc_v7em_fpv4_sp_d16_hard_t_le_eabi_balanced.a(prinops.o)
                0x00000000000067ee                __SEGGER_RTL_init_prin
 .text.libc.snprintf
                0x0000000000006806       0x32 C:/Program Files/SEGGER/SEGGER Embedded Studio for ARM 7.10/lib/libc_v7em_fpv4_sp_d16_hard_t_le_eabi_balanced.a(prinops.o)
                0x0000000000006806                snprintf
 .text.libc.vfprintf
                0x0000000000006838       0x1c C:/Program Files/SEGGER/SEGGER Embedded Studio for ARM 7.10/lib/libc_v7em_fpv4_sp_d16_hard_t_le_eabi_balanced.a(prinops.o)
                0x0000000000006838                vfprintf
 .text.libc.vfprintf_l
                0x0000000000006854       0x6c C:/Program Files/SEGGER/SEGGER Embedded Studio for ARM 7.10/lib/libc_v7em_fpv4_sp_d16_hard_t_le_eabi_balanced.a(prinops.o)
                0x0000000000006854                vfprintf_l
 .text.libc.__SEGGER_RTL_stream_write
                0x00000000000068c0        0xa C:/Program Files/SEGGER/SEGGER Embedded Studio for ARM 7.10/lib/libc_v7em_fpv4_sp_d16_hard_t_le_eabi_balanced.a(prinops.o)
 .text.libc.printf
                0x00000000000068ca       0x2c C:/Program Files/SEGGER/SEGGER Embedded Studio for ARM 7.10/lib/libc_v7em_fpv4_sp_d16_hard_t_le_eabi_balanced.a(prinops.o)
                0x00000000000068ca                printf
 *fill*         0x00000000000068f6        0x2 
 .text.libc.__SEGGER_RTL_vfprintf_long
                0x00000000000068f8      0x544 C:/Program Files/SEGGER/SEGGER Embedded Studio for ARM 7.10/lib/libc_v7em_fpv4_sp_d16_hard_t_le_eabi_balanced.a(__SEGGER_RTL_vfprintf_long.o)
                0x00000000000068f8                __SEGGER_RTL_vfprintf_long
 .text.libc.__SEGGER_RTL_X_file_stat
                0x0000000000006e3c       0x30 C:/Program Files/SEGGER/SEGGER Embedded Studio for ARM 7.10/lib/prinops_rtt_v7em_fpv4_sp_d16_hard_t_le_eabi_balanced.a(prinops_rtt.o)
                0x0000000000006e3c                __SEGGER_RTL_X_file_stat
 .text.libc.__SEGGER_RTL_X_file_bufsize
                0x0000000000006e6c        0x4 C:/Program Files/SEGGER/SEGGER Embedded Studio for ARM 7.10/lib/prinops_rtt_v7em_fpv4_sp_d16_hard_t_le_eabi_balanced.a(prinops_rtt.o)
                0x0000000000006e6c                __SEGGER_RTL_X_file_bufsize
 .text.libc.__SEGGER_RTL_X_file_write
                0x0000000000006e70        0x8 C:/Program Files/SEGGER/SEGGER Embedded Studio for ARM 7.10/lib/prinops_rtt_v7em_fpv4_sp_d16_hard_t_le_eabi_balanced.a(prinops_rtt.o)
                0x0000000000006e70                __SEGGER_RTL_X_file_write
 .text.libc.__SEGGER_RTL_init_heap
                0x0000000000006e78       0x14 C:/Program Files/SEGGER/SEGGER Embedded Studio for ARM 7.10/lib/heapops_basic_v7em_fpv4_sp_d16_hard_t_le_eabi_balanced.a(heapops_basic.o)
                0x0000000000006e78                __SEGGER_RTL_init_heap
                0x0000000000006e8c                __text_end__ = (__text_start__ + SIZEOF (.text))
                0x0000000000006ac0                __text_size__ = SIZEOF (.text)
                0x0000000000006e8c                __text_load_end__ = __text_end__

.vfp11_veneer   0x0000000100000000        0x0
 .vfp11_veneer  0x0000000100000000        0x0 linker stubs

.v4_bx          0x0000000100000000        0x0
 .v4_bx         0x0000000100000000        0x0 linker stubs

.iplt           0x0000000100000000        0x0
 .iplt          0x0000000100000000        0x0 Output/Release/Obj/adafruit_tag_reader_pca10040/main.o
                0x0000000000000001                . = ASSERT (((__text_start__ == __text_end__) || ((__text_end__ - __FLASH1_segment_start__) <= __FLASH1_segment_size__)), error: .text is too large to fit in FLASH1 memory segment)
                0x0000000000006e8c                __log_const_data_load_start__ = ALIGN (__text_end__, 0x4)

.log_const_data
                0x0000000000006e8c       0x90
                0x0000000000006e8c                __log_const_data_start__ = .
                0x0000000000006e8c                __start_log_const_data = __log_const_data_start__
 *(SORT_BY_NAME(.log_const_data*))
 .log_const_data_GPIOTE
                0x0000000000006e8c        0x8 Output/Release/Obj/adafruit_tag_reader_pca10040/nrfx_gpiote.o
                0x0000000000006e8c                m_nrf_log_GPIOTE_logs_data_const
 .log_const_data_PRS
                0x0000000000006e94        0x8 Output/Release/Obj/adafruit_tag_reader_pca10040/nrfx_prs.o
                0x0000000000006e94                m_nrf_log_PRS_logs_data_const
 .log_const_data_TWI
                0x0000000000006e9c        0x8 Output/Release/Obj/adafruit_tag_reader_pca10040/nrfx_twi.o
                0x0000000000006e9c                m_nrf_log_TWI_logs_data_const
 .log_const_data_UART
                0x0000000000006ea4        0x8 Output/Release/Obj/adafruit_tag_reader_pca10040/nrfx_uart.o
                0x0000000000006ea4                m_nrf_log_UART_logs_data_const
 .log_const_data_UARTE
                0x0000000000006eac        0x8 Output/Release/Obj/adafruit_tag_reader_pca10040/nrfx_uarte.o
                0x0000000000006eac                m_nrf_log_UARTE_logs_data_const
 .log_const_data_adafruit_pn532
                0x0000000000006eb4        0x8 Output/Release/Obj/adafruit_tag_reader_pca10040/adafruit_pn532.o
                0x0000000000006eb4                m_nrf_log_adafruit_pn532_logs_data_const
 .log_const_data_app
                0x0000000000006ebc        0x8 Output/Release/Obj/adafruit_tag_reader_pca10040/nrf_log_frontend.o
                0x0000000000006ebc                m_nrf_log_app_logs_data_const
 .log_const_data_app_button
                0x0000000000006ec4        0x8 Output/Release/Obj/adafruit_tag_reader_pca10040/app_button.o
                0x0000000000006ec4                m_nrf_log_app_button_logs_data_const
 .log_const_data_app_timer
                0x0000000000006ecc        0x8 Output/Release/Obj/adafruit_tag_reader_pca10040/app_timer2.o
                0x0000000000006ecc                m_nrf_log_app_timer_logs_data_const
 .log_const_data_hardfault
                0x0000000000006ed4        0x8 Output/Release/Obj/adafruit_tag_reader_pca10040/hardfault_implementation.o
                0x0000000000006ed4                m_nrf_log_hardfault_logs_data_const
 .log_const_data_nfc_ndef_msg_parser
                0x0000000000006edc        0x8 Output/Release/Obj/adafruit_tag_reader_pca10040/nfc_ndef_msg_parser.o
                0x0000000000006edc                m_nrf_log_nfc_ndef_msg_parser_logs_data_const
 .log_const_data_nfc_ndef_parser
                0x0000000000006ee4        0x8 Output/Release/Obj/adafruit_tag_reader_pca10040/nfc_ndef_record_parser.o
                0x0000000000006ee4                m_nrf_log_nfc_ndef_parser_logs_data_const
 .log_const_data_nfc_t2t_parser
                0x0000000000006eec        0x8 Output/Release/Obj/adafruit_tag_reader_pca10040/nfc_t2t_parser.o
                0x0000000000006eec                m_nrf_log_nfc_t2t_parser_logs_data_const
 .log_const_data_nfc_t4t_apdu
                0x0000000000006ef4        0x8 Output/Release/Obj/adafruit_tag_reader_pca10040/nfc_t4t_apdu.o
                0x0000000000006ef4                m_nrf_log_nfc_t4t_apdu_logs_data_const
 .log_const_data_nfc_t4t_cc_file_parser
                0x0000000000006efc        0x8 Output/Release/Obj/adafruit_tag_reader_pca10040/nfc_t4t_cc_file.o
                0x0000000000006efc                m_nrf_log_nfc_t4t_cc_file_parser_logs_data_const
 .log_const_data_nfc_t4t_hl_detection_procedures
                0x0000000000006f04        0x8 Output/Release/Obj/adafruit_tag_reader_pca10040/nfc_t4t_hl_detection_procedures.o
                0x0000000000006f04                m_nrf_log_nfc_t4t_hl_detection_procedures_logs_data_const
 .log_const_data_nfc_t4t_tlv_block_parser
                0x0000000000006f0c        0x8 Output/Release/Obj/adafruit_tag_reader_pca10040/nfc_t4t_tlv_block.o
                0x0000000000006f0c                m_nrf_log_nfc_t4t_tlv_block_parser_logs_data_const
 .log_const_data_sortlist
                0x0000000000006f14        0x8 Output/Release/Obj/adafruit_tag_reader_pca10040/nrf_sortlist.o
                0x0000000000006f14                m_nrf_log_sortlist_logs_data_const
                0x0000000000006f1c                __log_const_data_end__ = (__log_const_data_start__ + SIZEOF (.log_const_data))
                0x0000000000000090                __log_const_data_size__ = SIZEOF (.log_const_data)
                0x0000000000006f1c                __stop_log_const_data = __log_const_data_end__
                0x0000000000006f1c                __log_const_data_load_end__ = __log_const_data_end__
                0x0000000000000001                . = ASSERT (((__log_const_data_start__ == __log_const_data_end__) || ((__log_const_data_end__ - __FLASH1_segment_start__) <= __FLASH1_segment_size__)), error: .log_const_data is too large to fit in FLASH1 memory segment)
                0x0000000000006f1c                __log_backends_load_start__ = ALIGN (__log_const_data_end__, 0x4)

.log_backends   0x0000000000006f1c       0x10
                0x0000000000006f1c                __log_backends_start__ = .
                0x0000000000006f1c                __start_log_backends = __log_backends_start__
 *(SORT_BY_NAME(.log_backends*))
 .log_backends  0x0000000000006f1c       0x10 Output/Release/Obj/adafruit_tag_reader_pca10040/nrf_log_default_backends.o
                0x0000000000006f2c                __log_backends_end__ = (__log_backends_start__ + SIZEOF (.log_backends))
                0x0000000000000010                __log_backends_size__ = SIZEOF (.log_backends)
                0x0000000000006f2c                __stop_log_backends = __log_backends_end__
                0x0000000000006f2c                __log_backends_load_end__ = __log_backends_end__
                0x0000000000000001                . = ASSERT (((__log_backends_start__ == __log_backends_end__) || ((__log_backends_end__ - __FLASH1_segment_start__) <= __FLASH1_segment_size__)), error: .log_backends is too large to fit in FLASH1 memory segment)
                0x0000000000006f2c                __nrf_balloc_load_start__ = ALIGN (__log_backends_end__, 0x4)

.nrf_balloc     0x0000000000006f2c       0x14
                0x0000000000006f2c                __nrf_balloc_start__ = .
                0x0000000000006f2c                __start_nrf_balloc = __nrf_balloc_start__
 *(.nrf_balloc*)
 .nrf_balloc    0x0000000000006f2c       0x14 Output/Release/Obj/adafruit_tag_reader_pca10040/nrf_log_frontend.o
                0x0000000000006f2c                log_mempool
                0x0000000000006f40                __nrf_balloc_end__ = (__nrf_balloc_start__ + SIZEOF (.nrf_balloc))
                0x0000000000000014                __nrf_balloc_size__ = SIZEOF (.nrf_balloc)
                0x0000000000006f40                __stop_nrf_balloc = __nrf_balloc_end__
                0x0000000000006f40                __nrf_balloc_load_end__ = __nrf_balloc_end__
                0x0000000000000001                . = ASSERT (((__nrf_balloc_start__ == __nrf_balloc_end__) || ((__nrf_balloc_end__ - __FLASH1_segment_start__) <= __FLASH1_segment_size__)), error: .nrf_balloc is too large to fit in FLASH1 memory segment)
                0x0000000000006f40                __nrf_sections_load_start__ = ALIGN (__nrf_balloc_end__, 0x4)

.nrf_sections   0x0000000000006f40        0x0
                0x0000000000006f40                __nrf_sections_start__ = .
                0x0000000000006f40                __start_nrf_sections = __nrf_sections_start__
 *(.nrf_sections .nrf_sections.*)
                0x0000000000006f40                __nrf_sections_end__ = (__nrf_sections_start__ + SIZEOF (.nrf_sections))
                0x0000000000000000                __nrf_sections_size__ = SIZEOF (.nrf_sections)
                0x0000000000006f40                __nrf_sections_load_end__ = __nrf_sections_end__
                0x0000000000000001                . = ASSERT (((__nrf_sections_start__ == __nrf_sections_end__) || ((__nrf_sections_end__ - __FLASH1_segment_start__) <= __FLASH1_segment_size__)), error: .nrf_sections is too large to fit in FLASH1 memory segment)
                0x0000000000006f40                __log_dynamic_data_load_start__ = ALIGN (__nrf_sections_end__, 0x4)

.log_dynamic_data
                0x0000000020000000        0x0 load address 0x0000000000006f40
                0x0000000020000000                __log_dynamic_data_start__ = .
 *(SORT_BY_NAME(.log_dynamic_data*))
                0x0000000020000000                __log_dynamic_data_end__ = (__log_dynamic_data_start__ + SIZEOF (.log_dynamic_data))
                0x0000000000000000                __log_dynamic_data_size__ = SIZEOF (.log_dynamic_data)
                0x0000000000006f40                __log_dynamic_data_load_end__ = (__log_dynamic_data_load_start__ + SIZEOF (.log_dynamic_data))
                0x0000000000000001                . = ASSERT (((__log_dynamic_data_load_start__ == __log_dynamic_data_load_end__) || ((__log_dynamic_data_load_end__ - __FLASH1_segment_start__) <= __FLASH1_segment_size__)), error: .log_dynamic_data is too large to fit in FLASH1 memory segment)

.log_dynamic_data_run
                0x0000000020000000        0x0
                0x0000000020000000                __log_dynamic_data_run_start__ = .
                0x0000000020000000                __start_log_dynamic_data = __log_dynamic_data_run_start__
                0x0000000020000000                __log_dynamic_data_run_end__ = (__log_dynamic_data_run_start__ + SIZEOF (.log_dynamic_data))
                0x0000000000000000                __log_dynamic_data_run_size__ = (__log_dynamic_data_run_end__ - __log_dynamic_data_run_start__)
                0x0000000020000000                __stop_log_dynamic_data = __log_dynamic_data_run_end__
                0x0000000020000000                __log_dynamic_data_run_load_end__ = __log_dynamic_data_run_end__
                0x0000000000000001                . = ASSERT (((__log_dynamic_data_run_start__ == __log_dynamic_data_run_end__) || ((__log_dynamic_data_run_end__ - __RAM1_segment_start__) <= __RAM1_segment_size__)), error: .log_dynamic_data_run is too large to fit in RAM1 memory segment)
                0x0000000000006f40                __log_filter_data_load_start__ = ALIGN ((__log_dynamic_data_load_start__ + SIZEOF (.log_dynamic_data)), 0x4)

.log_filter_data
                0x0000000020000000        0x0 load address 0x0000000000006f40
                0x0000000020000000                __log_filter_data_start__ = .
 *(SORT_BY_NAME(.log_filter_data*))
                0x0000000020000000                __log_filter_data_end__ = (__log_filter_data_start__ + SIZEOF (.log_filter_data))
                0x0000000000000000                __log_filter_data_size__ = SIZEOF (.log_filter_data)
                0x0000000000006f40                __log_filter_data_load_end__ = (__log_filter_data_load_start__ + SIZEOF (.log_filter_data))
                0x0000000000000001                . = ASSERT (((__log_filter_data_load_start__ == __log_filter_data_load_end__) || ((__log_filter_data_load_end__ - __FLASH1_segment_start__) <= __FLASH1_segment_size__)), error: .log_filter_data is too large to fit in FLASH1 memory segment)

.log_filter_data_run
                0x0000000020000000        0x0
                0x0000000020000000                __log_filter_data_run_start__ = .
                0x0000000020000000                __start_log_filter_data = __log_filter_data_run_start__
                0x0000000020000000                __log_filter_data_run_end__ = (__log_filter_data_run_start__ + SIZEOF (.log_filter_data))
                0x0000000000000000                __log_filter_data_run_size__ = (__log_filter_data_run_end__ - __log_filter_data_run_start__)
                0x0000000020000000                __stop_log_filter_data = __log_filter_data_run_end__
                0x0000000020000000                __log_filter_data_run_load_end__ = __log_filter_data_run_end__
                0x0000000000000001                . = ASSERT (((__log_filter_data_run_start__ == __log_filter_data_run_end__) || ((__log_filter_data_run_end__ - __RAM1_segment_start__) <= __RAM1_segment_size__)), error: .log_filter_data_run is too large to fit in RAM1 memory segment)
                0x0000000020000000                __nrf_sections_run_end_load_start__ = ALIGN (__log_filter_data_run_end__, 0x4)

.nrf_sections_run_end
                0x0000000020000000        0x0
                0x0000000020000000                __nrf_sections_run_end_start__ = .
                0x0000000020000000                __end_nrf_sections_run = __nrf_sections_run_end_start__
 *(.nrf_sections_run_end .nrf_sections_run_end.*)
                0x0000000020000000                __nrf_sections_run_end_end__ = (__nrf_sections_run_end_start__ + SIZEOF (.nrf_sections_run_end))
                0x0000000000000000                __nrf_sections_run_end_size__ = SIZEOF (.nrf_sections_run_end)
                0x0000000020000000                __nrf_sections_run_end_load_end__ = __nrf_sections_run_end_end__
                0x0000000000000001                . = ASSERT (((__nrf_sections_run_end_start__ == __nrf_sections_run_end_end__) || ((__nrf_sections_run_end_end__ - __RAM1_segment_start__) <= __RAM1_segment_size__)), error: .nrf_sections_run_end is too large to fit in RAM1 memory segment)
                0x0000000000006f40                __dtors_load_start__ = ALIGN ((__log_filter_data_load_start__ + SIZEOF (.log_filter_data)), 0x4)

.dtors          0x0000000000006f40        0x0
                0x0000000000006f40                __dtors_start__ = .
 *(SORT_BY_NAME(.dtors.*))
 *(.dtors)
 *(.fini_array)
 *(SORT_BY_NAME(.fini_array.*))
                0x0000000000006f40                __dtors_end__ = (__dtors_start__ + SIZEOF (.dtors))
                0x0000000000000000                __dtors_size__ = SIZEOF (.dtors)
                0x0000000000006f40                __dtors_load_end__ = __dtors_end__
                0x0000000000000001                . = ASSERT (((__dtors_start__ == __dtors_end__) || ((__dtors_end__ - __FLASH1_segment_start__) <= __FLASH1_segment_size__)), error: .dtors is too large to fit in FLASH1 memory segment)
                0x0000000000006f40                __ctors_load_start__ = ALIGN (__dtors_end__, 0x4)

.ctors          0x0000000000006f40        0x0
                0x0000000000006f40                __ctors_start__ = .
 *(SORT_BY_NAME(.ctors.*))
 *(.ctors)
 *(.init_array)
 *(SORT_BY_NAME(.init_array.*))
                0x0000000000006f40                __ctors_end__ = (__ctors_start__ + SIZEOF (.ctors))
                0x0000000000000000                __ctors_size__ = SIZEOF (.ctors)
                0x0000000000006f40                __ctors_load_end__ = __ctors_end__
                0x0000000000000001                . = ASSERT (((__ctors_start__ == __ctors_end__) || ((__ctors_end__ - __FLASH1_segment_start__) <= __FLASH1_segment_size__)), error: .ctors is too large to fit in FLASH1 memory segment)
                0x0000000000006f40                __rodata_load_start__ = ALIGN (__ctors_end__, 0x4)

.rodata         0x0000000000006f40     0x2714
                0x0000000000006f40                __rodata_start__ = .
 *(.rodata .rodata.* .gnu.linkonce.r.*)
 .rodata.update_display_counter.str1.1
                0x0000000000006f40        0x0 Output/Release/Obj/adafruit_tag_reader_pca10040/main.o
                                          0x3 (size before relaxing)
 .rodata.timer_handler.str1.1
                0x0000000000006f40       0x15 Output/Release/Obj/adafruit_tag_reader_pca10040/main.o
 .rodata.save_eeprom.str1.1
                0x0000000000006f55       0xa8 Output/Release/Obj/adafruit_tag_reader_pca10040/main.o
 .rodata.read_eeprom.str1.1
                0x0000000000006ffd       0x25 Output/Release/Obj/adafruit_tag_reader_pca10040/main.o
 .rodata.button_event_handler.str1.1
                0x0000000000007022       0xd9 Output/Release/Obj/adafruit_tag_reader_pca10040/main.o
 .rodata.utils_setup.str1.1
                0x00000000000070fb       0x40 Output/Release/Obj/adafruit_tag_reader_pca10040/main.o
 .rodata.ndef_data_analyze.str1.1
                0x000000000000713b       0x25 Output/Release/Obj/adafruit_tag_reader_pca10040/main.o
 .rodata.t2t_data_read.str1.1
                0x0000000000007160       0x1d Output/Release/Obj/adafruit_tag_reader_pca10040/main.o
 .rodata.t2t_data_analyze.str1.1
                0x000000000000717d       0x7f Output/Release/Obj/adafruit_tag_reader_pca10040/main.o
 .rodata.t4t_data_read_and_analyze.str1.1
                0x00000000000071fc       0xdf Output/Release/Obj/adafruit_tag_reader_pca10040/main.o
 .rodata.i2c_init.str1.1
                0x00000000000072db       0x34 Output/Release/Obj/adafruit_tag_reader_pca10040/main.o
 .rodata.tag_detect_and_read.str1.1
                0x000000000000730f       0x9b Output/Release/Obj/adafruit_tag_reader_pca10040/main.o
 .rodata.main.str1.1
                0x00000000000073aa      0x1fc Output/Release/Obj/adafruit_tag_reader_pca10040/main.o
 *fill*         0x00000000000075a6        0x2 
 .rodata        0x00000000000075a8       0x10 Output/Release/Obj/adafruit_tag_reader_pca10040/main.o
 *fill*         0x00000000000075b8        0x8 
 .rodata.delay_machine_code.0
                0x00000000000075c0        0x6 Output/Release/Obj/adafruit_tag_reader_pca10040/main.o
 *fill*         0x00000000000075c6        0x2 
 .rodata.m_timer
                0x00000000000075c8        0x4 Output/Release/Obj/adafruit_tag_reader_pca10040/main.o
 .rodata.CSWTCH.15
                0x00000000000075cc        0x5 Output/Release/Obj/adafruit_tag_reader_pca10040/system_nrf52.o
 .rodata.CSWTCH.19
                0x00000000000075d1        0x5 Output/Release/Obj/adafruit_tag_reader_pca10040/system_nrf52.o
 .rodata.CSWTCH.21
                0x00000000000075d6        0x5 Output/Release/Obj/adafruit_tag_reader_pca10040/system_nrf52.o
 .rodata.CSWTCH.5
                0x00000000000075db        0x5 Output/Release/Obj/adafruit_tag_reader_pca10040/system_nrf52.o
 .rodata.adafruit_pn532_tag_info_printout.str1.1
                0x00000000000075e0       0xa0 Output/Release/Obj/adafruit_tag_reader_pca10040/adafruit_pn532.o
                                         0xaa (size before relaxing)
 .rodata.adafruit_pn532_cmd_send.str1.1
                0x0000000000007680       0x54 Output/Release/Obj/adafruit_tag_reader_pca10040/adafruit_pn532.o
 .rodata.adafruit_pn532_firmware_version_get.str1.1
                0x00000000000076d4       0x7c Output/Release/Obj/adafruit_tag_reader_pca10040/adafruit_pn532.o
 .rodata.adafruit_pn532_init.str1.1
                0x0000000000007750       0x4e Output/Release/Obj/adafruit_tag_reader_pca10040/adafruit_pn532.o
 .rodata.adafruit_pn532_nfc_a_target_init.str1.1
                0x000000000000779e      0x13f Output/Release/Obj/adafruit_tag_reader_pca10040/adafruit_pn532.o
 .rodata.str1.1
                0x00000000000078dd        0xf Output/Release/Obj/adafruit_tag_reader_pca10040/adafruit_pn532.o
 *fill*         0x00000000000078ec        0x4 
 .rodata.delay_machine_code.0
                0x00000000000078f0        0x6 Output/Release/Obj/adafruit_tag_reader_pca10040/adafruit_pn532.o
 .rodata.m_pn532_ack
                0x00000000000078f6        0x6 Output/Release/Obj/adafruit_tag_reader_pca10040/adafruit_pn532.o
 .rodata.m_pn532_rsp_firmware_ver
                0x00000000000078fc        0x6 Output/Release/Obj/adafruit_tag_reader_pca10040/adafruit_pn532.o
 .rodata.ssd1306_command.str1.1
                0x0000000000007902       0x75 Output/Release/Obj/adafruit_tag_reader_pca10040/ssd1306_oled.o
 .rodata.ssd1306_display.str1.1
                0x0000000000007977       0x24 Output/Release/Obj/adafruit_tag_reader_pca10040/ssd1306_oled.o
 *fill*         0x000000000000799b        0x5 
 .rodata.delay_machine_code.4
                0x00000000000079a0        0x6 Output/Release/Obj/adafruit_tag_reader_pca10040/ssd1306_oled.o
 .rodata.font   0x00000000000079a6      0x4fb Output/Release/Obj/adafruit_tag_reader_pca10040/ssd1306_oled.o
 .rodata.postmask.0
                0x0000000000007ea1        0x8 Output/Release/Obj/adafruit_tag_reader_pca10040/ssd1306_oled.o
 .rodata.premask.1
                0x0000000000007ea9        0x8 Output/Release/Obj/adafruit_tag_reader_pca10040/ssd1306_oled.o
 *fill*         0x0000000000007eb1        0xf 
 .rodata.delay_machine_code.0
                0x0000000000007ec0        0x6 Output/Release/Obj/adafruit_tag_reader_pca10040/nrf_drv_twi.o
 .rodata.str1.1
                0x0000000000007ec6        0x7 Output/Release/Obj/adafruit_tag_reader_pca10040/nrfx_gpiote.o
 .rodata.str1.1
                0x0000000000007ecd        0x4 Output/Release/Obj/adafruit_tag_reader_pca10040/nrfx_prs.o
 .rodata.str1.1
                0x0000000000007ed1        0x4 Output/Release/Obj/adafruit_tag_reader_pca10040/nrfx_twi.o
 .rodata.str1.1
                0x0000000000007ed5        0x5 Output/Release/Obj/adafruit_tag_reader_pca10040/nrfx_uart.o
 .rodata.str1.1
                0x0000000000007eda        0x6 Output/Release/Obj/adafruit_tag_reader_pca10040/nrfx_uarte.o
 .rodata.str1.1
                0x0000000000007ee0        0xb Output/Release/Obj/adafruit_tag_reader_pca10040/app_button.o
 *fill*         0x0000000000007eeb        0x1 
 .rodata.m_detection_delay_timer_id
                0x0000000000007eec        0x4 Output/Release/Obj/adafruit_tag_reader_pca10040/app_button.o
 .rodata.app_error_fault_handler.str1.1
                0x0000000000007ef0       0x6c Output/Release/Obj/adafruit_tag_reader_pca10040/app_error_weak.o
 .rodata.str1.1
                0x0000000000007f5c        0xa Output/Release/Obj/adafruit_tag_reader_pca10040/app_timer2.o
 .rodata        0x0000000000007f66        0x4 Output/Release/Obj/adafruit_tag_reader_pca10040/app_timer2.o
 *fill*         0x0000000000007f6a        0x2 
 .rodata.m_app_timer_sortlist
                0x0000000000007f6c        0xc Output/Release/Obj/adafruit_tag_reader_pca10040/app_timer2.o
 .rodata.drv_rtc_init.str1.1
                0x0000000000007f78       0x34 Output/Release/Obj/adafruit_tag_reader_pca10040/drv_rtc.o
 *fill*         0x0000000000007fac        0x4 
 .rodata.delay_machine_code.0
                0x0000000000007fb0        0x6 Output/Release/Obj/adafruit_tag_reader_pca10040/drv_rtc.o
 .rodata.eeprom_init.str1.1
                0x0000000000007fb6       0x4c Output/Release/Obj/adafruit_tag_reader_pca10040/eeprom.o
 .rodata.eeprom_write_data.str1.1
                0x0000000000008002      0x108 Output/Release/Obj/adafruit_tag_reader_pca10040/eeprom.o
                                        0x111 (size before relaxing)
 .rodata.eeprom_read_data.str1.1
                0x000000000000810a       0x79 Output/Release/Obj/adafruit_tag_reader_pca10040/eeprom.o
 .rodata.HardFault_c_handler.str1.1
                0x0000000000008183      0x12e Output/Release/Obj/adafruit_tag_reader_pca10040/hardfault_implementation.o
 .rodata.str1.1
                0x00000000000082b1      0x4c0 Output/Release/Obj/adafruit_tag_reader_pca10040/hardfault_implementation.o
 *fill*         0x0000000000008771        0x3 
 .rodata.cfsr_msgs.0
                0x0000000000008774       0x68 Output/Release/Obj/adafruit_tag_reader_pca10040/hardfault_implementation.o
 .rodata._aV2C.0
                0x00000000000087dc       0x10 Output/Release/Obj/adafruit_tag_reader_pca10040/nrf_fprintf_format.o
 .rodata.str1.1
                0x00000000000087ec        0x9 Output/Release/Obj/adafruit_tag_reader_pca10040/nrf_sortlist.o
 .rodata.str1.1
                0x00000000000087f5      0x37d Output/Release/Obj/adafruit_tag_reader_pca10040/nrf_strerror.o
                                        0x391 (size before relaxing)
 .rodata.m_unknown_str
                0x0000000000008b72       0x13 Output/Release/Obj/adafruit_tag_reader_pca10040/nrf_strerror.o
 *fill*         0x0000000000008b85        0x3 
 .rodata.nrf_strerror_array
                0x0000000000008b88      0x118 Output/Release/Obj/adafruit_tag_reader_pca10040/nrf_strerror.o
 .rodata.uart_init.str1.1
                0x0000000000008ca0       0x8c Output/Release/Obj/adafruit_tag_reader_pca10040/nrf_log_backend_uart.o
 .rodata        0x0000000000008d2c       0x20 Output/Release/Obj/adafruit_tag_reader_pca10040/nrf_log_backend_uart.o
 .rodata.nrf_log_backend_uart_api
                0x0000000000008d4c        0xc Output/Release/Obj/adafruit_tag_reader_pca10040/nrf_log_backend_uart.o
                0x0000000000008d4c                nrf_log_backend_uart_api
 .rodata.str1.1
                0x0000000000008d58       0x11 Output/Release/Obj/adafruit_tag_reader_pca10040/nrf_log_default_backends.o
 .rodata.nrf_log_frontend_dequeue.str1.1
                0x0000000000008d69       0x11 Output/Release/Obj/adafruit_tag_reader_pca10040/nrf_log_frontend.o
 .rodata.str1.1
                0x0000000000008d7a        0x4 Output/Release/Obj/adafruit_tag_reader_pca10040/nrf_log_frontend.o
 *fill*         0x0000000000008d7e        0x2 
 .rodata.m_log_push_ringbuf
                0x0000000000008d80        0xc Output/Release/Obj/adafruit_tag_reader_pca10040/nrf_log_frontend.o
 .rodata.postfix_process.str1.1
                0x0000000000008d8c        0x5 Output/Release/Obj/adafruit_tag_reader_pca10040/nrf_log_str_formatter.o
                                          0xb (size before relaxing)
 .rodata.prefix_process.constprop.0.str1.1
                0x0000000000008d91       0x2a Output/Release/Obj/adafruit_tag_reader_pca10040/nrf_log_str_formatter.o
 .rodata.nrf_log_hexdump_entry_process.str1.1
                0x0000000000008dbb        0xf Output/Release/Obj/adafruit_tag_reader_pca10040/nrf_log_str_formatter.o
                                         0x11 (size before relaxing)
 .rodata.str1.1
                0x0000000000008dca       0x4b Output/Release/Obj/adafruit_tag_reader_pca10040/nrf_log_str_formatter.o
                                         0x51 (size before relaxing)
 *fill*         0x0000000000008e15        0x3 
 .rodata.m_colors
                0x0000000000008e18       0x24 Output/Release/Obj/adafruit_tag_reader_pca10040/nrf_log_str_formatter.o
 .rodata.severity_names
                0x0000000000008e3c       0x14 Output/Release/Obj/adafruit_tag_reader_pca10040/nrf_log_str_formatter.o
 .rodata.ndef_msg_printout.str1.1
                0x0000000000008e50       0x23 Output/Release/Obj/adafruit_tag_reader_pca10040/nfc_ndef_msg_parser.o
 .rodata.str1.1
                0x0000000000008e73       0x14 Output/Release/Obj/adafruit_tag_reader_pca10040/nfc_ndef_msg_parser.o
 .rodata.ndef_record_printout.str1.1
                0x0000000000008e87       0x4a Output/Release/Obj/adafruit_tag_reader_pca10040/nfc_ndef_record_parser.o
                                         0x4e (size before relaxing)
 .rodata.str1.1
                0x0000000000008ed1       0x9b Output/Release/Obj/adafruit_tag_reader_pca10040/nfc_ndef_record_parser.o
 .rodata.tnf_strings
                0x0000000000008f6c       0x20 Output/Release/Obj/adafruit_tag_reader_pca10040/nfc_ndef_record_parser.o
                0x0000000000008f6c                tnf_strings
 .rodata.type_2_tag_parse.str1.1
                0x0000000000008f8c       0x6b Output/Release/Obj/adafruit_tag_reader_pca10040/nfc_t2t_parser.o