Archive member included to satisfy reference by file (symbol)

C:/Program Files/SEGGER/SEGGER Embedded Studio for ARM 7.10/lib/libc_v7em_fpv4_sp_d16_hard_t_le_eabi_balanced.a(fileops.o)
                              Output/Release/Obj/adafruit_tag_reader_pca10040/main.o (puts)
C:/Program Files/SEGGER/SEGGER Embedded Studio for ARM 7.10/lib/libc_v7em_fpv4_sp_d16_hard_t_le_eabi_balanced.a(intasmops_arm.o)
                              Output/Release/Obj/adafruit_tag_reader_pca10040/bsp.o (__aeabi_ldivmod)
C:/Program Files/SEGGER/SEGGER Embedded Studio for ARM 7.10/lib/libc_v7em_fpv4_sp_d16_hard_t_le_eabi_balanced.a(mbops.o)
                              Output/Release/Obj/adafruit_tag_reader_pca10040/nrf_log_str_formatter.o (isprint)
C:/Program Files/SEGGER/SEGGER Embedded Studio for ARM 7.10/lib/libc_v7em_fpv4_sp_d16_hard_t_le_eabi_balanced.a(sortops.o)
                              C:/Program Files/SEGGER/SEGGER Embedded Studio for ARM 7.10/lib/libc_v7em_fpv4_sp_d16_hard_t_le_eabi_balanced.a(mbops.o) (bsearch)
C:/Program Files/SEGGER/SEGGER Embedded Studio for ARM 7.10/lib/libc_v7em_fpv4_sp_d16_hard_t_le_eabi_balanced.a(strasmops_arm.o)
                              Output/Release/Obj/adafruit_tag_reader_pca10040/SEGGER_RTT.o (strcpy)
C:/Program Files/SEGGER/SEGGER Embedded Studio for ARM 7.10/lib/libc_v7em_fpv4_sp_d16_hard_t_le_eabi_balanced.a(strops.o)
                              Output/Release/Obj/adafruit_tag_reader_pca10040/adafruit_pn532.o (memcmp)
C:/Program Files/SEGGER/SEGGER Embedded Studio for ARM 7.10/lib/libc_v7em_fpv4_sp_d16_hard_t_le_eabi_balanced.a(timeops.o)
                              C:/Program Files/SEGGER/SEGGER Embedded Studio for ARM 7.10/lib/libc_v7em_fpv4_sp_d16_hard_t_le_eabi_balanced.a(mbops.o) (__SEGGER_RTL_string_list_encode)
C:/Program Files/SEGGER/SEGGER Embedded Studio for ARM 7.10/lib/libc_v7em_fpv4_sp_d16_hard_t_le_eabi_balanced.a(prinops.o)
                              Output/Release/Obj/adafruit_tag_reader_pca10040/main.o (snprintf)
C:/Program Files/SEGGER/SEGGER Embedded Studio for ARM 7.10/lib/libc_v7em_fpv4_sp_d16_hard_t_le_eabi_balanced.a(__SEGGER_RTL_vfprintf_long.o)
                              (__SEGGER_RTL_vfprintf_long)
C:/Program Files/SEGGER/SEGGER Embedded Studio for ARM 7.10/lib/libc_v7em_fpv4_sp_d16_hard_t_le_eabi_balanced.a(__SEGGER_RTL_vfscanf_long.o)
                              (__SEGGER_RTL_vfscanf_long)
C:/Program Files/SEGGER/SEGGER Embedded Studio for ARM 7.10/lib/libc_v7em_fpv4_sp_d16_hard_t_le_eabi_balanced.a(errno.o)
                              C:/Program Files/SEGGER/SEGGER Embedded Studio for ARM 7.10/lib/libc_v7em_fpv4_sp_d16_hard_t_le_eabi_balanced.a(fileops.o) (__aeabi_errno_addr)
C:/Program Files/SEGGER/SEGGER Embedded Studio for ARM 7.10/lib/libc_v7em_fpv4_sp_d16_hard_t_le_eabi_balanced.a(execops.o)
                              C:/Program Files/SEGGER/SEGGER Embedded Studio for ARM 7.10/lib/libc_v7em_fpv4_sp_d16_hard_t_le_eabi_balanced.a(strops.o) (__SEGGER_RTL_constraint_violation)
C:/Program Files/SEGGER/SEGGER Embedded Studio for ARM 7.10/lib/libc_v7em_fpv4_sp_d16_hard_t_le_eabi_balanced.a(execops_arm.o)
                              C:/Program Files/SEGGER/SEGGER Embedded Studio for ARM 7.10/lib/libc_v7em_fpv4_sp_d16_hard_t_le_eabi_balanced.a(execops.o) (__aeabi_SIGABRT)
C:/Program Files/SEGGER/SEGGER Embedded Studio for ARM 7.10/lib/libc_v7em_fpv4_sp_d16_hard_t_le_eabi_balanced.a(floatasmops_arm.o)
                              C:/Program Files/SEGGER/SEGGER Embedded Studio for ARM 7.10/lib/libc_v7em_fpv4_sp_d16_hard_t_le_eabi_balanced.a(timeops.o) (__aeabi_i2d)
C:/Program Files/SEGGER/SEGGER Embedded Studio for ARM 7.10/lib/libc_v7em_fpv4_sp_d16_hard_t_le_eabi_balanced.a(intops.o)
                              C:/Program Files/SEGGER/SEGGER Embedded Studio for ARM 7.10/lib/libc_v7em_fpv4_sp_d16_hard_t_le_eabi_balanced.a(timeops.o) (div)
C:/Program Files/SEGGER/SEGGER Embedded Studio for ARM 7.10/lib/libc_v7em_fpv4_sp_d16_hard_t_le_eabi_balanced.a(utilops.o)
                              C:/Program Files/SEGGER/SEGGER Embedded Studio for ARM 7.10/lib/libc_v7em_fpv4_sp_d16_hard_t_le_eabi_balanced.a(__SEGGER_RTL_vfscanf_long.o) (__SEGGER_RTL_digit)
C:/Program Files/SEGGER/SEGGER Embedded Studio for ARM 7.10/lib/libc_v7em_fpv4_sp_d16_hard_t_le_eabi_balanced.a(convops.o)
                              C:/Program Files/SEGGER/SEGGER Embedded Studio for ARM 7.10/lib/libc_v7em_fpv4_sp_d16_hard_t_le_eabi_balanced.a(execops.o) (itoa)
C:/Program Files/SEGGER/SEGGER Embedded Studio for ARM 7.10/lib/libc_v7em_fpv4_sp_d16_hard_t_le_eabi_balanced.a(floatops.o)
                              C:/Program Files/SEGGER/SEGGER Embedded Studio for ARM 7.10/lib/libc_v7em_fpv4_sp_d16_hard_t_le_eabi_balanced.a(convops.o) (__SEGGER_RTL_float32_isinf)
C:/Program Files/SEGGER/SEGGER Embedded Studio for ARM 7.10/lib/prinops_rtt_v7em_fpv4_sp_d16_hard_t_le_eabi_balanced.a(prinops_rtt.o)
[...]
Memory Configuration

Name             Origin             Length             Attributes
UNPLACED_SECTIONS 0x0000000100000000 0x0000000000000000 xw
RAM1             0x0000000020000000 0x0000000000010000 xw
FLASH1           0x0000000000000000 0x0000000000080000 xw
*default*        0x0000000000000000 0xffffffffffffffff

Linker script and memory map

                0x0000000000006560                __SEGGER_RTL_vfprintf = __SEGGER_RTL_vfprintf_long
                0x0000000000000000                __SEGGER_RTL_vfscanf = __SEGGER_RTL_vfscanf_long
                0x0000000020000000                __RAM1_segment_start__ = 0x20000000
                0x0000000020010000                __RAM1_segment_end__ = 0x20010000
                0x0000000000010000                __RAM1_segment_size__ = 0x10000
                0x0000000000000000                __FLASH1_segment_start__ = 0x0
                0x0000000000080000                __FLASH1_segment_end__ = 0x80000
                0x0000000000080000                __FLASH1_segment_size__ = 0x80000
                0x0000000000002000                __HEAPSIZE__ = 0x2000
                0x0000000000000000                __STACKSIZE_PROCESS__ = 0x0
                0x0000000000002000                __STACKSIZE__ = 0x2000
                0x0000000020000000                __vectors_ram_load_start__ = 0x20000000

.vectors_ram    0x0000000020000000        0x0
                0x0000000020000000                __vectors_ram_start__ = .
                0x0000000020000000                __app_ram_start__ = __vectors_ram_start__
 *(.vectors_ram .vectors_ram.*)
                0x0000000020000000                __vectors_ram_end__ = (__vectors_ram_start__ + SIZEOF (.vectors_ram))
                0x0000000000000000                __vectors_ram_size__ = SIZEOF (.vectors_ram)
                0x0000000020000000                __vectors_ram_load_end__ = __vectors_ram_end__
                0x0000000000000001                . = ASSERT (((__vectors_ram_start__ == __vectors_ram_end__) || ((__vectors_ram_end__ - __RAM1_segment_start__) <= __RAM1_segment_size__)), error: .vectors_ram is too large to fit in RAM1 memory segment)
                0x0000000020000000                __nrf_sections_run_load_start__ = ALIGN (__vectors_ram_end__, 0x4)

.nrf_sections_run
                0x0000000020000000        0x0
                0x0000000020000000                __nrf_sections_run_start__ = .
                0x0000000020000000                __start_nrf_sections_run = __nrf_sections_run_start__
 *(.nrf_sections_run .nrf_sections_run.*)
                0x0000000020000000                __nrf_sections_run_end__ = (__nrf_sections_run_start__ + SIZEOF (.nrf_sections_run))
                0x0000000000000000                __nrf_sections_run_size__ = SIZEOF (.nrf_sections_run)
                0x0000000020000000                __nrf_sections_run_load_end__ = __nrf_sections_run_end__
                0x0000000000000001                . = ASSERT (((__nrf_sections_run_start__ == __nrf_sections_run_end__) || ((__nrf_sections_run_end__ - __RAM1_segment_start__) <= __RAM1_segment_size__)), error: .nrf_sections_run is too large to fit in RAM1 memory segment)
                0x0000000000000000                __vectors_load_start__ = 0x0

.vectors        0x0000000000000000      0x200
                0x0000000000000000                __vectors_start__ = .
 *(.vectors .vectors.*)
 .vectors       0x0000000000000000      0x200 Output/Release/Obj/adafruit_tag_reader_pca10040/ses_startup_nrf52.o
                0x0000000000000000                _vectors
                0x0000000000000200                __vectors_end__ = (__vectors_start__ + SIZEOF (.vectors))
                0x0000000000000200                __vectors_size__ = SIZEOF (.vectors)
                0x0000000000000200                __vectors_load_end__ = __vectors_end__
                0x0000000000000001                . = ASSERT (((__vectors_start__ == __vectors_end__) || ((__vectors_end__ - __FLASH1_segment_start__) <= __FLASH1_segment_size__)), error: .vectors is too large to fit in FLASH1 memory segment)
                0x0000000000000200                __init_load_start__ = ALIGN (__vectors_end__, 0x4)

.init           0x0000000000000200      0x1cc
                0x0000000000000200                __init_start__ = .
 *(.init .init.*)
 .init          0x0000000000000200       0x18 Output/Release/Obj/adafruit_tag_reader_pca10040/ses_startup_nrf52.o
                0x0000000000000200                NMI_Handler
                0x0000000000000204                MemoryManagement_Handler
                0x0000000000000206                BusFault_Handler
                0x0000000000000208                UsageFault_Handler
                0x000000000000020a                SVC_Handler
                0x000000000000020c                DebugMon_Handler
                0x000000000000020e                PendSV_Handler
                0x0000000000000210                SysTick_Handler
                0x0000000000000212                PWM1_IRQHandler
                0x0000000000000212                SWI0_EGU0_IRQHandler
                0x0000000000000212                POWER_CLOCK_IRQHandler
                0x0000000000000212                RADIO_IRQHandler
                0x0000000000000212                PDM_IRQHandler
                0x0000000000000212                TEMP_IRQHandler
                0x0000000000000212                QDEC_IRQHandler
                0x0000000000000212                RTC0_IRQHandler
                0x0000000000000212                FPU_IRQHandler
                0x0000000000000212                SWI2_EGU2_IRQHandler
                0x0000000000000212                TIMER4_IRQHandler
                0x0000000000000212                I2S_IRQHandler
                0x0000000000000212                SWI4_EGU4_IRQHandler
                0x0000000000000212                TIMER0_IRQHandler
                0x0000000000000212                Dummy_Handler
                0x0000000000000212                TIMER1_IRQHandler
                0x0000000000000212                PWM2_IRQHandler
                0x0000000000000212                ECB_IRQHandler
                0x0000000000000212                SPIM1_SPIS1_TWIM1_TWIS1_SPI1_TWI1_IRQHandler
                0x0000000000000212                SAADC_IRQHandler
                0x0000000000000212                CCM_AAR_IRQHandler
                0x0000000000000212                WDT_IRQHandler
                0x0000000000000212                TIMER3_IRQHandler
                0x0000000000000212                SWI5_EGU5_IRQHandler
                0x0000000000000212                RNG_IRQHandler
                0x0000000000000212                RTC2_IRQHandler
                0x0000000000000212                PWM0_IRQHandler
                0x0000000000000212                SWI3_EGU3_IRQHandler
                0x0000000000000212                SWI1_EGU1_IRQHandler
                0x0000000000000212                SPIM2_SPIS2_SPI2_IRQHandler
                0x0000000000000212                NFCT_IRQHandler
                0x0000000000000212                TIMER2_IRQHandler
                0x0000000000000212                MWU_IRQHandler
                0x0000000000000212                COMP_LPCOMP_IRQHandler
                0x0000000000000214                nRFInitialize
 .init          0x0000000000000218       0x5c Output/Release/Obj/adafruit_tag_reader_pca10040/ses_startup_nrf_common.o
                0x0000000000000218                Reset_Handler
                0x000000000000021c                afterInitialize
                0x0000000000000240                InitializeUserMemorySections
 .init          0x0000000000000274      0x158 Output/Release/Obj/adafruit_tag_reader_pca10040/thumb_crt0.o
                0x0000000000000274                _start
                0x0000000000000322                exit
                0x00000000000003cc                __init_end__ = (__init_start__ + SIZEOF (.init))
                0x00000000000001cc                __init_size__ = SIZEOF (.init)
                0x00000000000003cc                __init_load_end__ = __init_end__
                0x0000000000000001                . = ASSERT (((__init_start__ == __init_end__) || ((__init_end__ - __FLASH1_segment_start__) <= __FLASH1_segment_size__)), error: .init is too large to fit in FLASH1 memory segment)
                0x00000000000003cc                __init_rodata_load_start__ = ALIGN (__init_end__, 0x4)

.init_rodata    0x00000000000003cc        0x0
                0x00000000000003cc                __init_rodata_start__ = .
 *(.init_rodata .init_rodata.*)
                0x00000000000003cc                __init_rodata_end__ = (__init_rodata_start__ + SIZEOF (.init_rodata))
                0x0000000000000000                __init_rodata_size__ = SIZEOF (.init_rodata)
                0x00000000000003cc                __init_rodata_load_end__ = __init_rodata_end__
                0x0000000000000001                . = ASSERT (((__init_rodata_start__ == __init_rodata_end__) || ((__init_rodata_end__ - __FLASH1_segment_start__) <= __FLASH1_segment_size__)), error: .init_rodata is too large to fit in FLASH1 memory segment)
                0x00000000000003cc                __text_load_start__ = ALIGN (__init_rodata_end__, 0x4)

.text           0x00000000000003cc     0x6728
                0x00000000000003cc                __text_start__ = .
 *(.text .text.* .gnu.linkonce.t.* .glue_7t .glue_7 .gcc_except_table .ARM.extab* .gnu.linkonce.armextab.*)
 .glue_7        0x00000000000003cc        0x0 linker stubs
 .glue_7t       0x00000000000003cc        0x0 linker stubs
 .text.display_idle
                0x00000000000003cc       0x54 Output/Release/Obj/adafruit_tag_reader_pca10040/main.o
 .text.update_display_counter
                0x0000000000000420       0xa8 Output/Release/Obj/adafruit_tag_reader_pca10040/main.o
 .text.timer_handler
                0x00000000000004c8       0x3c Output/Release/Obj/adafruit_tag_reader_pca10040/main.o
 .text.button_event_handler
                0x0000000000000504      0x158 Output/Release/Obj/adafruit_tag_reader_pca10040/main.o
 .text.utils_setup
                0x000000000000065c       0xa4 Output/Release/Obj/adafruit_tag_reader_pca10040/main.o
                0x000000000000065c                utils_setup
 .text.ndef_data_analyze
                0x0000000000000700       0x48 Output/Release/Obj/adafruit_tag_reader_pca10040/main.o
                0x0000000000000700                ndef_data_analyze
 .text.t2t_data_read
                0x0000000000000748       0x88 Output/Release/Obj/adafruit_tag_reader_pca10040/main.o
                0x0000000000000748                t2t_data_read
 .text.t2t_data_analyze
                0x00000000000007d0       0x70 Output/Release/Obj/adafruit_tag_reader_pca10040/main.o
                0x00000000000007d0                t2t_data_analyze
 .text.t2t_data_read_and_analyze
                0x0000000000000840       0x20 Output/Release/Obj/adafruit_tag_reader_pca10040/main.o
                0x0000000000000840                t2t_data_read_and_analyze
 .text.t4t_data_read_and_analyze
                0x0000000000000860      0x10c Output/Release/Obj/adafruit_tag_reader_pca10040/main.o
                0x0000000000000860                t4t_data_read_and_analyze
 .text.tag_type_identify
                0x000000000000096c       0x16 Output/Release/Obj/adafruit_tag_reader_pca10040/main.o
                0x000000000000096c                tag_type_identify
 *fill*         0x0000000000000982        0x2 
 .text.i2c_init
                0x0000000000000984       0x54 Output/Release/Obj/adafruit_tag_reader_pca10040/main.o
                0x0000000000000984                i2c_init
 .text.pn532_init
                0x00000000000009d8        0xc Output/Release/Obj/adafruit_tag_reader_pca10040/main.o
                0x00000000000009d8                pn532_init
 .text.tag_detect_and_read
                0x00000000000009e4       0x90 Output/Release/Obj/adafruit_tag_reader_pca10040/main.o
                0x00000000000009e4                tag_detect_and_read
 .text.after_read_delay
                0x0000000000000a74       0x30 Output/Release/Obj/adafruit_tag_reader_pca10040/main.o
                0x0000000000000a74                after_read_delay
 .text.startup.main
                0x0000000000000aa4      0x26c Output/Release/Obj/adafruit_tag_reader_pca10040/main.o
                0x0000000000000aa4                main
 .text.nrf52_errata_12
                0x0000000000000d10       0x1c Output/Release/Obj/adafruit_tag_reader_pca10040/system_nrf52.o
 .text.nrf52_errata_16
                0x0000000000000d2c       0x28 Output/Release/Obj/adafruit_tag_reader_pca10040/system_nrf52.o
 .text.nvmc_wait
                0x0000000000000d54       0x10 Output/Release/Obj/adafruit_tag_reader_pca10040/system_nrf52.o
                0x0000000000000d54                nvmc_wait
 .text.SystemInit
                0x0000000000000d64      0x298 Output/Release/Obj/adafruit_tag_reader_pca10040/system_nrf52.o
                0x0000000000000d64                SystemInit
 .text.is_initialized
                0x0000000000000ffc       0x14 Output/Release/Obj/adafruit_tag_reader_pca10040/ssd1306_oled.o
                0x0000000000000ffc                is_initialized
 .text.ssd1306_init_i2c_2
                0x0000000000001010       0x2c Output/Release/Obj/adafruit_tag_reader_pca10040/ssd1306_oled.o
                0x0000000000001010                ssd1306_init_i2c_2
 .text.ssd1306_command
                0x000000000000103c       0x4c Output/Release/Obj/adafruit_tag_reader_pca10040/ssd1306_oled.o
                0x000000000000103c                ssd1306_command
 .text.ssd1306_begin
                0x0000000000001088      0x160 Output/Release/Obj/adafruit_tag_reader_pca10040/ssd1306_oled.o
                0x0000000000001088                ssd1306_begin
 .text.ssd1306_draw_pixel
                0x00000000000011e8       0xe4 Output/Release/Obj/adafruit_tag_reader_pca10040/ssd1306_oled.o
                0x00000000000011e8                ssd1306_draw_pixel
 .text.ssd1306_display
                0x00000000000012cc       0x9c Output/Release/Obj/adafruit_tag_reader_pca10040/ssd1306_oled.o
                0x00000000000012cc                ssd1306_display
 .text.ssd1306_clear_display
                0x0000000000001368       0x10 Output/Release/Obj/adafruit_tag_reader_pca10040/ssd1306_oled.o
                0x0000000000001368                ssd1306_clear_display
 .text.ssd1306_draw_fast_hline_internal
                0x0000000000001378       0x98 Output/Release/Obj/adafruit_tag_reader_pca10040/ssd1306_oled.o
                0x0000000000001378                ssd1306_draw_fast_hline_internal
 .text.ssd1306_draw_fast_vline_internal
                0x0000000000001410      0x138 Output/Release/Obj/adafruit_tag_reader_pca10040/ssd1306_oled.o
                0x0000000000001410                ssd1306_draw_fast_vline_internal
 .text.ssd1306_draw_fast_vline
                0x0000000000001548       0x60 Output/Release/Obj/adafruit_tag_reader_pca10040/ssd1306_oled.o
                0x0000000000001548                ssd1306_draw_fast_vline
 .text.ssd1306_fill_rect
                0x00000000000015a8       0x2a Output/Release/Obj/adafruit_tag_reader_pca10040/ssd1306_oled.o
                0x00000000000015a8                ssd1306_fill_rect
 *fill*         0x00000000000015d2        0x2 
 .text.ssd1306_draw_char
                0x00000000000015d4      0x114 Output/Release/Obj/adafruit_tag_reader_pca10040/ssd1306_oled.o
                0x00000000000015d4                ssd1306_draw_char
 .text.twi_evt_handler
                0x00000000000016e8       0x40 Output/Release/Obj/adafruit_tag_reader_pca10040/nrf_drv_twi.o
 .text.nrfx_coredep_delay_us.part.0.constprop.0
                0x0000000000001728       0x10 Output/Release/Obj/adafruit_tag_reader_pca10040/nrf_drv_twi.o
 .text.nrf_drv_twi_init
                0x0000000000001738       0xe0 Output/Release/Obj/adafruit_tag_reader_pca10040/nrf_drv_twi.o
                0x0000000000001738                nrf_drv_twi_init
 .text.uarte_evt_handler
                0x0000000000001818       0x34 Output/Release/Obj/adafruit_tag_reader_pca10040/nrf_drv_uart.o
 .text.uart_evt_handler
                0x000000000000184c       0x34 Output/Release/Obj/adafruit_tag_reader_pca10040/nrf_drv_uart.o
 .text.nrf_drv_uart_init
                0x0000000000001880       0x7c Output/Release/Obj/adafruit_tag_reader_pca10040/nrf_drv_uart.o
                0x0000000000001880                nrf_drv_uart_init
 .text.nrf_gpiote_event_clear
                0x00000000000018fc       0x18 Output/Release/Obj/adafruit_tag_reader_pca10040/nrfx_gpiote.o
 .text.nrf_gpio_cfg_sense_set
                0x0000000000001914       0x20 Output/Release/Obj/adafruit_tag_reader_pca10040/nrfx_gpiote.o
 .text.channel_free
                0x0000000000001934       0x1c Output/Release/Obj/adafruit_tag_reader_pca10040/nrfx_gpiote.o
 .text.nrfx_gpiote_init
                0x0000000000001950       0x70 Output/Release/Obj/adafruit_tag_reader_pca10040/nrfx_gpiote.o
                0x0000000000001950                nrfx_gpiote_init
 .text.nrfx_gpiote_is_init
                0x00000000000019c0       0x14 Output/Release/Obj/adafruit_tag_reader_pca10040/nrfx_gpiote.o
                0x00000000000019c0                nrfx_gpiote_is_init
 .text.nrfx_gpiote_in_init
                0x00000000000019d4       0xf0 Output/Release/Obj/adafruit_tag_reader_pca10040/nrfx_gpiote.o
                0x00000000000019d4                nrfx_gpiote_in_init
 .text.nrfx_gpiote_in_event_enable
                0x0000000000001ac4       0x88 Output/Release/Obj/adafruit_tag_reader_pca10040/nrfx_gpiote.o
                0x0000000000001ac4                nrfx_gpiote_in_event_enable
 .text.nrfx_gpiote_in_is_set
                0x0000000000001b4c       0x12 Output/Release/Obj/adafruit_tag_reader_pca10040/nrfx_gpiote.o
                0x0000000000001b4c                nrfx_gpiote_in_is_set
 *fill*         0x0000000000001b5e        0x2 
 .text.GPIOTE_IRQHandler
                0x0000000000001b60      0x14c Output/Release/Obj/adafruit_tag_reader_pca10040/nrfx_gpiote.o
                0x0000000000001b60                GPIOTE_IRQHandler
 .text.UARTE0_UART0_IRQHandler
                0x0000000000001cac        0xc Output/Release/Obj/adafruit_tag_reader_pca10040/nrfx_prs.o
                0x0000000000001cac                UARTE0_UART0_IRQHandler
 .text.nrfx_prs_acquire
                0x0000000000001cb8       0x38 Output/Release/Obj/adafruit_tag_reader_pca10040/nrfx_prs.o
                0x0000000000001cb8                nrfx_prs_acquire
 .text.nrfx_prs_release
                0x0000000000001cf0       0x18 Output/Release/Obj/adafruit_tag_reader_pca10040/nrfx_prs.o
                0x0000000000001cf0                nrfx_prs_release
 .text.nrf_twi_event_clear
                0x0000000000001d08       0x10 Output/Release/Obj/adafruit_tag_reader_pca10040/nrfx_twi.o
 .text.twi_send_byte
                0x0000000000001d18       0x3a Output/Release/Obj/adafruit_tag_reader_pca10040/nrfx_twi.o
 .text.twi_transfer
                0x0000000000001d52      0x118 Output/Release/Obj/adafruit_tag_reader_pca10040/nrfx_twi.o
 *fill*         0x0000000000001e6a        0x2 
 .text.twi_tx_start_transfer
                0x0000000000001e6c       0xcc Output/Release/Obj/adafruit_tag_reader_pca10040/nrfx_twi.o
 .text.twi_rx_start_transfer
                0x0000000000001f38       0xd8 Output/Release/Obj/adafruit_tag_reader_pca10040/nrfx_twi.o
 .text.SPIM0_SPIS0_TWIM0_TWIS0_SPI0_TWI0_IRQHandler
                0x0000000000002010       0xc0 Output/Release/Obj/adafruit_tag_reader_pca10040/nrfx_twi.o
                0x0000000000002010                SPIM0_SPIS0_TWIM0_TWIS0_SPI0_TWI0_IRQHandler
 .text.nrfx_twi_init
                0x00000000000020d0       0xdc Output/Release/Obj/adafruit_tag_reader_pca10040/nrfx_twi.o
                0x00000000000020d0                nrfx_twi_init
 .text.nrfx_twi_enable
                0x00000000000021ac       0x20 Output/Release/Obj/adafruit_tag_reader_pca10040/nrfx_twi.o
                0x00000000000021ac                nrfx_twi_enable
 .text.nrfx_twi_xfer
                0x00000000000021cc       0xd4 Output/Release/Obj/adafruit_tag_reader_pca10040/nrfx_twi.o
                0x00000000000021cc                nrfx_twi_xfer
 .text.nrfx_twi_tx
                0x00000000000022a0       0x26 Output/Release/Obj/adafruit_tag_reader_pca10040/nrfx_twi.o
                0x00000000000022a0                nrfx_twi_tx
 .text.nrfx_twi_rx
                0x00000000000022c6       0x24 Output/Release/Obj/adafruit_tag_reader_pca10040/nrfx_twi.o
                0x00000000000022c6                nrfx_twi_rx
 .text.nrf_uart_event_clear
                0x00000000000022ea       0x10 Output/Release/Obj/adafruit_tag_reader_pca10040/nrfx_uart.o
 .text.tx_byte  0x00000000000022fa       0x1e Output/Release/Obj/adafruit_tag_reader_pca10040/nrfx_uart.o
 .text.rx_byte  0x0000000000002318       0x2c Output/Release/Obj/adafruit_tag_reader_pca10040/nrfx_uart.o
 .text.rx_done_event.constprop.0
                0x0000000000002344       0x20 Output/Release/Obj/adafruit_tag_reader_pca10040/nrfx_uart.o
 .text.nrfx_uart_0_irq_handler
                0x0000000000002364      0x140 Output/Release/Obj/adafruit_tag_reader_pca10040/nrfx_uart.o
                0x0000000000002364                nrfx_uart_0_irq_handler
 .text.nrfx_uart_init
                0x00000000000024a4      0x168 Output/Release/Obj/adafruit_tag_reader_pca10040/nrfx_uart.o
                0x00000000000024a4                nrfx_uart_init
 .text.nrfx_uart_uninit
                0x000000000000260c       0xd4 Output/Release/Obj/adafruit_tag_reader_pca10040/nrfx_uart.o
                0x000000000000260c                nrfx_uart_uninit
 .text.nrfx_uart_tx_in_progress
                0x00000000000026e0       0x18 Output/Release/Obj/adafruit_tag_reader_pca10040/nrfx_uart.o
                0x00000000000026e0                nrfx_uart_tx_in_progress
 .text.nrfx_uart_tx
                0x00000000000026f8       0x98 Output/Release/Obj/adafruit_tag_reader_pca10040/nrfx_uart.o
                0x00000000000026f8                nrfx_uart_tx
 .text.nrf_uarte_event_clear
                0x0000000000002790       0x10 Output/Release/Obj/adafruit_tag_reader_pca10040/nrfx_uarte.o
 .text.rx_done_event.constprop.0
                0x00000000000027a0       0x20 Output/Release/Obj/adafruit_tag_reader_pca10040/nrfx_uarte.o
 .text.nrfx_uarte_0_irq_handler
                0x00000000000027c0      0x118 Output/Release/Obj/adafruit_tag_reader_pca10040/nrfx_uarte.o
                0x00000000000027c0                nrfx_uarte_0_irq_handler
 .text.nrfx_uarte_init
                0x00000000000028d8      0x17c Output/Release/Obj/adafruit_tag_reader_pca10040/nrfx_uarte.o
                0x00000000000028d8                nrfx_uarte_init
 .text.nrfx_uarte_uninit
                0x0000000000002a54      0x120 Output/Release/Obj/adafruit_tag_reader_pca10040/nrfx_uarte.o
                0x0000000000002a54                nrfx_uarte_uninit
 .text.nrfx_uarte_tx_in_progress
                0x0000000000002b74       0x18 Output/Release/Obj/adafruit_tag_reader_pca10040/nrfx_uarte.o
                0x0000000000002b74                nrfx_uarte_tx_in_progress
 .text.nrfx_uarte_tx
                0x0000000000002b8c       0x9c Output/Release/Obj/adafruit_tag_reader_pca10040/nrfx_uarte.o
                0x0000000000002b8c                nrfx_uarte_tx
 .text.state_set
                0x0000000000002c28       0x24 Output/Release/Obj/adafruit_tag_reader_pca10040/app_button.o
 .text.button_get
                0x0000000000002c4c       0x30 Output/Release/Obj/adafruit_tag_reader_pca10040/app_button.o
 .text.usr_event
                0x0000000000002c7c       0x20 Output/Release/Obj/adafruit_tag_reader_pca10040/app_button.o
 .text.timer_start
                0x0000000000002c9c       0x18 Output/Release/Obj/adafruit_tag_reader_pca10040/app_button.o
 .text.gpiote_event_handler
                0x0000000000002cb4       0x34 Output/Release/Obj/adafruit_tag_reader_pca10040/app_button.o
 .text.evt_handle
                0x0000000000002ce8       0xdc Output/Release/Obj/adafruit_tag_reader_pca10040/app_button.o
                0x0000000000002ce8                evt_handle
 .text.detection_delay_timeout_handler
                0x0000000000002dc4       0x5c Output/Release/Obj/adafruit_tag_reader_pca10040/app_button.o
 .text.app_button_init
                0x0000000000002e20       0xb0 Output/Release/Obj/adafruit_tag_reader_pca10040/app_button.o
                0x0000000000002e20                app_button_init
 .text.app_button_enable
                0x0000000000002ed0       0x2c Output/Release/Obj/adafruit_tag_reader_pca10040/app_button.o
                0x0000000000002ed0                app_button_enable
 .text.app_error_save_and_stop
                0x0000000000002efc       0x58 Output/Release/Obj/adafruit_tag_reader_pca10040/app_error.o
                0x0000000000002efc                app_error_save_and_stop
 .text.app_error_handler
                0x0000000000002f54       0x1a Output/Release/Obj/adafruit_tag_reader_pca10040/app_error_handler_gcc.o
                0x0000000000002f54                app_error_handler
 *fill*         0x0000000000002f6e        0x2 
 .text.app_error_fault_handler
                0x0000000000002f70       0xb0 Output/Release/Obj/adafruit_tag_reader_pca10040/app_error_weak.o
                0x0000000000002f70                app_error_fault_handler
 .text.compare_func
                0x0000000000003020       0x16 Output/Release/Obj/adafruit_tag_reader_pca10040/app_timer2.o
 *fill*         0x0000000000003036        0x2 
 .text.get_now  0x0000000000003038       0x38 Output/Release/Obj/adafruit_tag_reader_pca10040/app_timer2.o
 .text.timer_req_schedule
                0x0000000000003070       0x38 Output/Release/Obj/adafruit_tag_reader_pca10040/app_timer2.o
 .text.timer_expire
                0x00000000000030a8       0x98 Output/Release/Obj/adafruit_tag_reader_pca10040/app_timer2.o
 .text.app_timer_init
                0x0000000000003140       0x64 Output/Release/Obj/adafruit_tag_reader_pca10040/app_timer2.o
                0x0000000000003140                app_timer_init
 .text.app_timer_create
                0x00000000000031a4       0x24 Output/Release/Obj/adafruit_tag_reader_pca10040/app_timer2.o
                0x00000000000031a4                app_timer_create
 .text.app_timer_start
                0x00000000000031c8       0x52 Output/Release/Obj/adafruit_tag_reader_pca10040/app_timer2.o
                0x00000000000031c8                app_timer_start
 *fill*         0x000000000000321a        0x2 
 .text.app_timer_cnt_get
                0x000000000000321c        0xc Output/Release/Obj/adafruit_tag_reader_pca10040/app_timer2.o
                0x000000000000321c                app_timer_cnt_get
 .text.rtc_irq  0x0000000000003228      0x1b8 Output/Release/Obj/adafruit_tag_reader_pca10040/app_timer2.o
 .text.app_util_disable_irq
                0x00000000000033e0       0x10 Output/Release/Obj/adafruit_tag_reader_pca10040/app_util_platform.o
                0x00000000000033e0                app_util_disable_irq
 .text.app_util_enable_irq
                0x00000000000033f0       0x14 Output/Release/Obj/adafruit_tag_reader_pca10040/app_util_platform.o
                0x00000000000033f0                app_util_enable_irq
 .text.app_util_critical_region_enter
                0x0000000000003404        0x4 Output/Release/Obj/adafruit_tag_reader_pca10040/app_util_platform.o
                0x0000000000003404                app_util_critical_region_enter
 .text.app_util_critical_region_exit
                0x0000000000003408        0x4 Output/Release/Obj/adafruit_tag_reader_pca10040/app_util_platform.o
                0x0000000000003408                app_util_critical_region_exit
 .text.evt_pending.isra.0
                0x000000000000340c       0x1a Output/Release/Obj/adafruit_tag_reader_pca10040/drv_rtc.o
 *fill*         0x0000000000003426        0x2 
 .text.drv_rtc_init
                0x0000000000003428       0xa0 Output/Release/Obj/adafruit_tag_reader_pca10040/drv_rtc.o
                0x0000000000003428                drv_rtc_init
 .text.drv_rtc_start
                0x00000000000034c8        0x8 Output/Release/Obj/adafruit_tag_reader_pca10040/drv_rtc.o
                0x00000000000034c8                drv_rtc_start
 .text.drv_rtc_stop
                0x00000000000034d0        0x8 Output/Release/Obj/adafruit_tag_reader_pca10040/drv_rtc.o
                0x00000000000034d0                drv_rtc_stop
 .text.drv_rtc_compare_set
                0x00000000000034d8       0x3e Output/Release/Obj/adafruit_tag_reader_pca10040/drv_rtc.o
                0x00000000000034d8                drv_rtc_compare_set
 *fill*         0x0000000000003516        0x2 
 .text.drv_rtc_windowed_compare_set
                0x0000000000003518       0xf0 Output/Release/Obj/adafruit_tag_reader_pca10040/drv_rtc.o
                0x0000000000003518                drv_rtc_windowed_compare_set
 .text.drv_rtc_overflow_enable
                0x0000000000003608       0x10 Output/Release/Obj/adafruit_tag_reader_pca10040/drv_rtc.o
                0x0000000000003608                drv_rtc_overflow_enable
 .text.drv_rtc_overflow_pending
                0x0000000000003618        0xa Output/Release/Obj/adafruit_tag_reader_pca10040/drv_rtc.o
                0x0000000000003618                drv_rtc_overflow_pending
 .text.drv_rtc_compare_disable
                0x0000000000003622       0x14 Output/Release/Obj/adafruit_tag_reader_pca10040/drv_rtc.o
                0x0000000000003622                drv_rtc_compare_disable
 .text.drv_rtc_compare_pending
                0x0000000000003636        0xc Output/Release/Obj/adafruit_tag_reader_pca10040/drv_rtc.o
                0x0000000000003636                drv_rtc_compare_pending
 .text.drv_rtc_counter_get
                0x0000000000003642        0x8 Output/Release/Obj/adafruit_tag_reader_pca10040/drv_rtc.o
                0x0000000000003642                drv_rtc_counter_get
 *fill*         0x000000000000364a        0x2 
 .text.drv_rtc_irq_trigger
                0x000000000000364c       0x24 Output/Release/Obj/adafruit_tag_reader_pca10040/drv_rtc.o
                0x000000000000364c                drv_rtc_irq_trigger
 .text.RTC1_IRQHandler
                0x0000000000003670       0x14 Output/Release/Obj/adafruit_tag_reader_pca10040/drv_rtc.o
                0x0000000000003670                RTC1_IRQHandler
 .text.HardFault_Handler
                0x0000000000003684       0x34 Output/Release/Obj/adafruit_tag_reader_pca10040/hardfault_handler_gcc.o
                0x0000000000003684                HardFault_Handler
 .text.HardFault_process
                0x00000000000036b8       0x24 Output/Release/Obj/adafruit_tag_reader_pca10040/hardfault_implementation.o
                0x00000000000036b8                HardFault_process
 .text.HardFault_c_handler
                0x00000000000036dc      0x104 Output/Release/Obj/adafruit_tag_reader_pca10040/hardfault_implementation.o
                0x00000000000036dc                HardFault_c_handler
 .text.nrf_atfifo_init
                0x00000000000037e0       0x26 Output/Release/Obj/adafruit_tag_reader_pca10040/nrf_atfifo.o
                0x00000000000037e0                nrf_atfifo_init
 .text.nrf_atfifo_item_alloc
                0x0000000000003806       0x54 Output/Release/Obj/adafruit_tag_reader_pca10040/nrf_atfifo.o
                0x0000000000003806                nrf_atfifo_item_alloc
 .text.nrf_atfifo_item_put
                0x000000000000385a       0x20 Output/Release/Obj/adafruit_tag_reader_pca10040/nrf_atfifo.o
                0x000000000000385a                nrf_atfifo_item_put
 .text.nrf_atfifo_item_get
                0x000000000000387a       0x56 Output/Release/Obj/adafruit_tag_reader_pca10040/nrf_atfifo.o
                0x000000000000387a                nrf_atfifo_item_get
 .text.nrf_atfifo_item_free
                0x00000000000038d0       0x20 Output/Release/Obj/adafruit_tag_reader_pca10040/nrf_atfifo.o
                0x00000000000038d0                nrf_atfifo_item_free
 .text.nrf_atomic_u32_fetch_store
                0x00000000000038f0       0x16 Output/Release/Obj/adafruit_tag_reader_pca10040/nrf_atomic.o
                0x00000000000038f0                nrf_atomic_u32_fetch_store
 .text.nrf_atomic_u32_or
                0x0000000000003906       0x18 Output/Release/Obj/adafruit_tag_reader_pca10040/nrf_atomic.o
                0x0000000000003906                nrf_atomic_u32_or
 .text.nrf_atomic_u32_fetch_and
                0x000000000000391e       0x18 Output/Release/Obj/adafruit_tag_reader_pca10040/nrf_atomic.o
                0x000000000000391e                nrf_atomic_u32_fetch_and
 .text.nrf_atomic_u32_add
                0x0000000000003936       0x18 Output/Release/Obj/adafruit_tag_reader_pca10040/nrf_atomic.o
                0x0000000000003936                nrf_atomic_u32_add
 .text.nrf_atomic_u32_sub
                0x000000000000394e       0x18 Output/Release/Obj/adafruit_tag_reader_pca10040/nrf_atomic.o
                0x000000000000394e                nrf_atomic_u32_sub
 .text.nrf_atomic_flag_set
                0x0000000000003966        0x6 Output/Release/Obj/adafruit_tag_reader_pca10040/nrf_atomic.o
                0x0000000000003966                nrf_atomic_flag_set
 .text.nrf_atomic_flag_clear_fetch
                0x000000000000396c        0x6 Output/Release/Obj/adafruit_tag_reader_pca10040/nrf_atomic.o
                0x000000000000396c                nrf_atomic_flag_clear_fetch
 .text.nrf_balloc_init
                0x0000000000003972       0x2e Output/Release/Obj/adafruit_tag_reader_pca10040/nrf_balloc.o
                0x0000000000003972                nrf_balloc_init
 .text.nrf_balloc_alloc
                0x00000000000039a0       0x40 Output/Release/Obj/adafruit_tag_reader_pca10040/nrf_balloc.o
                0x00000000000039a0                nrf_balloc_alloc
 .text.nrf_balloc_free
                0x00000000000039e0       0x2a Output/Release/Obj/adafruit_tag_reader_pca10040/nrf_balloc.o
                0x00000000000039e0                nrf_balloc_free
 .text.nrf_fprintf_buffer_flush
                0x0000000000003a0a       0x16 Output/Release/Obj/adafruit_tag_reader_pca10040/nrf_fprintf.o
                0x0000000000003a0a                nrf_fprintf_buffer_flush
 .text.nrf_fprintf
                0x0000000000003a20       0x1c Output/Release/Obj/adafruit_tag_reader_pca10040/nrf_fprintf.o
                0x0000000000003a20                nrf_fprintf
 .text.buffer_add
                0x0000000000003a3c       0x2e Output/Release/Obj/adafruit_tag_reader_pca10040/nrf_fprintf_format.o
 *fill*         0x0000000000003a6a        0x2 
 .text.unsigned_print
                0x0000000000003a6c       0xb4 Output/Release/Obj/adafruit_tag_reader_pca10040/nrf_fprintf_format.o
 .text.nrf_fprintf_fmt
                0x0000000000003b20      0x294 Output/Release/Obj/adafruit_tag_reader_pca10040/nrf_fprintf_format.o
                0x0000000000003b20                nrf_fprintf_fmt
 .text.memobj_op
                0x0000000000003db4       0x86 Output/Release/Obj/adafruit_tag_reader_pca10040/nrf_memobj.o
 .text.nrf_memobj_pool_init
                0x0000000000003e3a        0x4 Output/Release/Obj/adafruit_tag_reader_pca10040/nrf_memobj.o
                0x0000000000003e3a                nrf_memobj_pool_init
 .text.nrf_memobj_free
                0x0000000000003e3e       0x2c Output/Release/Obj/adafruit_tag_reader_pca10040/nrf_memobj.o
                0x0000000000003e3e                nrf_memobj_free
 .text.nrf_memobj_alloc
                0x0000000000003e6a       0x5e Output/Release/Obj/adafruit_tag_reader_pca10040/nrf_memobj.o
                0x0000000000003e6a                nrf_memobj_alloc
 .text.nrf_memobj_get
                0x0000000000003ec8        0x8 Output/Release/Obj/adafruit_tag_reader_pca10040/nrf_memobj.o
                0x0000000000003ec8                nrf_memobj_get
 .text.nrf_memobj_put
                0x0000000000003ed0       0x1c Output/Release/Obj/adafruit_tag_reader_pca10040/nrf_memobj.o
                0x0000000000003ed0                nrf_memobj_put
 .text.nrf_memobj_write
                0x0000000000003eec       0x14 Output/Release/Obj/adafruit_tag_reader_pca10040/nrf_memobj.o
                0x0000000000003eec                nrf_memobj_write
 .text.nrf_memobj_read
                0x0000000000003f00       0x14 Output/Release/Obj/adafruit_tag_reader_pca10040/nrf_memobj.o
                0x0000000000003f00                nrf_memobj_read
 .text.nrf_ringbuf_init
                0x0000000000003f14       0x12 Output/Release/Obj/adafruit_tag_reader_pca10040/nrf_ringbuf.o
                0x0000000000003f14                nrf_ringbuf_init
 .text.nrf_sortlist_add
                0x0000000000003f26       0x20 Output/Release/Obj/adafruit_tag_reader_pca10040/nrf_sortlist.o
                0x0000000000003f26                nrf_sortlist_add
 .text.nrf_sortlist_pop
                0x0000000000003f46        0xc Output/Release/Obj/adafruit_tag_reader_pca10040/nrf_sortlist.o
                0x0000000000003f46                nrf_sortlist_pop
 .text.nrf_sortlist_peek
                0x0000000000003f52        0x6 Output/Release/Obj/adafruit_tag_reader_pca10040/nrf_sortlist.o
                0x0000000000003f52                nrf_sortlist_peek
 .text.nrf_sortlist_remove
                0x0000000000003f58       0x1a Output/Release/Obj/adafruit_tag_reader_pca10040/nrf_sortlist.o
                0x0000000000003f58                nrf_sortlist_remove
 *fill*         0x0000000000003f72        0x2 
 .text.nrf_strerror_find
                0x0000000000003f74       0x3c Output/Release/Obj/adafruit_tag_reader_pca10040/nrf_strerror.o
                0x0000000000003f74                nrf_strerror_find
 .text.nrf_strerror_get
                0x0000000000003fb0       0x14 Output/Release/Obj/adafruit_tag_reader_pca10040/nrf_strerror.o
                0x0000000000003fb0                nrf_strerror_get
 .text.nrf_log_backend_serial_put
                0x0000000000003fc4       0xc2 Output/Release/Obj/adafruit_tag_reader_pca10040/nrf_log_backend_serial.o
                0x0000000000003fc4                nrf_log_backend_serial_put
 *fill*         0x0000000000004086        0x2 
 .text.uart_evt_handler
                0x0000000000004088        0xc Output/Release/Obj/adafruit_tag_reader_pca10040/nrf_log_backend_uart.o
 .text.nrf_log_backend_uart_flush
                0x0000000000004094        0x2 Output/Release/Obj/adafruit_tag_reader_pca10040/nrf_log_backend_uart.o
 *fill*         0x0000000000004096        0x2 
 .text.uart_init
                0x0000000000004098       0x54 Output/Release/Obj/adafruit_tag_reader_pca10040/nrf_log_backend_uart.o
 .text.nrf_log_backend_uart_put
                0x00000000000040ec       0x1c Output/Release/Obj/adafruit_tag_reader_pca10040/nrf_log_backend_uart.o
 .text.serial_tx
                0x0000000000004108       0x50 Output/Release/Obj/adafruit_tag_reader_pca10040/nrf_log_backend_uart.o
 .text.nrf_log_backend_uart_panic_set
                0x0000000000004158       0x2c Output/Release/Obj/adafruit_tag_reader_pca10040/nrf_log_backend_uart.o
 .text.nrf_log_backend_uart_init
                0x0000000000004184        0x6 Output/Release/Obj/adafruit_tag_reader_pca10040/nrf_log_backend_uart.o
                0x0000000000004184                nrf_log_backend_uart_init
 *fill*         0x000000000000418a        0x2 
 .text.nrf_log_default_backends_init
                0x000000000000418c       0x20 Output/Release/Obj/adafruit_tag_reader_pca10040/nrf_log_default_backends.o
                0x000000000000418c                nrf_log_default_backends_init
 .text.invalid_packets_omit
                0x00000000000041ac       0x3a Output/Release/Obj/adafruit_tag_reader_pca10040/nrf_log_frontend.o
 *fill*         0x00000000000041e6        0x2 
 .text.buf_prealloc
                0x00000000000041e8      0x110 Output/Release/Obj/adafruit_tag_reader_pca10040/nrf_log_frontend.o
 .text.nrf_log_init
                0x00000000000042f8       0x28 Output/Release/Obj/adafruit_tag_reader_pca10040/nrf_log_frontend.o
                0x00000000000042f8                nrf_log_init
 .text.nrf_log_module_name_get
                0x0000000000004320       0x38 Output/Release/Obj/adafruit_tag_reader_pca10040/nrf_log_frontend.o
                0x0000000000004320                nrf_log_module_name_get
 .text.nrf_log_color_id_get
                0x0000000000004358       0x2c Output/Release/Obj/adafruit_tag_reader_pca10040/nrf_log_frontend.o
                0x0000000000004358                nrf_log_color_id_get
 .text.log_pending_hook
                0x0000000000004384        0x2 Output/Release/Obj/adafruit_tag_reader_pca10040/nrf_log_frontend.o
                0x0000000000004384                log_pending_hook
 *fill*         0x0000000000004386        0x2 
 .text.buffer_is_empty
                0x0000000000004388       0x14 Output/Release/Obj/adafruit_tag_reader_pca10040/nrf_log_frontend.o
                0x0000000000004388                buffer_is_empty
 .text.nrf_log_frontend_dequeue
                0x000000000000439c      0x1f4 Output/Release/Obj/adafruit_tag_reader_pca10040/nrf_log_frontend.o
                0x000000000000439c                nrf_log_frontend_dequeue
 .text.std_n    0x0000000000004590       0x90 Output/Release/Obj/adafruit_tag_reader_pca10040/nrf_log_frontend.o
 .text.nrf_log_frontend_std_0
                0x0000000000004620        0x8 Output/Release/Obj/adafruit_tag_reader_pca10040/nrf_log_frontend.o
                0x0000000000004620                nrf_log_frontend_std_0
 .text.nrf_log_frontend_std_1
                0x0000000000004628       0x12 Output/Release/Obj/adafruit_tag_reader_pca10040/nrf_log_frontend.o
                0x0000000000004628                nrf_log_frontend_std_1
 .text.nrf_log_frontend_std_2
                0x000000000000463a       0x14 Output/Release/Obj/adafruit_tag_reader_pca10040/nrf_log_frontend.o
                0x000000000000463a                nrf_log_frontend_std_2
 .text.nrf_log_frontend_std_3
                0x000000000000464e       0x18 Output/Release/Obj/adafruit_tag_reader_pca10040/nrf_log_frontend.o
                0x000000000000464e                nrf_log_frontend_std_3
 .text.nrf_log_frontend_std_4
                0x0000000000004666       0x1c Output/Release/Obj/adafruit_tag_reader_pca10040/nrf_log_frontend.o
                0x0000000000004666                nrf_log_frontend_std_4
 .text.nrf_log_frontend_std_5
                0x0000000000004682       0x20 Output/Release/Obj/adafruit_tag_reader_pca10040/nrf_log_frontend.o
                0x0000000000004682                nrf_log_frontend_std_5
 *fill*         0x00000000000046a2        0x2 
 .text.nrf_log_frontend_hexdump
                0x00000000000046a4       0xb4 Output/Release/Obj/adafruit_tag_reader_pca10040/nrf_log_frontend.o
                0x00000000000046a4                nrf_log_frontend_hexdump
 .text.nrf_log_backend_add
                0x0000000000004758       0x44 Output/Release/Obj/adafruit_tag_reader_pca10040/nrf_log_frontend.o
                0x0000000000004758                nrf_log_backend_add
 .text.nrf_log_panic
                0x000000000000479c       0x28 Output/Release/Obj/adafruit_tag_reader_pca10040/nrf_log_frontend.o
                0x000000000000479c                nrf_log_panic
 .text.postfix_process
                0x00000000000047c4       0x44 Output/Release/Obj/adafruit_tag_reader_pca10040/nrf_log_str_formatter.o
 .text.prefix_process.constprop.0
                0x0000000000004808       0x7c Output/Release/Obj/adafruit_tag_reader_pca10040/nrf_log_str_formatter.o
 .text.nrf_log_std_entry_process
                0x0000000000004884       0xc8 Output/Release/Obj/adafruit_tag_reader_pca10040/nrf_log_str_formatter.o
                0x0000000000004884                nrf_log_std_entry_process
 .text.nrf_log_hexdump_entry_process
                0x000000000000494c       0xc0 Output/Release/Obj/adafruit_tag_reader_pca10040/nrf_log_str_formatter.o
                0x000000000000494c                nrf_log_hexdump_entry_process
 .text.nfc_ndef_msg_record_add
                0x0000000000004a0c       0x1a Output/Release/Obj/adafruit_tag_reader_pca10040/nfc_ndef_msg.o
                0x0000000000004a0c                nfc_ndef_msg_record_add
 .text.ndef_msg_parser
                0x0000000000004a26       0x1e Output/Release/Obj/adafruit_tag_reader_pca10040/nfc_ndef_msg_parser.o
                0x0000000000004a26                ndef_msg_parser
 .text.ndef_msg_printout
                0x0000000000004a44       0x40 Output/Release/Obj/adafruit_tag_reader_pca10040/nfc_ndef_msg_parser.o
                0x0000000000004a44                ndef_msg_printout
 .text.internal_ndef_msg_parser
                0x0000000000004a84       0x8c Output/Release/Obj/adafruit_tag_reader_pca10040/nfc_ndef_msg_parser_local.o
                0x0000000000004a84                internal_ndef_msg_parser
 .text.ndef_parser_memo_resolve
                0x0000000000004b10       0x3e Output/Release/Obj/adafruit_tag_reader_pca10040/nfc_ndef_msg_parser_local.o
                0x0000000000004b10                ndef_parser_memo_resolve
 .text.nfc_ndef_bin_payload_memcopy
                0x0000000000004b4e       0x24 Output/Release/Obj/adafruit_tag_reader_pca10040/nfc_ndef_record.o
                0x0000000000004b4e                nfc_ndef_bin_payload_memcopy
 *fill*         0x0000000000004b72        0x2 
 .text.ndef_record_parser
                0x0000000000004b74       0xa4 Output/Release/Obj/adafruit_tag_reader_pca10040/nfc_ndef_record_parser.o
                0x0000000000004b74                ndef_record_parser
 .text.ndef_record_printout
                0x0000000000004c18       0xb0 Output/Release/Obj/adafruit_tag_reader_pca10040/nfc_ndef_record_parser.o
                0x0000000000004c18                ndef_record_printout
 .text.type_2_tag_clear
                0x0000000000004cc8       0x10 Output/Release/Obj/adafruit_tag_reader_pca10040/nfc_t2t_parser.o
                0x0000000000004cc8                type_2_tag_clear
 .text.type_2_tag_parse
                0x0000000000004cd8      0x17c Output/Release/Obj/adafruit_tag_reader_pca10040/nfc_t2t_parser.o
                0x0000000000004cd8                type_2_tag_parse
 .text.type_2_tag_printout
                0x0000000000004e54       0xd4 Output/Release/Obj/adafruit_tag_reader_pca10040/nfc_t2t_parser.o
                0x0000000000004e54                type_2_tag_printout
 .text.nfc_t4t_comm_apdu_encode
                0x0000000000004f28       0xba Output/Release/Obj/adafruit_tag_reader_pca10040/nfc_t4t_apdu.o
                0x0000000000004f28                nfc_t4t_comm_apdu_encode
 .text.nfc_t4t_resp_apdu_decode
                0x0000000000004fe2       0x34 Output/Release/Obj/adafruit_tag_reader_pca10040/nfc_t4t_apdu.o
                0x0000000000004fe2                nfc_t4t_resp_apdu_decode
 *fill*         0x0000000000005016        0x2 
 .text.nfc_t4t_resp_apdu_printout
                0x0000000000005018       0x58 Output/Release/Obj/adafruit_tag_reader_pca10040/nfc_t4t_apdu.o
                0x0000000000005018                nfc_t4t_resp_apdu_printout
 .text.nfc_t4t_cc_file_parse
                0x0000000000005070       0xd6 Output/Release/Obj/adafruit_tag_reader_pca10040/nfc_t4t_cc_file.o
                0x0000000000005070                nfc_t4t_cc_file_parse
 .text.nfc_t4t_file_content_get
                0x0000000000005146       0x22 Output/Release/Obj/adafruit_tag_reader_pca10040/nfc_t4t_cc_file.o
                0x0000000000005146                nfc_t4t_file_content_get
 .text.nfc_t4t_file_content_set
                0x0000000000005168       0x24 Output/Release/Obj/adafruit_tag_reader_pca10040/nfc_t4t_cc_file.o
                0x0000000000005168                nfc_t4t_file_content_set
 .text.nfc_t4t_cc_file_printout
                0x000000000000518c       0x90 Output/Release/Obj/adafruit_tag_reader_pca10040/nfc_t4t_cc_file.o
                0x000000000000518c                nfc_t4t_cc_file_printout
 .text.nfc_t4t_comm_apdu_clear
                0x000000000000521c        0x8 Output/Release/Obj/adafruit_tag_reader_pca10040/nfc_t4t_hl_detection_procedures.o
 .text.nfc_t4t_apdu_exchange
                0x0000000000005224       0x6c Output/Release/Obj/adafruit_tag_reader_pca10040/nfc_t4t_hl_detection_procedures.o
 .text.nfc_t4t_apdu_default_exchange
                0x0000000000005290       0x12 Output/Release/Obj/adafruit_tag_reader_pca10040/nfc_t4t_hl_detection_procedures.o
 .text.nfc_t4t_file_chunk_save
                0x00000000000052a2       0x32 Output/Release/Obj/adafruit_tag_reader_pca10040/nfc_t4t_hl_detection_procedures.o
 .text.nfc_t4t_ndef_tag_app_select
                0x00000000000052d4       0x70 Output/Release/Obj/adafruit_tag_reader_pca10040/nfc_t4t_hl_detection_procedures.o
                0x00000000000052d4                nfc_t4t_ndef_tag_app_select
 .text.nfc_t4t_file_select
                0x0000000000005344       0x78 Output/Release/Obj/adafruit_tag_reader_pca10040/nfc_t4t_hl_detection_procedures.o
                0x0000000000005344                nfc_t4t_file_select
 .text.nfc_t4t_cc_select
                0x00000000000053bc       0x30 Output/Release/Obj/adafruit_tag_reader_pca10040/nfc_t4t_hl_detection_procedures.o
                0x00000000000053bc                nfc_t4t_cc_select
 .text.nfc_t4t_cc_read
                0x00000000000053ec       0xe0 Output/Release/Obj/adafruit_tag_reader_pca10040/nfc_t4t_hl_detection_procedures.o
                0x00000000000053ec                nfc_t4t_cc_read
 .text.nfc_t4t_ndef_read
                0x00000000000054cc      0x11c Output/Release/Obj/adafruit_tag_reader_pca10040/nfc_t4t_hl_detection_procedures.o
                0x00000000000054cc                nfc_t4t_ndef_read
 .text.nfc_t4t_file_control_tlv_parse
                0x00000000000055e8       0xfc Output/Release/Obj/adafruit_tag_reader_pca10040/nfc_t4t_tlv_block.o
                0x00000000000055e8                nfc_t4t_file_control_tlv_parse
 .text.nfc_t4t_file_control_tlv_printout
                0x00000000000056e4       0xd8 Output/Release/Obj/adafruit_tag_reader_pca10040/nfc_t4t_tlv_block.o
                0x00000000000056e4                nfc_t4t_file_control_tlv_printout
 .text._GetAvailWriteSpace
                0x00000000000057bc       0x12 Output/Release/Obj/adafruit_tag_reader_pca10040/SEGGER_RTT.o
 .text._WriteNoCheck
                0x00000000000057ce       0x36 Output/Release/Obj/adafruit_tag_reader_pca10040/SEGGER_RTT.o
 .text._WriteBlocking
                0x0000000000005804       0x54 Output/Release/Obj/adafruit_tag_reader_pca10040/SEGGER_RTT.o
 .text._DoInit  0x0000000000005858       0x60 Output/Release/Obj/adafruit_tag_reader_pca10040/SEGGER_RTT.o
 .text.SEGGER_RTT_WriteNoLock
                0x00000000000058b8       0x68 Output/Release/Obj/adafruit_tag_reader_pca10040/SEGGER_RTT.o
                0x00000000000058b8                SEGGER_RTT_WriteNoLock
 .text.SEGGER_RTT_Write
                0x0000000000005920       0x34 Output/Release/Obj/adafruit_tag_reader_pca10040/SEGGER_RTT.o
                0x0000000000005920                SEGGER_RTT_Write
 .text.nrf_delay_ms.part.0
                0x0000000000005954       0x1c Output/Release/Obj/adafruit_tag_reader_pca10040/adafruit_pn532.o
 .text.adafruit_pn532_tag_info_printout
                0x0000000000005970       0x70 Output/Release/Obj/adafruit_tag_reader_pca10040/adafruit_pn532.o
                0x0000000000005970                adafruit_pn532_tag_info_printout
 .text.adafruit_pn532_is_ready
                0x00000000000059e0       0x1c Output/Release/Obj/adafruit_tag_reader_pca10040/adafruit_pn532.o
                0x00000000000059e0                adafruit_pn532_is_ready
 .text.adafruit_pn532_waitready_ms
                0x00000000000059fc       0x20 Output/Release/Obj/adafruit_tag_reader_pca10040/adafruit_pn532.o
                0x00000000000059fc                adafruit_pn532_waitready_ms
 .text.adafruit_pn532_data_read
                0x0000000000005a1c       0x54 Output/Release/Obj/adafruit_tag_reader_pca10040/adafruit_pn532.o
                0x0000000000005a1c                adafruit_pn532_data_read
 .text.adafruit_pn532_ack_read
                0x0000000000005a70       0x3c Output/Release/Obj/adafruit_tag_reader_pca10040/adafruit_pn532.o
                0x0000000000005a70                adafruit_pn532_ack_read
 .text.adafruit_pn532_command_write
                0x0000000000005aac       0x7c Output/Release/Obj/adafruit_tag_reader_pca10040/adafruit_pn532.o
                0x0000000000005aac                adafruit_pn532_command_write
 .text.adafruit_pn532_cmd_send
                0x0000000000005b28       0x50 Output/Release/Obj/adafruit_tag_reader_pca10040/adafruit_pn532.o
                0x0000000000005b28                adafruit_pn532_cmd_send
 .text.adafruit_pn532_firmware_version_get
                0x0000000000005b78       0x6c Output/Release/Obj/adafruit_tag_reader_pca10040/adafruit_pn532.o
                0x0000000000005b78                adafruit_pn532_firmware_version_get
 .text.adafruit_pn532_sam_config
                0x0000000000005be4       0x40 Output/Release/Obj/adafruit_tag_reader_pca10040/adafruit_pn532.o
                0x0000000000005be4                adafruit_pn532_sam_config
 .text.adafruit_pn532_passive_activation_retries_set
                0x0000000000005c24       0x24 Output/Release/Obj/adafruit_tag_reader_pca10040/adafruit_pn532.o
                0x0000000000005c24                adafruit_pn532_passive_activation_retries_set
 .text.adafruit_pn532_init
                0x0000000000005c48       0x94 Output/Release/Obj/adafruit_tag_reader_pca10040/adafruit_pn532.o
                0x0000000000005c48                adafruit_pn532_init
 .text.adafruit_pn532_nfc_a_target_init
                0x0000000000005cdc       0xdc Output/Release/Obj/adafruit_tag_reader_pca10040/adafruit_pn532.o
                0x0000000000005cdc                adafruit_pn532_nfc_a_target_init
 .text.adafruit_pn532_in_data_exchange.part.0
                0x0000000000005db8       0xb4 Output/Release/Obj/adafruit_tag_reader_pca10040/adafruit_pn532.o
 .text.adafruit_pn532_in_data_exchange
                0x0000000000005e6c       0x1c Output/Release/Obj/adafruit_tag_reader_pca10040/adafruit_pn532.o
                0x0000000000005e6c                adafruit_pn532_in_data_exchange
 .text.adafruit_pn532_tag2_read
                0x0000000000005e88       0x26 Output/Release/Obj/adafruit_tag_reader_pca10040/adafruit_pn532.o
                0x0000000000005e88                adafruit_pn532_tag2_read
 *fill*         0x0000000000005eae        0x2 
 .text.adafruit_pn532_field_switch
                0x0000000000005eb0       0x34 Output/Release/Obj/adafruit_tag_reader_pca10040/adafruit_pn532.o
 .text.adafruit_pn532_field_off
                0x0000000000005ee4        0x6 Output/Release/Obj/adafruit_tag_reader_pca10040/adafruit_pn532.o
                0x0000000000005ee4                adafruit_pn532_field_off
 .text.libc.putchar
                0x0000000000005eea        0xe C:/Program Files/SEGGER/SEGGER Embedded Studio for ARM 7.10/lib/libc_v7em_fpv4_sp_d16_hard_t_le_eabi_balanced.a(fileops.o)
                0x0000000000005eea                putchar
 .text.libc.fputc
                0x0000000000005ef8       0x22 C:/Program Files/SEGGER/SEGGER Embedded Studio for ARM 7.10/lib/libc_v7em_fpv4_sp_d16_hard_t_le_eabi_balanced.a(fileops.o)
                0x0000000000005ef8                fputc
 .text.libc.puts
                0x0000000000005f1a       0x30 C:/Program Files/SEGGER/SEGGER Embedded Studio for ARM 7.10/lib/libc_v7em_fpv4_sp_d16_hard_t_le_eabi_balanced.a(fileops.o)
                0x0000000000005f1a                puts
 .text.libc.fwrite
                0x0000000000005f4a       0x2e C:/Program Files/SEGGER/SEGGER Embedded Studio for ARM 7.10/lib/libc_v7em_fpv4_sp_d16_hard_t_le_eabi_balanced.a(fileops.o)
                0x0000000000005f4a                fwrite
 .text.libc.__aeabi_uldivmod
                0x0000000000005f78      0x130 C:/Program Files/SEGGER/SEGGER Embedded Studio for ARM 7.10/lib/libc_v7em_fpv4_sp_d16_hard_t_le_eabi_balanced.a(intasmops_arm.o)
                0x0000000000005f78                __aeabi_uldivmod
 .text.libc.__SEGGER_RTL_current_locale
                0x00000000000060a8       0x1a C:/Program Files/SEGGER/SEGGER Embedded Studio for ARM 7.10/lib/libc_v7em_fpv4_sp_d16_hard_t_le_eabi_balanced.a(mbops.o)
                0x00000000000060a8                __SEGGER_RTL_current_locale
 .text.libc.__SEGGER_RTL_ascii_mbtowc
                0x00000000000060c2       0x30 C:/Program Files/SEGGER/SEGGER Embedded Studio for ARM 7.10/lib/libc_v7em_fpv4_sp_d16_hard_t_le_eabi_balanced.a(mbops.o)
                0x00000000000060c2                __SEGGER_RTL_ascii_mbtowc
 .text.libc.__SEGGER_RTL_ascii_wctomb
                0x00000000000060f2        0xe C:/Program Files/SEGGER/SEGGER Embedded Studio for ARM 7.10/lib/libc_v7em_fpv4_sp_d16_hard_t_le_eabi_balanced.a(mbops.o)
                0x00000000000060f2                __SEGGER_RTL_ascii_wctomb
 .text.libc.__SEGGER_RTL_isctype
                0x0000000000006100       0x20 C:/Program Files/SEGGER/SEGGER Embedded Studio for ARM 7.10/lib/libc_v7em_fpv4_sp_d16_hard_t_le_eabi_balanced.a(mbops.o)
 .text.libc.isprint
                0x0000000000006120        0x6 C:/Program Files/SEGGER/SEGGER Embedded Studio for ARM 7.10/lib/libc_v7em_fpv4_sp_d16_hard_t_le_eabi_balanced.a(mbops.o)
                0x0000000000006120                isprint
 .text.libc.__SEGGER_RTL_ascii_isctype
                0x0000000000006126       0x20 C:/Program Files/SEGGER/SEGGER Embedded Studio for ARM 7.10/lib/libc_v7em_fpv4_sp_d16_hard_t_le_eabi_balanced.a(mbops.o)
 .text.libc.__SEGGER_RTL_ascii_toupper
                0x0000000000006146        0xc C:/Program Files/SEGGER/SEGGER Embedded Studio for ARM 7.10/lib/libc_v7em_fpv4_sp_d16_hard_t_le_eabi_balanced.a(mbops.o)
 .text.libc.__SEGGER_RTL_ascii_tolower
                0x0000000000006152        0xc C:/Program Files/SEGGER/SEGGER Embedded Studio for ARM 7.10/lib/libc_v7em_fpv4_sp_d16_hard_t_le_eabi_balanced.a(mbops.o)
 .text.libc.__SEGGER_RTL_ascii_iswctype
                0x000000000000615e       0x20 C:/Program Files/SEGGER/SEGGER Embedded Studio for ARM 7.10/lib/libc_v7em_fpv4_sp_d16_hard_t_le_eabi_balanced.a(mbops.o)
 .text.libc.__SEGGER_RTL_ascii_towupper
                0x000000000000617e        0xc C:/Program Files/SEGGER/SEGGER Embedded Studio for ARM 7.10/lib/libc_v7em_fpv4_sp_d16_hard_t_le_eabi_balanced.a(mbops.o)
 .text.libc.__SEGGER_RTL_ascii_towlower
                0x000000000000618a        0xc C:/Program Files/SEGGER/SEGGER Embedded Studio for ARM 7.10/lib/libc_v7em_fpv4_sp_d16_hard_t_le_eabi_balanced.a(mbops.o)
 *fill*         0x0000000000006196        0x2 
 .text.libc.strcpy
                0x0000000000006198       0x30 C:/Program Files/SEGGER/SEGGER Embedded Studio for ARM 7.10/lib/libc_v7em_fpv4_sp_d16_hard_t_le_eabi_balanced.a(strasmops_arm.o)
                0x0000000000006198                strcpy
 .text.libc.strlen
                0x00000000000061c8       0x60 C:/Program Files/SEGGER/SEGGER Embedded Studio for ARM 7.10/lib/libc_v7em_fpv4_sp_d16_hard_t_le_eabi_balanced.a(strasmops_arm.o)
                0x00000000000061c8                strlen
 .text.libc.memcpy
                0x0000000000006228       0x64 C:/Program Files/SEGGER/SEGGER Embedded Studio for ARM 7.10/lib/libc_v7em_fpv4_sp_d16_hard_t_le_eabi_balanced.a(strasmops_arm.o)
                0x0000000000006228                __aeabi_memcpy
                0x0000000000006228                memcpy
                0x000000000000624a                __aeabi_memcpy8
                0x000000000000624a                __aeabi_memcpy4
 .text.libc.__aeabi_memclr
                0x000000000000628c       0x68 C:/Program Files/SEGGER/SEGGER Embedded Studio for ARM 7.10/lib/libc_v7em_fpv4_sp_d16_hard_t_le_eabi_balanced.a(strasmops_arm.o)
                0x000000000000628c                __aeabi_memclr8
                0x000000000000628c                __aeabi_memclr
                0x000000000000628c                __aeabi_memclr4
                0x000000000000628e                __aeabi_memset4
                0x000000000000628e                __aeabi_memset8
                0x000000000000628e                __aeabi_memset
                0x0000000000006294                memset
 .text.libc.memcmp
                0x00000000000062f4       0x46 C:/Program Files/SEGGER/SEGGER Embedded Studio for ARM 7.10/lib/libc_v7em_fpv4_sp_d16_hard_t_le_eabi_balanced.a(strops.o)
                0x00000000000062f4                memcmp
 .text.libc.strnlen
                0x000000000000633a       0x4c C:/Program Files/SEGGER/SEGGER Embedded Studio for ARM 7.10/lib/libc_v7em_fpv4_sp_d16_hard_t_le_eabi_balanced.a(strops.o)
                0x000000000000633a                strnlen
 .text.libc.__SEGGER_RTL_putc
                0x0000000000006386       0x84 C:/Program Files/SEGGER/SEGGER Embedded Studio for ARM 7.10/lib/libc_v7em_fpv4_sp_d16_hard_t_le_eabi_balanced.a(prinops.o)
                0x0000000000006386                __SEGGER_RTL_putc
 .text.libc.__SEGGER_RTL_prin_flush
                0x000000000000640a       0x1c C:/Program Files/SEGGER/SEGGER Embedded Studio for ARM 7.10/lib/libc_v7em_fpv4_sp_d16_hard_t_le_eabi_balanced.a(prinops.o)
                0x000000000000640a                __SEGGER_RTL_prin_flush
 .text.libc.__SEGGER_RTL_print_padding
                0x0000000000006426       0x1e C:/Program Files/SEGGER/SEGGER Embedded Studio for ARM 7.10/lib/libc_v7em_fpv4_sp_d16_hard_t_le_eabi_balanced.a(prinops.o)
                0x0000000000006426                __SEGGER_RTL_print_padding
 .text.libc.__SEGGER_RTL_pre_padding
                0x0000000000006444       0x12 C:/Program Files/SEGGER/SEGGER Embedded Studio for ARM 7.10/lib/libc_v7em_fpv4_sp_d16_hard_t_le_eabi_balanced.a(prinops.o)
                0x0000000000006444                __SEGGER_RTL_pre_padding
 .text.libc.__SEGGER_RTL_init_prin
                0x0000000000006456       0x18 C:/Program Files/SEGGER/SEGGER Embedded Studio for ARM 7.10/lib/libc_v7em_fpv4_sp_d16_hard_t_le_eabi_balanced.a(prinops.o)
                0x0000000000006456                __SEGGER_RTL_init_prin
 .text.libc.snprintf
                0x000000000000646e       0x32 C:/Program Files/SEGGER/SEGGER Embedded Studio for ARM 7.10/lib/libc_v7em_fpv4_sp_d16_hard_t_le_eabi_balanced.a(prinops.o)
                0x000000000000646e                snprintf
 .text.libc.vfprintf
                0x00000000000064a0       0x1c C:/Program Files/SEGGER/SEGGER Embedded Studio for ARM 7.10/lib/libc_v7em_fpv4_sp_d16_hard_t_le_eabi_balanced.a(prinops.o)
                0x00000000000064a0                vfprintf
 .text.libc.vfprintf_l
                0x00000000000064bc       0x6c C:/Program Files/SEGGER/SEGGER Embedded Studio for ARM 7.10/lib/libc_v7em_fpv4_sp_d16_hard_t_le_eabi_balanced.a(prinops.o)
                0x00000000000064bc                vfprintf_l
 .text.libc.__SEGGER_RTL_stream_write
                0x0000000000006528        0xa C:/Program Files/SEGGER/SEGGER Embedded Studio for ARM 7.10/lib/libc_v7em_fpv4_sp_d16_hard_t_le_eabi_balanced.a(prinops.o)
 .text.libc.printf
                0x0000000000006532       0x2c C:/Program Files/SEGGER/SEGGER Embedded Studio for ARM 7.10/lib/libc_v7em_fpv4_sp_d16_hard_t_le_eabi_balanced.a(prinops.o)
                0x0000000000006532                printf
 *fill*         0x000000000000655e        0x2 
 .text.libc.__SEGGER_RTL_vfprintf_long
                0x0000000000006560      0x544 C:/Program Files/SEGGER/SEGGER Embedded Studio for ARM 7.10/lib/libc_v7em_fpv4_sp_d16_hard_t_le_eabi_balanced.a(__SEGGER_RTL_vfprintf_long.o)
                0x0000000000006560                __SEGGER_RTL_vfprintf_long
 .text.libc.__SEGGER_RTL_X_file_stat
                0x0000000000006aa4       0x30 C:/Program Files/SEGGER/SEGGER Embedded Studio for ARM 7.10/lib/prinops_rtt_v7em_fpv4_sp_d16_hard_t_le_eabi_balanced.a(prinops_rtt.o)
                0x0000000000006aa4                __SEGGER_RTL_X_file_stat
 .text.libc.__SEGGER_RTL_X_file_bufsize
                0x0000000000006ad4        0x4 C:/Program Files/SEGGER/SEGGER Embedded Studio for ARM 7.10/lib/prinops_rtt_v7em_fpv4_sp_d16_hard_t_le_eabi_balanced.a(prinops_rtt.o)
                0x0000000000006ad4                __SEGGER_RTL_X_file_bufsize
 .text.libc.__SEGGER_RTL_X_file_write
                0x0000000000006ad8        0x8 C:/Program Files/SEGGER/SEGGER Embedded Studio for ARM 7.10/lib/prinops_rtt_v7em_fpv4_sp_d16_hard_t_le_eabi_balanced.a(prinops_rtt.o)
                0x0000000000006ad8                __SEGGER_RTL_X_file_write
 .text.libc.__SEGGER_RTL_init_heap
                0x0000000000006ae0       0x14 C:/Program Files/SEGGER/SEGGER Embedded Studio for ARM 7.10/lib/heapops_basic_v7em_fpv4_sp_d16_hard_t_le_eabi_balanced.a(heapops_basic.o)
                0x0000000000006ae0                __SEGGER_RTL_init_heap
                0x0000000000006af4                __text_end__ = (__text_start__ + SIZEOF (.text))
                0x0000000000006728                __text_size__ = SIZEOF (.text)
                0x0000000000006af4                __text_load_end__ = __text_end__

.vfp11_veneer   0x0000000100000000        0x0
 .vfp11_veneer  0x0000000100000000        0x0 linker stubs

.v4_bx          0x0000000100000000        0x0
 .v4_bx         0x0000000100000000        0x0 linker stubs

.iplt           0x0000000100000000        0x0
 .iplt          0x0000000100000000        0x0 Output/Release/Obj/adafruit_tag_reader_pca10040/main.o
                0x0000000000000001                . = ASSERT (((__text_start__ == __text_end__) || ((__text_end__ - __FLASH1_segment_start__) <= __FLASH1_segment_size__)), error: .text is too large to fit in FLASH1 memory segment)
                0x0000000000006af4                __log_const_data_load_start__ = ALIGN (__text_end__, 0x4)

.log_const_data
                0x0000000000006af4       0x90
                0x0000000000006af4                __log_const_data_start__ = .
                0x0000000000006af4                __start_log_const_data = __log_const_data_start__
 *(SORT_BY_NAME(.log_const_data*))
 .log_const_data_GPIOTE
                0x0000000000006af4        0x8 Output/Release/Obj/adafruit_tag_reader_pca10040/nrfx_gpiote.o
                0x0000000000006af4                m_nrf_log_GPIOTE_logs_data_const
 .log_const_data_PRS
                0x0000000000006afc        0x8 Output/Release/Obj/adafruit_tag_reader_pca10040/nrfx_prs.o
                0x0000000000006afc                m_nrf_log_PRS_logs_data_const
 .log_const_data_TWI
                0x0000000000006b04        0x8 Output/Release/Obj/adafruit_tag_reader_pca10040/nrfx_twi.o
                0x0000000000006b04                m_nrf_log_TWI_logs_data_const
 .log_const_data_UART
                0x0000000000006b0c        0x8 Output/Release/Obj/adafruit_tag_reader_pca10040/nrfx_uart.o
                0x0000000000006b0c                m_nrf_log_UART_logs_data_const
 .log_const_data_UARTE
                0x0000000000006b14        0x8 Output/Release/Obj/adafruit_tag_reader_pca10040/nrfx_uarte.o
                0x0000000000006b14                m_nrf_log_UARTE_logs_data_const
 .log_const_data_adafruit_pn532
                0x0000000000006b1c        0x8 Output/Release/Obj/adafruit_tag_reader_pca10040/adafruit_pn532.o
                0x0000000000006b1c                m_nrf_log_adafruit_pn532_logs_data_const
 .log_const_data_app
                0x0000000000006b24        0x8 Output/Release/Obj/adafruit_tag_reader_pca10040/nrf_log_frontend.o
                0x0000000000006b24                m_nrf_log_app_logs_data_const
 .log_const_data_app_button
                0x0000000000006b2c        0x8 Output/Release/Obj/adafruit_tag_reader_pca10040/app_button.o
                0x0000000000006b2c                m_nrf_log_app_button_logs_data_const
 .log_const_data_app_timer
                0x0000000000006b34        0x8 Output/Release/Obj/adafruit_tag_reader_pca10040/app_timer2.o
                0x0000000000006b34                m_nrf_log_app_timer_logs_data_const
 .log_const_data_hardfault
                0x0000000000006b3c        0x8 Output/Release/Obj/adafruit_tag_reader_pca10040/hardfault_implementation.o
                0x0000000000006b3c                m_nrf_log_hardfault_logs_data_const
 .log_const_data_nfc_ndef_msg_parser
                0x0000000000006b44        0x8 Output/Release/Obj/adafruit_tag_reader_pca10040/nfc_ndef_msg_parser.o
                0x0000000000006b44                m_nrf_log_nfc_ndef_msg_parser_logs_data_const
 .log_const_data_nfc_ndef_parser
                0x0000000000006b4c        0x8 Output/Release/Obj/adafruit_tag_reader_pca10040/nfc_ndef_record_parser.o
                0x0000000000006b4c                m_nrf_log_nfc_ndef_parser_logs_data_const
 .log_const_data_nfc_t2t_parser
                0x0000000000006b54        0x8 Output/Release/Obj/adafruit_tag_reader_pca10040/nfc_t2t_parser.o
                0x0000000000006b54                m_nrf_log_nfc_t2t_parser_logs_data_const
 .log_const_data_nfc_t4t_apdu
                0x0000000000006b5c        0x8 Output/Release/Obj/adafruit_tag_reader_pca10040/nfc_t4t_apdu.o
                0x0000000000006b5c                m_nrf_log_nfc_t4t_apdu_logs_data_const
 .log_const_data_nfc_t4t_cc_file_parser
                0x0000000000006b64        0x8 Output/Release/Obj/adafruit_tag_reader_pca10040/nfc_t4t_cc_file.o
                0x0000000000006b64                m_nrf_log_nfc_t4t_cc_file_parser_logs_data_const
 .log_const_data_nfc_t4t_hl_detection_procedures
                0x0000000000006b6c        0x8 Output/Release/Obj/adafruit_tag_reader_pca10040/nfc_t4t_hl_detection_procedures.o
                0x0000000000006b6c                m_nrf_log_nfc_t4t_hl_detection_procedures_logs_data_const
 .log_const_data_nfc_t4t_tlv_block_parser
                0x0000000000006b74        0x8 Output/Release/Obj/adafruit_tag_reader_pca10040/nfc_t4t_tlv_block.o
                0x0000000000006b74                m_nrf_log_nfc_t4t_tlv_block_parser_logs_data_const
 .log_const_data_sortlist
                0x0000000000006b7c        0x8 Output/Release/Obj/adafruit_tag_reader_pca10040/nrf_sortlist.o
                0x0000000000006b7c                m_nrf_log_sortlist_logs_data_const
                0x0000000000006b84                __log_const_data_end__ = (__log_const_data_start__ + SIZEOF (.log_const_data))
                0x0000000000000090                __log_const_data_size__ = SIZEOF (.log_const_data)
                0x0000000000006b84                __stop_log_const_data = __log_const_data_end__
                0x0000000000006b84                __log_const_data_load_end__ = __log_const_data_end__
                0x0000000000000001                . = ASSERT (((__log_const_data_start__ == __log_const_data_end__) || ((__log_const_data_end__ - __FLASH1_segment_start__) <= __FLASH1_segment_size__)), error: .log_const_data is too large to fit in FLASH1 memory segment)
                0x0000000000006b84                __log_backends_load_start__ = ALIGN (__log_const_data_end__, 0x4)

.log_backends   0x0000000000006b84       0x10
                0x0000000000006b84                __log_backends_start__ = .
                0x0000000000006b84                __start_log_backends = __log_backends_start__
 *(SORT_BY_NAME(.log_backends*))
 .log_backends  0x0000000000006b84       0x10 Output/Release/Obj/adafruit_tag_reader_pca10040/nrf_log_default_backends.o
                0x0000000000006b94                __log_backends_end__ = (__log_backends_start__ + SIZEOF (.log_backends))
                0x0000000000000010                __log_backends_size__ = SIZEOF (.log_backends)
                0x0000000000006b94                __stop_log_backends = __log_backends_end__
                0x0000000000006b94                __log_backends_load_end__ = __log_backends_end__
                0x0000000000000001                . = ASSERT (((__log_backends_start__ == __log_backends_end__) || ((__log_backends_end__ - __FLASH1_segment_start__) <= __FLASH1_segment_size__)), error: .log_backends is too large to fit in FLASH1 memory segment)
                0x0000000000006b94                __nrf_balloc_load_start__ = ALIGN (__log_backends_end__, 0x4)

.nrf_balloc     0x0000000000006b94       0x14
                0x0000000000006b94                __nrf_balloc_start__ = .
                0x0000000000006b94                __start_nrf_balloc = __nrf_balloc_start__
 *(.nrf_balloc*)
 .nrf_balloc    0x0000000000006b94       0x14 Output/Release/Obj/adafruit_tag_reader_pca10040/nrf_log_frontend.o
                0x0000000000006b94                log_mempool
                0x0000000000006ba8                __nrf_balloc_end__ = (__nrf_balloc_start__ + SIZEOF (.nrf_balloc))
                0x0000000000000014                __nrf_balloc_size__ = SIZEOF (.nrf_balloc)
                0x0000000000006ba8                __stop_nrf_balloc = __nrf_balloc_end__
                0x0000000000006ba8                __nrf_balloc_load_end__ = __nrf_balloc_end__
                0x0000000000000001                . = ASSERT (((__nrf_balloc_start__ == __nrf_balloc_end__) || ((__nrf_balloc_end__ - __FLASH1_segment_start__) <= __FLASH1_segment_size__)), error: .nrf_balloc is too large to fit in FLASH1 memory segment)
                0x0000000000006ba8                __nrf_sections_load_start__ = ALIGN (__nrf_balloc_end__, 0x4)

.nrf_sections   0x0000000000006ba8        0x0
                0x0000000000006ba8                __nrf_sections_start__ = .
                0x0000000000006ba8                __start_nrf_sections = __nrf_sections_start__
 *(.nrf_sections .nrf_sections.*)
                0x0000000000006ba8                __nrf_sections_end__ = (__nrf_sections_start__ + SIZEOF (.nrf_sections))
                0x0000000000000000                __nrf_sections_size__ = SIZEOF (.nrf_sections)
                0x0000000000006ba8                __nrf_sections_load_end__ = __nrf_sections_end__
                0x0000000000000001                . = ASSERT (((__nrf_sections_start__ == __nrf_sections_end__) || ((__nrf_sections_end__ - __FLASH1_segment_start__) <= __FLASH1_segment_size__)), error: .nrf_sections is too large to fit in FLASH1 memory segment)
                0x0000000000006ba8                __log_dynamic_data_load_start__ = ALIGN (__nrf_sections_end__, 0x4)

.log_dynamic_data
                0x0000000020000000        0x0 load address 0x0000000000006ba8
                0x0000000020000000                __log_dynamic_data_start__ = .
 *(SORT_BY_NAME(.log_dynamic_data*))
                0x0000000020000000                __log_dynamic_data_end__ = (__log_dynamic_data_start__ + SIZEOF (.log_dynamic_data))
                0x0000000000000000                __log_dynamic_data_size__ = SIZEOF (.log_dynamic_data)
                0x0000000000006ba8                __log_dynamic_data_load_end__ = (__log_dynamic_data_load_start__ + SIZEOF (.log_dynamic_data))
                0x0000000000000001                . = ASSERT (((__log_dynamic_data_load_start__ == __log_dynamic_data_load_end__) || ((__log_dynamic_data_load_end__ - __FLASH1_segment_start__) <= __FLASH1_segment_size__)), error: .log_dynamic_data is too large to fit in FLASH1 memory segment)

.log_dynamic_data_run
                0x0000000020000000        0x0
                0x0000000020000000                __log_dynamic_data_run_start__ = .
                0x0000000020000000                __start_log_dynamic_data = __log_dynamic_data_run_start__
                0x0000000020000000                __log_dynamic_data_run_end__ = (__log_dynamic_data_run_start__ + SIZEOF (.log_dynamic_data))
                0x0000000000000000                __log_dynamic_data_run_size__ = (__log_dynamic_data_run_end__ - __log_dynamic_data_run_start__)
                0x0000000020000000                __stop_log_dynamic_data = __log_dynamic_data_run_end__
                0x0000000020000000                __log_dynamic_data_run_load_end__ = __log_dynamic_data_run_end__
                0x0000000000000001                . = ASSERT (((__log_dynamic_data_run_start__ == __log_dynamic_data_run_end__) || ((__log_dynamic_data_run_end__ - __RAM1_segment_start__) <= __RAM1_segment_size__)), error: .log_dynamic_data_run is too large to fit in RAM1 memory segment)
                0x0000000000006ba8                __log_filter_data_load_start__ = ALIGN ((__log_dynamic_data_load_start__ + SIZEOF (.log_dynamic_data)), 0x4)

.log_filter_data
                0x0000000020000000        0x0 load address 0x0000000000006ba8
                0x0000000020000000                __log_filter_data_start__ = .
 *(SORT_BY_NAME(.log_filter_data*))
                0x0000000020000000                __log_filter_data_end__ = (__log_filter_data_start__ + SIZEOF (.log_filter_data))
                0x0000000000000000                __log_filter_data_size__ = SIZEOF (.log_filter_data)
                0x0000000000006ba8                __log_filter_data_load_end__ = (__log_filter_data_load_start__ + SIZEOF (.log_filter_data))
                0x0000000000000001                . = ASSERT (((__log_filter_data_load_start__ == __log_filter_data_load_end__) || ((__log_filter_data_load_end__ - __FLASH1_segment_start__) <= __FLASH1_segment_size__)), error: .log_filter_data is too large to fit in FLASH1 memory segment)

.log_filter_data_run
                0x0000000020000000        0x0
                0x0000000020000000                __log_filter_data_run_start__ = .
                0x0000000020000000                __start_log_filter_data = __log_filter_data_run_start__
                0x0000000020000000                __log_filter_data_run_end__ = (__log_filter_data_run_start__ + SIZEOF (.log_filter_data))
                0x0000000000000000                __log_filter_data_run_size__ = (__log_filter_data_run_end__ - __log_filter_data_run_start__)
                0x0000000020000000                __stop_log_filter_data = __log_filter_data_run_end__
                0x0000000020000000                __log_filter_data_run_load_end__ = __log_filter_data_run_end__
                0x0000000000000001                . = ASSERT (((__log_filter_data_run_start__ == __log_filter_data_run_end__) || ((__log_filter_data_run_end__ - __RAM1_segment_start__) <= __RAM1_segment_size__)), error: .log_filter_data_run is too large to fit in RAM1 memory segment)
                0x0000000020000000                __nrf_sections_run_end_load_start__ = ALIGN (__log_filter_data_run_end__, 0x4)

.nrf_sections_run_end
                0x0000000020000000        0x0
                0x0000000020000000                __nrf_sections_run_end_start__ = .
                0x0000000020000000                __end_nrf_sections_run = __nrf_sections_run_end_start__
 *(.nrf_sections_run_end .nrf_sections_run_end.*)
                0x0000000020000000                __nrf_sections_run_end_end__ = (__nrf_sections_run_end_start__ + SIZEOF (.nrf_sections_run_end))
                0x0000000000000000                __nrf_sections_run_end_size__ = SIZEOF (.nrf_sections_run_end)
                0x0000000020000000                __nrf_sections_run_end_load_end__ = __nrf_sections_run_end_end__
                0x0000000000000001                . = ASSERT (((__nrf_sections_run_end_start__ == __nrf_sections_run_end_end__) || ((__nrf_sections_run_end_end__ - __RAM1_segment_start__) <= __RAM1_segment_size__)), error: .nrf_sections_run_end is too large to fit in RAM1 memory segment)
                0x0000000000006ba8                __dtors_load_start__ = ALIGN ((__log_filter_data_load_start__ + SIZEOF (.log_filter_data)), 0x4)

.dtors          0x0000000000006ba8        0x0
                0x0000000000006ba8                __dtors_start__ = .
 *(SORT_BY_NAME(.dtors.*))
 *(.dtors)
 *(.fini_array)
 *(SORT_BY_NAME(.fini_array.*))
                0x0000000000006ba8                __dtors_end__ = (__dtors_start__ + SIZEOF (.dtors))
                0x0000000000000000                __dtors_size__ = SIZEOF (.dtors)
                0x0000000000006ba8                __dtors_load_end__ = __dtors_end__
                0x0000000000000001                . = ASSERT (((__dtors_start__ == __dtors_end__) || ((__dtors_end__ - __FLASH1_segment_start__) <= __FLASH1_segment_size__)), error: .dtors is too large to fit in FLASH1 memory segment)
                0x0000000000006ba8                __ctors_load_start__ = ALIGN (__dtors_end__, 0x4)

.ctors          0x0000000000006ba8        0x0
                0x0000000000006ba8                __ctors_start__ = .
 *(SORT_BY_NAME(.ctors.*))
 *(.ctors)
 *(.init_array)
 *(SORT_BY_NAME(.init_array.*))
                0x0000000000006ba8                __ctors_end__ = (__ctors_start__ + SIZEOF (.ctors))
                0x0000000000000000                __ctors_size__ = SIZEOF (.ctors)
                0x0000000000006ba8                __ctors_load_end__ = __ctors_end__
                0x0000000000000001                . = ASSERT (((__ctors_start__ == __ctors_end__) || ((__ctors_end__ - __FLASH1_segment_start__) <= __FLASH1_segment_size__)), error: .ctors is too large to fit in FLASH1 memory segment)
                0x0000000000006ba8                __rodata_load_start__ = ALIGN (__ctors_end__, 0x4)

.rodata         0x0000000000006ba8     0x2434
                0x0000000000006ba8                __rodata_start__ = .
 *(.rodata .rodata.* .gnu.linkonce.r.*)
 .rodata.update_display_counter.str1.1
                0x0000000000006ba8        0x0 Output/Release/Obj/adafruit_tag_reader_pca10040/main.o
                                          0x3 (size before relaxing)
 .rodata.timer_handler.str1.1
                0x0000000000006ba8       0x15 Output/Release/Obj/adafruit_tag_reader_pca10040/main.o
 .rodata.button_event_handler.str1.1
                0x0000000000006bbd      0x160 Output/Release/Obj/adafruit_tag_reader_pca10040/main.o
 .rodata.utils_setup.str1.1
                0x0000000000006d1d       0x40 Output/Release/Obj/adafruit_tag_reader_pca10040/main.o
 .rodata.ndef_data_analyze.str1.1
                0x0000000000006d5d       0x25 Output/Release/Obj/adafruit_tag_reader_pca10040/main.o
 .rodata.t2t_data_read.str1.1
                0x0000000000006d82       0x1d Output/Release/Obj/adafruit_tag_reader_pca10040/main.o
 .rodata.t2t_data_analyze.str1.1
                0x0000000000006d9f       0x7f Output/Release/Obj/adafruit_tag_reader_pca10040/main.o
 .rodata.t4t_data_read_and_analyze.str1.1
                0x0000000000006e1e       0xdf Output/Release/Obj/adafruit_tag_reader_pca10040/main.o
 .rodata.i2c_init.str1.1
                0x0000000000006efd       0x34 Output/Release/Obj/adafruit_tag_reader_pca10040/main.o
 .rodata.tag_detect_and_read.str1.1
                0x0000000000006f31       0x9b Output/Release/Obj/adafruit_tag_reader_pca10040/main.o
 .rodata.main.str1.1
                0x0000000000006fcc      0x127 Output/Release/Obj/adafruit_tag_reader_pca10040/main.o
 *fill*         0x00000000000070f3        0x1 
 .rodata        0x00000000000070f4       0x10 Output/Release/Obj/adafruit_tag_reader_pca10040/main.o
 *fill*         0x0000000000007104        0xc 
 .rodata.delay_machine_code.0
                0x0000000000007110        0x6 Output/Release/Obj/adafruit_tag_reader_pca10040/main.o
 *fill*         0x0000000000007116        0x2 
 .rodata.m_timer
                0x0000000000007118        0x4 Output/Release/Obj/adafruit_tag_reader_pca10040/main.o
 .rodata.CSWTCH.15
                0x000000000000711c        0x5 Output/Release/Obj/adafruit_tag_reader_pca10040/system_nrf52.o
 .rodata.CSWTCH.19
                0x0000000000007121        0x5 Output/Release/Obj/adafruit_tag_reader_pca10040/system_nrf52.o
 .rodata.CSWTCH.21
                0x0000000000007126        0x5 Output/Release/Obj/adafruit_tag_reader_pca10040/system_nrf52.o
 .rodata.CSWTCH.5
                0x000000000000712b        0x5 Output/Release/Obj/adafruit_tag_reader_pca10040/system_nrf52.o
 .rodata.ssd1306_command.str1.1
                0x0000000000007130       0x75 Output/Release/Obj/adafruit_tag_reader_pca10040/ssd1306_oled.o
 .rodata.ssd1306_display.str1.1
                0x00000000000071a5       0x24 Output/Release/Obj/adafruit_tag_reader_pca10040/ssd1306_oled.o
 *fill*         0x00000000000071c9        0x7 
 .rodata.delay_machine_code.4
                0x00000000000071d0        0x6 Output/Release/Obj/adafruit_tag_reader_pca10040/ssd1306_oled.o
 .rodata.font   0x00000000000071d6      0x4fb Output/Release/Obj/adafruit_tag_reader_pca10040/ssd1306_oled.o
 .rodata.postmask.0
                0x00000000000076d1        0x8 Output/Release/Obj/adafruit_tag_reader_pca10040/ssd1306_oled.o
 .rodata.premask.1
                0x00000000000076d9        0x8 Output/Release/Obj/adafruit_tag_reader_pca10040/ssd1306_oled.o
 *fill*         0x00000000000076e1        0xf 
 .rodata.delay_machine_code.0
                0x00000000000076f0        0x6 Output/Release/Obj/adafruit_tag_reader_pca10040/nrf_drv_twi.o
 .rodata.str1.1
                0x00000000000076f6        0x7 Output/Release/Obj/adafruit_tag_reader_pca10040/nrfx_gpiote.o
 .rodata.str1.1
                0x00000000000076fd        0x4 Output/Release/Obj/adafruit_tag_reader_pca10040/nrfx_prs.o
 .rodata.str1.1
                0x0000000000007701        0x4 Output/Release/Obj/adafruit_tag_reader_pca10040/nrfx_twi.o
 .rodata.str1.1
                0x0000000000007705        0x5 Output/Release/Obj/adafruit_tag_reader_pca10040/nrfx_uart.o
 .rodata.str1.1
                0x000000000000770a        0x6 Output/Release/Obj/adafruit_tag_reader_pca10040/nrfx_uarte.o
 .rodata.str1.1
                0x0000000000007710        0xb Output/Release/Obj/adafruit_tag_reader_pca10040/app_button.o
 *fill*         0x000000000000771b        0x1 
 .rodata.m_detection_delay_timer_id
                0x000000000000771c        0x4 Output/Release/Obj/adafruit_tag_reader_pca10040/app_button.o
 .rodata.app_error_fault_handler.str1.1
                0x0000000000007720       0x6c Output/Release/Obj/adafruit_tag_reader_pca10040/app_error_weak.o
 .rodata.str1.1
                0x000000000000778c        0xa Output/Release/Obj/adafruit_tag_reader_pca10040/app_timer2.o
 .rodata        0x0000000000007796        0x4 Output/Release/Obj/adafruit_tag_reader_pca10040/app_timer2.o
 *fill*         0x000000000000779a        0x2 
 .rodata.m_app_timer_sortlist
                0x000000000000779c        0xc Output/Release/Obj/adafruit_tag_reader_pca10040/app_timer2.o
 .rodata.drv_rtc_init.str1.1
                0x00000000000077a8       0x34 Output/Release/Obj/adafruit_tag_reader_pca10040/drv_rtc.o
 *fill*         0x00000000000077dc        0x4 
 .rodata.delay_machine_code.0
                0x00000000000077e0        0x6 Output/Release/Obj/adafruit_tag_reader_pca10040/drv_rtc.o
 .rodata.HardFault_c_handler.str1.1
                0x00000000000077e6      0x12e Output/Release/Obj/adafruit_tag_reader_pca10040/hardfault_implementation.o
 .rodata.str1.1
                0x0000000000007914      0x4c0 Output/Release/Obj/adafruit_tag_reader_pca10040/hardfault_implementation.o
 .rodata.cfsr_msgs.0
                0x0000000000007dd4       0x68 Output/Release/Obj/adafruit_tag_reader_pca10040/hardfault_implementation.o
 .rodata._aV2C.0
                0x0000000000007e3c       0x10 Output/Release/Obj/adafruit_tag_reader_pca10040/nrf_fprintf_format.o
 .rodata.str1.1
                0x0000000000007e4c        0x9 Output/Release/Obj/adafruit_tag_reader_pca10040/nrf_sortlist.o
 .rodata.str1.1
                0x0000000000007e55      0x37d Output/Release/Obj/adafruit_tag_reader_pca10040/nrf_strerror.o
                                        0x391 (size before relaxing)
 .rodata.m_unknown_str
                0x00000000000081d2       0x13 Output/Release/Obj/adafruit_tag_reader_pca10040/nrf_strerror.o
 *fill*         0x00000000000081e5        0x3 
 .rodata.nrf_strerror_array
                0x00000000000081e8      0x118 Output/Release/Obj/adafruit_tag_reader_pca10040/nrf_strerror.o
 .rodata.uart_init.str1.1
                0x0000000000008300       0x8c Output/Release/Obj/adafruit_tag_reader_pca10040/nrf_log_backend_uart.o
 .rodata        0x000000000000838c       0x20 Output/Release/Obj/adafruit_tag_reader_pca10040/nrf_log_backend_uart.o
 .rodata.nrf_log_backend_uart_api
                0x00000000000083ac        0xc Output/Release/Obj/adafruit_tag_reader_pca10040/nrf_log_backend_uart.o
                0x00000000000083ac                nrf_log_backend_uart_api
 .rodata.str1.1
                0x00000000000083b8       0x11 Output/Release/Obj/adafruit_tag_reader_pca10040/nrf_log_default_backends.o
 .rodata.nrf_log_frontend_dequeue.str1.1
                0x00000000000083c9       0x11 Output/Release/Obj/adafruit_tag_reader_pca10040/nrf_log_frontend.o
 .rodata.str1.1
                0x00000000000083da        0x4 Output/Release/Obj/adafruit_tag_reader_pca10040/nrf_log_frontend.o
 *fill*         0x00000000000083de        0x2 
 .rodata.m_log_push_ringbuf
                0x00000000000083e0        0xc Output/Release/Obj/adafruit_tag_reader_pca10040/nrf_log_frontend.o
 .rodata.postfix_process.str1.1
                0x00000000000083ec        0x5 Output/Release/Obj/adafruit_tag_reader_pca10040/nrf_log_str_formatter.o
                                          0xb (size before relaxing)
 .rodata.prefix_process.constprop.0.str1.1
                0x00000000000083f1       0x2a Output/Release/Obj/adafruit_tag_reader_pca10040/nrf_log_str_formatter.o
 .rodata.nrf_log_hexdump_entry_process.str1.1
                0x000000000000841b        0xf Output/Release/Obj/adafruit_tag_reader_pca10040/nrf_log_str_formatter.o
                                         0x11 (size before relaxing)
 .rodata.str1.1
                0x000000000000842a       0x4b Output/Release/Obj/adafruit_tag_reader_pca10040/nrf_log_str_formatter.o
                                         0x51 (size before relaxing)
 *fill*         0x0000000000008475        0x3 
 .rodata.m_colors
                0x0000000000008478       0x24 Output/Release/Obj/adafruit_tag_reader_pca10040/nrf_log_str_formatter.o
 .rodata.severity_names
                0x000000000000849c       0x14 Output/Release/Obj/adafruit_tag_reader_pca10040/nrf_log_str_formatter.o
 .rodata.ndef_msg_printout.str1.1
                0x00000000000084b0       0x23 Output/Release/Obj/adafruit_tag_reader_pca10040/nfc_ndef_msg_parser.o
 .rodata.str1.1
                0x00000000000084d3       0x14 Output/Release/Obj/adafruit_tag_reader_pca10040/nfc_ndef_msg_parser.o
 .rodata.ndef_record_printout.str1.1
                0x00000000000084e7       0x4a Output/Release/Obj/adafruit_tag_reader_pca10040/nfc_ndef_record_parser.o
                                         0x4e (size before relaxing)
 .rodata.str1.1
                0x0000000000008531       0x9b Output/Release/Obj/adafruit_tag_reader_pca10040/nfc_ndef_record_parser.o
 .rodata.tnf_strings
                0x00000000000085cc       0x20 Output/Release/Obj/adafruit_tag_reader_pca10040/nfc_ndef_record_parser.o
                0x00000000000085cc                tnf_strings
 .rodata.type_2_tag_parse.str1.1
                0x00000000000085ec       0x6b Output/Release/Obj/adafruit_tag_reader_pca10040/nfc_t2t_parser.o
 .rodata.type_2_tag_printout.str1.1
                0x0000000000008657       0x9c Output/Release/Obj/adafruit_tag_reader_pca10040/nfc_t2t_parser.o
                                         0xa4 (size before relaxing)
 .rodata.str1.1
                0x00000000000086f3        0xf Output/Release/Obj/adafruit_tag_reader_pca10040/nfc_t2t_parser.o
 .rodata.nfc_t4t_resp_apdu_printout.str1.1
                0x0000000000008702       0x40 Output/Release/Obj/adafruit_tag_reader_pca10040/nfc_t4t_apdu.o
 .rodata.str1.1
                0x0000000000008742        0xd Output/Release/Obj/adafruit_tag_reader_pca10040/nfc_t4t_apdu.o
 .rodata.nfc_t4t_cc_file_printout.str1.1
                0x000000000000874f       0x9a Output/Release/Obj/adafruit_tag_reader_pca10040/nfc_t4t_cc_file.o
 .rodata.str1.1
                0x00000000000087e9       0x17 Output/Release/Obj/adafruit_tag_reader_pca10040/nfc_t4t_cc_file.o
 .rodata.nfc_t4t_ndef_tag_app_select.str1.1
                0x0000000000008800       0x27 Output/Release/Obj/adafruit_tag_reader_pca10040/nfc_t4t_hl_detection_procedures.o
                                         0x2a (size before relaxing)
 .rodata.nfc_t4t_file_select.str1.1
                0x0000000000008827       0x22 Output/Release/Obj/adafruit_tag_reader_pca10040/nfc_t4t_hl_detection_procedures.o
 .rodata.nfc_t4t_cc_select.str1.1
                0x0000000000008849       0x27 Output/Release/Obj/adafruit_tag_reader_pca10040/nfc_t4t_hl_detection_procedures.o
 .rodata.nfc_t4t_cc_read.str1.1
                0x0000000000008870       0x25 Output/Release/Obj/adafruit_tag_reader_pca10040/nfc_t4t_hl_detection_procedures.o
 .rodata.nfc_t4t_ndef_read.str1.1
                0x0000000000008895       0x15 Output/Release/Obj/adafruit_tag_reader_pca10040/nfc_t4t_hl_detection_procedures.o
 .rodata.str1.1
                0x00000000000088aa       0x20 Output/Release/Obj/adafruit_tag_reader_pca10040/nfc_t4t_hl_detection_procedures.o
 .rodata.m_nfc_t4t_select_ndef_app_data
                0x00000000000088ca        0x7 Output/Release/Obj/adafruit_tag_reader_pca10040/nfc_t4t_hl_detection_procedures.o
 .rodata.nfc_t4t_file_control_tlv_printout.str1.1
                0x00000000000088d1      0x16c Output/Release/Obj/adafruit_tag_reader_pca10040/nfc_t4t_tlv_block.o
 .rodata.str1.1
                0x0000000000008a3d       0x19 Output/Release/Obj/adafruit_tag_reader_pca10040/nfc_t4t_tlv_block.o
 .rodata._DoInit.str1.1
                0x0000000000008a56       0x14 Output/Release/Obj/adafruit_tag_reader_pca10040/SEGGER_RTT.o
 .rodata.adafruit_pn532_tag_info_printout.str1.1
                0x0000000000008a6a       0xa0 Output/Release/Obj/adafruit_tag_reader_pca10040/adafruit_pn532.o
                                         0xaa (size before relaxing)
 .rodata.adafruit_pn532_cmd_send.str1.1
                0x0000000000008b0a       0x54 Output/Release/Obj/adafruit_tag_reader_pca10040/adafruit_pn532.o
 .rodata.adafruit_pn532_firmware_version_get.str1.1
                0x0000000000008b5e       0x7c Output/Release/Obj/adafruit_tag_reader_pca10040/adafruit_pn532.o
 .rodata.adafruit_pn532_init.str1.1